Archive member included because of file (symbol)

.\CortexM0\ARM_GCC_484\Debug\PSoC_Master.a(cyfitter_cfg.o)
                              .\CortexM0\ARM_GCC_484\Debug\Cm0Start.o (cyfitter_cfg)
.\CortexM0\ARM_GCC_484\Debug\PSoC_Master.a(timer_ISR.o)
                              .\CortexM0\ARM_GCC_484\Debug\PSoC_Master_Class.o (timer_ISR_StartEx)
.\CortexM0\ARM_GCC_484\Debug\PSoC_Master.a(Timer.o)
                              .\CortexM0\ARM_GCC_484\Debug\PSoC_Master_Class.o (Timer_Start)
.\CortexM0\ARM_GCC_484\Debug\PSoC_Master.a(RedLED.o)
                              .\CortexM0\ARM_GCC_484\Debug\PSoC_Master_Class.o (RedLED_Write)
.\CortexM0\ARM_GCC_484\Debug\PSoC_Master.a(UART.o)
                              .\CortexM0\ARM_GCC_484\Debug\PSoC_Master_Class.o (UART_Start)
.\CortexM0\ARM_GCC_484\Debug\PSoC_Master.a(UART_SPI_UART.o)
                              .\CortexM0\ARM_GCC_484\Debug\DSP_Class.o (UART_SpiUartWriteTxData)
.\CortexM0\ARM_GCC_484\Debug\PSoC_Master.a(UART_UART.o)
                              .\CortexM0\ARM_GCC_484\Debug\PSoC_Master.a(UART.o) (UART_UartInit)
.\CortexM0\ARM_GCC_484\Debug\PSoC_Master.a(UART_ISR.o)
                              .\CortexM0\ARM_GCC_484\Debug\PSoC_Master_Class.o (UART_ISR_StartEx)
.\CortexM0\ARM_GCC_484\Debug\PSoC_Master.a(I2C.o)
                              .\CortexM0\ARM_GCC_484\Debug\I2C_Class.o (I2C_Start)
.\CortexM0\ARM_GCC_484\Debug\PSoC_Master.a(I2C_I2C.o)
                              .\CortexM0\ARM_GCC_484\Debug\PSoC_Master.a(I2C.o) (I2C_I2CInit)
.\CortexM0\ARM_GCC_484\Debug\PSoC_Master.a(I2C_I2C_MASTER.o)
                              .\CortexM0\ARM_GCC_484\Debug\PSoC_Master.a(I2C_I2C.o) (I2C_mstrStatus)
.\CortexM0\ARM_GCC_484\Debug\PSoC_Master.a(I2C_sda.o)
                              .\CortexM0\ARM_GCC_484\Debug\PSoC_Master.a(I2C_I2C_MASTER.o) (I2C_sda_Read)
.\CortexM0\ARM_GCC_484\Debug\PSoC_Master.a(I2C_scl.o)
                              .\CortexM0\ARM_GCC_484\Debug\PSoC_Master.a(I2C_I2C_MASTER.o) (I2C_scl_Write)
.\CortexM0\ARM_GCC_484\Debug\PSoC_Master.a(CyBootAsmGnu.o)
                              .\CortexM0\ARM_GCC_484\Debug\PSoC_Master.a(cyfitter_cfg.o) (CyDelayCycles)
.\CortexM0\ARM_GCC_484\Debug\PSoC_Master.a(CyLib.o)
                              .\CortexM0\ARM_GCC_484\Debug\PSoC_Master.a(cyfitter_cfg.o) (CyDelayUs)
.\CortexM0\ARM_GCC_484\Debug\PSoC_Master.a(BlueLED.o)
                              .\CortexM0\ARM_GCC_484\Debug\PSoC_Master_Class.o (BlueLED_Write)
.\CortexM0\ARM_GCC_484\Debug\PSoC_Master.a(I2C_I2C_INT.o)
                              .\CortexM0\ARM_GCC_484\Debug\PSoC_Master.a(I2C_I2C.o) (I2C_I2C_ISR)
c:/program files (x86)/cypress/psoc creator/3.1/psoc creator/import/gnu_cs/arm/4.8.4/bin/../lib/gcc/arm-none-eabi/4.8.4/armv6-m\libgcc.a(_udivsi3.o)
                              .\CortexM0\ARM_GCC_484\Debug\PSoC_Master.a(CyLib.o) (__aeabi_uidiv)
c:/program files (x86)/cypress/psoc creator/3.1/psoc creator/import/gnu_cs/arm/4.8.4/bin/../lib/gcc/arm-none-eabi/4.8.4/armv6-m\libgcc.a(_divsi3.o)
                              .\CortexM0\ARM_GCC_484\Debug\DSP_Class.o (__aeabi_idiv)
c:/program files (x86)/cypress/psoc creator/3.1/psoc creator/import/gnu_cs/arm/4.8.4/bin/../lib/gcc/arm-none-eabi/4.8.4/armv6-m\libgcc.a(_dvmd_tls.o)
                              c:/program files (x86)/cypress/psoc creator/3.1/psoc creator/import/gnu_cs/arm/4.8.4/bin/../lib/gcc/arm-none-eabi/4.8.4/armv6-m\libgcc.a(_udivsi3.o) (__aeabi_idiv0)
c:/program files (x86)/cypress/psoc creator/3.1/psoc creator/import/gnu_cs/arm/4.8.4/bin/../lib/gcc/arm-none-eabi/4.8.4/armv6-m\libgcc.a(_arm_cmpsf2.o)
                              .\CortexM0\ARM_GCC_484\Debug\DSP_Class.o (__aeabi_fcmplt)
c:/program files (x86)/cypress/psoc creator/3.1/psoc creator/import/gnu_cs/arm/4.8.4/bin/../lib/gcc/arm-none-eabi/4.8.4/armv6-m\libgcc.a(_aeabi_ldivmod.o)
                              .\CortexM0\ARM_GCC_484\Debug\DSP_Class.o (__aeabi_ldivmod)
c:/program files (x86)/cypress/psoc creator/3.1/psoc creator/import/gnu_cs/arm/4.8.4/bin/../lib/gcc/arm-none-eabi/4.8.4/armv6-m\libgcc.a(_fixunssfsi.o)
                              .\CortexM0\ARM_GCC_484\Debug\DSP_Class.o (__aeabi_f2uiz)
c:/program files (x86)/cypress/psoc creator/3.1/psoc creator/import/gnu_cs/arm/4.8.4/bin/../lib/gcc/arm-none-eabi/4.8.4/armv6-m\libgcc.a(_floatdisf.o)
                              .\CortexM0\ARM_GCC_484\Debug\DSP_Class.o (__aeabi_l2f)
c:/program files (x86)/cypress/psoc creator/3.1/psoc creator/import/gnu_cs/arm/4.8.4/bin/../lib/gcc/arm-none-eabi/4.8.4/armv6-m\libgcc.a(bpabi.o)
                              c:/program files (x86)/cypress/psoc creator/3.1/psoc creator/import/gnu_cs/arm/4.8.4/bin/../lib/gcc/arm-none-eabi/4.8.4/armv6-m\libgcc.a(_aeabi_ldivmod.o) (__gnu_ldivmod_helper)
c:/program files (x86)/cypress/psoc creator/3.1/psoc creator/import/gnu_cs/arm/4.8.4/bin/../lib/gcc/arm-none-eabi/4.8.4/armv6-m\libgcc.a(addsf3.o)
[...]
Memory Configuration

Name             Origin             Length             Attributes
rom              0x00000000         0x00008000         xr
ram              0x20000000         0x00001000         xrw
*default*        0x00000000         0xffffffff

Linker script and memory map

LOAD c:/program files (x86)/cypress/psoc creator/3.1/psoc creator/import/gnu_cs/arm/4.8.4/bin/../lib/gcc/arm-none-eabi/4.8.4/armv6-m/crti.o
LOAD c:/program files (x86)/cypress/psoc creator/3.1/psoc creator/import/gnu_cs/arm/4.8.4/bin/../lib/gcc/arm-none-eabi/4.8.4/armv6-m/crtbegin.o
LOAD c:/program files (x86)/cypress/psoc creator/3.1/psoc creator/import/gnu_cs/arm/4.8.4/bin/../lib/gcc/arm-none-eabi/4.8.4/../../../../arm-none-eabi/lib/armv6-m/crt0.o
START GROUP
LOAD .\CortexM0\ARM_GCC_484\Debug\main.o
LOAD .\CortexM0\ARM_GCC_484\Debug\DSP_Class.o
LOAD .\CortexM0\ARM_GCC_484\Debug\I2C_Class.o
LOAD .\CortexM0\ARM_GCC_484\Debug\PSoC_Master_Class.o
LOAD .\CortexM0\ARM_GCC_484\Debug\UART_Class.o
LOAD .\CortexM0\ARM_GCC_484\Debug\cymetadata.o
LOAD .\CortexM0\ARM_GCC_484\Debug\Cm0Start.o
LOAD .\CortexM0\ARM_GCC_484\Debug\PSoC_Master.a
LOAD C:\Program Files (x86)\Cypress\PSoC Creator\3.1\PSoC Creator\psoc\content\cycomponentlibrary\CyComponentLibrary.cylib\CortexM0\ARM_GCC_484\Debug\CyComponentLibrary.a
END GROUP
START GROUP
LOAD c:/program files (x86)/cypress/psoc creator/3.1/psoc creator/import/gnu_cs/arm/4.8.4/bin/../lib/gcc/arm-none-eabi/4.8.4/armv6-m\libgcc.a
LOAD c:/program files (x86)/cypress/psoc creator/3.1/psoc creator/import/gnu_cs/arm/4.8.4/bin/../lib/gcc/arm-none-eabi/4.8.4/../../../../arm-none-eabi/lib/armv6-m\libg_s.a
LOAD c:/program files (x86)/cypress/psoc creator/3.1/psoc creator/import/gnu_cs/arm/4.8.4/bin/../lib/gcc/arm-none-eabi/4.8.4/../../../../arm-none-eabi/lib/armv6-m\libc_s.a
END GROUP
START GROUP
LOAD c:/program files (x86)/cypress/psoc creator/3.1/psoc creator/import/gnu_cs/arm/4.8.4/bin/../lib/gcc/arm-none-eabi/4.8.4/armv6-m\libgcc.a
LOAD c:/program files (x86)/cypress/psoc creator/3.1/psoc creator/import/gnu_cs/arm/4.8.4/bin/../lib/gcc/arm-none-eabi/4.8.4/../../../../arm-none-eabi/lib/armv6-m\libc_s.a
END GROUP
LOAD c:/program files (x86)/cypress/psoc creator/3.1/psoc creator/import/gnu_cs/arm/4.8.4/bin/../lib/gcc/arm-none-eabi/4.8.4/armv6-m/crtend.o
LOAD c:/program files (x86)/cypress/psoc creator/3.1/psoc creator/import/gnu_cs/arm/4.8.4/bin/../lib/gcc/arm-none-eabi/4.8.4/armv6-m/crtn.o
START GROUP
LOAD c:/program files (x86)/cypress/psoc creator/3.1/psoc creator/import/gnu_cs/arm/4.8.4/bin/../lib/gcc/arm-none-eabi/4.8.4/armv6-m\libgcc.a
LOAD c:/program files (x86)/cypress/psoc creator/3.1/psoc creator/import/gnu_cs/arm/4.8.4/bin/../lib/gcc/arm-none-eabi/4.8.4/../../../../arm-none-eabi/lib/armv6-m\libc.a
LOAD c:/program files (x86)/cypress/psoc creator/3.1/psoc creator/import/gnu_cs/arm/4.8.4/bin/../lib/gcc/arm-none-eabi/4.8.4/../../../../arm-none-eabi/lib/armv6-m\libnosys.a
END GROUP
                0x00000000                CY_APPL_ORIGIN = 0x0
                0x00000080                CY_FLASH_ROW_SIZE = 0x80
                0x00000001                CY_APPL_NUM = 0x1
                0x00000040                CY_METADATA_SIZE = 0x40
                0x20000288                PROVIDE (__cy_heap_start, _end)
                0x00000001                PROVIDE (__cy_region_num, ((__cy_regions_end - __cy_regions) / 0x10))
                0x20001000                PROVIDE (__cy_stack, (ORIGIN (ram) + 0x1000))
                0x20000c00                PROVIDE (__cy_heap_end, (__cy_stack - 0x400))

.cybootloader   0x00000000        0x0
 *(.cybootloader)
                0x00000000                appl1_start = CY_APPL_ORIGIN?CY_APPL_ORIGIN:ALIGN (CY_FLASH_ROW_SIZE)
                0x00003f80                appl2_start = (appl1_start + ALIGN ((((0x8000 - appl1_start) - (0x2 * CY_FLASH_ROW_SIZE)) / 0x2), CY_FLASH_ROW_SIZE))
                0x00000000                appl_start = (CY_APPL_NUM == 0x1)?appl1_start:appl2_start

.text           0x00000000     0x4e64
 CREATE_OBJECT_SYMBOLS
                0x00000000                PROVIDE (__cy_interrupt_vector, RomVectors)
 *(.romvectors)
 .romvectors    0x00000000       0x10 .\CortexM0\ARM_GCC_484\Debug\Cm0Start.o
                0x00000000                RomVectors
                0x00000001                ASSERT ((. != __cy_interrupt_vector), No interrupt vector)
                0x00000001                ASSERT (CY_APPL_ORIGIN?(SIZEOF (.cybootloader) <= CY_APPL_ORIGIN):0x1, Wrong image location)
                0x00000010                PROVIDE (__cy_reset, Reset)
 *(.text.Reset)
 .text.Reset    0x00000010        0x8 .\CortexM0\ARM_GCC_484\Debug\Cm0Start.o
                0x00000010                Reset
                0x00000001                ASSERT ((. != __cy_reset), No reset code)
 *(.psocinit)
 .psocinit      0x00000018      0x2a4 .\CortexM0\ARM_GCC_484\Debug\PSoC_Master.a(cyfitter_cfg.o)
                0x00000178                cyfitter_cfg
                0x000002bc                . = MAX (., 0x100)
 *(.text .text.* .gnu.linkonce.t.*)
 .text          0x000002bc       0x60 c:/program files (x86)/cypress/psoc creator/3.1/psoc creator/import/gnu_cs/arm/4.8.4/bin/../lib/gcc/arm-none-eabi/4.8.4/armv6-m/crtbegin.o
 .text.main     0x0000031c       0x18 .\CortexM0\ARM_GCC_484\Debug\main.o
                0x0000031c                main
 .text.initDSP  0x00000334      0x118 .\CortexM0\ARM_GCC_484\Debug\DSP_Class.o
                0x00000334                initDSP
 .text.getTemp_DSP
                0x0000044c       0x14 .\CortexM0\ARM_GCC_484\Debug\DSP_Class.o
                0x0000044c                getTemp_DSP
 .text.getHum_DSP
                0x00000460       0x14 .\CortexM0\ARM_GCC_484\Debug\DSP_Class.o
                0x00000460                getHum_DSP
 .text.getLight_DSP
                0x00000474       0x14 .\CortexM0\ARM_GCC_484\Debug\DSP_Class.o
                0x00000474                getLight_DSP
 .text.avgTemp  0x00000488      0x150 .\CortexM0\ARM_GCC_484\Debug\DSP_Class.o
                0x00000488                avgTemp
 .text.avgHum   0x000005d8      0x11c .\CortexM0\ARM_GCC_484\Debug\DSP_Class.o
                0x000005d8                avgHum
 .text.avgSoilHum
                0x000006f4      0x158 .\CortexM0\ARM_GCC_484\Debug\DSP_Class.o
                0x000006f4                avgSoilHum
 .text.avgLight
                0x0000084c      0x124 .\CortexM0\ARM_GCC_484\Debug\DSP_Class.o
                0x0000084c                avgLight
 .text.inputTemp
                0x00000970       0x44 .\CortexM0\ARM_GCC_484\Debug\DSP_Class.o
                0x00000970                inputTemp
 .text.inputHum
                0x000009b4       0x44 .\CortexM0\ARM_GCC_484\Debug\DSP_Class.o
                0x000009b4                inputHum
 .text.inputSoilHum
                0x000009f8       0x84 .\CortexM0\ARM_GCC_484\Debug\DSP_Class.o
                0x000009f8                inputSoilHum
 .text.inputLight
                0x00000a7c       0x44 .\CortexM0\ARM_GCC_484\Debug\DSP_Class.o
                0x00000a7c                inputLight
 .text.initI2C  0x00000ac0       0x14 .\CortexM0\ARM_GCC_484\Debug\I2C_Class.o
                0x00000ac0                initI2C
 .text.adjustWindow
                0x00000ad4      0x154 .\CortexM0\ARM_GCC_484\Debug\I2C_Class.o
                0x00000ad4                adjustWindow
 .text.adjustHeat
                0x00000c28      0x158 .\CortexM0\ARM_GCC_484\Debug\I2C_Class.o
                0x00000c28                adjustHeat
 .text.adjustVentilation
                0x00000d80      0x158 .\CortexM0\ARM_GCC_484\Debug\I2C_Class.o
                0x00000d80                adjustVentilation
 .text.adjustIrrigation
                0x00000ed8      0x150 .\CortexM0\ARM_GCC_484\Debug\I2C_Class.o
                0x00000ed8                adjustIrrigation
 .text.getActuatorStatus
                0x00001028      0x148 .\CortexM0\ARM_GCC_484\Debug\I2C_Class.o
                0x00001028                getActuatorStatus
 .text.getTempAndHum
                0x00001170       0xbc .\CortexM0\ARM_GCC_484\Debug\I2C_Class.o
                0x00001170                getTempAndHum
 .text.getLight
                0x0000122c       0xb8 .\CortexM0\ARM_GCC_484\Debug\I2C_Class.o
                0x0000122c                getLight
 .text.getSoilHum
                0x000012e4       0x28 .\CortexM0\ARM_GCC_484\Debug\I2C_Class.o
                0x000012e4                getSoilHum
 .text.initPSoC_Master
                0x0000130c       0x90 .\CortexM0\ARM_GCC_484\Debug\PSoC_Master_Class.o
                0x0000130c                initPSoC_Master
 .text.timer_ISR
                0x0000139c       0xa0 .\CortexM0\ARM_GCC_484\Debug\PSoC_Master_Class.o
                0x0000139c                timer_ISR
 .text.UART_ISR
                0x0000143c      0x1a4 .\CortexM0\ARM_GCC_484\Debug\PSoC_Master_Class.o
                0x0000143c                UART_ISR
 .text.initUART
                0x000015e0        0xc .\CortexM0\ARM_GCC_484\Debug\UART_Class.o
                0x000015e0                initUART
 .text.respondTemp
                0x000015ec       0x40 .\CortexM0\ARM_GCC_484\Debug\UART_Class.o
                0x000015ec                respondTemp
 .text.respondHum
                0x0000162c       0x40 .\CortexM0\ARM_GCC_484\Debug\UART_Class.o
                0x0000162c                respondHum
 .text.respondLight
                0x0000166c       0x40 .\CortexM0\ARM_GCC_484\Debug\UART_Class.o
                0x0000166c                respondLight
 .text.respondHeat
                0x000016ac       0x48 .\CortexM0\ARM_GCC_484\Debug\UART_Class.o
                0x000016ac                respondHeat
 .text.respondWin
                0x000016f4       0x38 .\CortexM0\ARM_GCC_484\Debug\UART_Class.o
                0x000016f4                respondWin
 .text.respondVent
                0x0000172c       0x38 .\CortexM0\ARM_GCC_484\Debug\UART_Class.o
                0x0000172c                respondVent
 .text.respondIrri
                0x00001764       0x38 .\CortexM0\ARM_GCC_484\Debug\UART_Class.o
                0x00001764                respondIrri
 .text.dkRequest
                0x0000179c       0x14 .\CortexM0\ARM_GCC_484\Debug\UART_Class.o
                0x0000179c                dkRequest
 .text.IntDefaultHandler
                0x000017b0        0x8 .\CortexM0\ARM_GCC_484\Debug\Cm0Start.o
                0x000017b0                IntDefaultHandler
 .text.Start_c  0x000017b8       0x98 .\CortexM0\ARM_GCC_484\Debug\Cm0Start.o
                0x000017b8                Start_c
 .text.initialize_psoc
                0x00001850       0x64 .\CortexM0\ARM_GCC_484\Debug\Cm0Start.o
                0x00001850                initialize_psoc
 .text.CYMEMZERO
                0x000018b4       0x20 .\CortexM0\ARM_GCC_484\Debug\PSoC_Master.a(cyfitter_cfg.o)
 .text.AnalogSetDefault
                0x000018d4        0x8 .\CortexM0\ARM_GCC_484\Debug\PSoC_Master.a(cyfitter_cfg.o)
 .text.timer_ISR_StartEx
                0x000018dc       0x24 .\CortexM0\ARM_GCC_484\Debug\PSoC_Master.a(timer_ISR.o)
                0x000018dc                timer_ISR_StartEx
 .text.timer_ISR_SetVector
                0x00001900       0x1c .\CortexM0\ARM_GCC_484\Debug\PSoC_Master.a(timer_ISR.o)
                0x00001900                timer_ISR_SetVector
 .text.timer_ISR_SetPriority
                0x0000191c       0x50 .\CortexM0\ARM_GCC_484\Debug\PSoC_Master.a(timer_ISR.o)
                0x0000191c                timer_ISR_SetPriority
 .text.timer_ISR_Enable
                0x0000196c       0x14 .\CortexM0\ARM_GCC_484\Debug\PSoC_Master.a(timer_ISR.o)
                0x0000196c                timer_ISR_Enable
 .text.timer_ISR_Disable
                0x00001980       0x14 .\CortexM0\ARM_GCC_484\Debug\PSoC_Master.a(timer_ISR.o)
                0x00001980                timer_ISR_Disable
 .text.Timer_Init
                0x00001994       0x3c .\CortexM0\ARM_GCC_484\Debug\PSoC_Master.a(Timer.o)
                0x00001994                Timer_Init
 .text.Timer_Enable
                0x000019d0       0x38 .\CortexM0\ARM_GCC_484\Debug\PSoC_Master.a(Timer.o)
                0x000019d0                Timer_Enable
 .text.Timer_Start
                0x00001a08       0x24 .\CortexM0\ARM_GCC_484\Debug\PSoC_Master.a(Timer.o)
                0x00001a08                Timer_Start
 .text.Timer_WriteCounter
                0x00001a2c       0x1c .\CortexM0\ARM_GCC_484\Debug\PSoC_Master.a(Timer.o)
                0x00001a2c                Timer_WriteCounter
 .text.Timer_WritePeriod
                0x00001a48       0x1c .\CortexM0\ARM_GCC_484\Debug\PSoC_Master.a(Timer.o)
                0x00001a48                Timer_WritePeriod
 .text.Timer_TriggerCommand
                0x00001a64       0x3c .\CortexM0\ARM_GCC_484\Debug\PSoC_Master.a(Timer.o)
                0x00001a64                Timer_TriggerCommand
 .text.Timer_SetInterruptMode
                0x00001aa0       0x18 .\CortexM0\ARM_GCC_484\Debug\PSoC_Master.a(Timer.o)
                0x00001aa0                Timer_SetInterruptMode
 .text.Timer_ClearInterrupt
                0x00001ab8       0x18 .\CortexM0\ARM_GCC_484\Debug\PSoC_Master.a(Timer.o)
                0x00001ab8                Timer_ClearInterrupt
 .text.RedLED_Write
                0x00001ad0       0x4c .\CortexM0\ARM_GCC_484\Debug\PSoC_Master.a(RedLED.o)
                0x00001ad0                RedLED_Write
 .text.UART_Init
                0x00001b1c        0xc .\CortexM0\ARM_GCC_484\Debug\PSoC_Master.a(UART.o)
                0x00001b1c                UART_Init
 .text.UART_Enable
                0x00001b28       0x20 .\CortexM0\ARM_GCC_484\Debug\PSoC_Master.a(UART.o)
                0x00001b28                UART_Enable
 .text.UART_Start
                0x00001b48       0x24 .\CortexM0\ARM_GCC_484\Debug\PSoC_Master.a(UART.o)
                0x00001b48                UART_Start
 .text.UART_ScbEnableIntr
                0x00001b6c        0x8 .\CortexM0\ARM_GCC_484\Debug\PSoC_Master.a(UART.o)
 .text.UART_SpiUartReadRxData
                0x00001b74       0x20 .\CortexM0\ARM_GCC_484\Debug\PSoC_Master.a(UART_SPI_UART.o)
                0x00001b74                UART_SpiUartReadRxData
 .text.UART_SpiUartGetRxBufferSize
                0x00001b94       0x20 .\CortexM0\ARM_GCC_484\Debug\PSoC_Master.a(UART_SPI_UART.o)
                0x00001b94                UART_SpiUartGetRxBufferSize
 .text.UART_SpiUartWriteTxData
                0x00001bb4       0x2c .\CortexM0\ARM_GCC_484\Debug\PSoC_Master.a(UART_SPI_UART.o)
                0x00001bb4                UART_SpiUartWriteTxData
 .text.UART_UartInit
                0x00001be0       0xa8 .\CortexM0\ARM_GCC_484\Debug\PSoC_Master.a(UART_UART.o)
                0x00001be0                UART_UartInit
 .text.UART_UartGetChar
                0x00001c88       0x44 .\CortexM0\ARM_GCC_484\Debug\PSoC_Master.a(UART_UART.o)
                0x00001c88                UART_UartGetChar
 .text.UART_ISR_StartEx
                0x00001ccc       0x24 .\CortexM0\ARM_GCC_484\Debug\PSoC_Master.a(UART_ISR.o)
                0x00001ccc                UART_ISR_StartEx
 .text.UART_ISR_SetVector
                0x00001cf0       0x18 .\CortexM0\ARM_GCC_484\Debug\PSoC_Master.a(UART_ISR.o)
                0x00001cf0                UART_ISR_SetVector
 .text.UART_ISR_SetPriority
                0x00001d08       0x4c .\CortexM0\ARM_GCC_484\Debug\PSoC_Master.a(UART_ISR.o)
                0x00001d08                UART_ISR_SetPriority
 .text.UART_ISR_Enable
                0x00001d54       0x14 .\CortexM0\ARM_GCC_484\Debug\PSoC_Master.a(UART_ISR.o)
                0x00001d54                UART_ISR_Enable
 .text.UART_ISR_Disable
                0x00001d68       0x14 .\CortexM0\ARM_GCC_484\Debug\PSoC_Master.a(UART_ISR.o)
                0x00001d68                UART_ISR_Disable
 .text.I2C_Init
                0x00001d7c        0xc .\CortexM0\ARM_GCC_484\Debug\PSoC_Master.a(I2C.o)
                0x00001d7c                I2C_Init
 .text.I2C_Enable
                0x00001d88       0x20 .\CortexM0\ARM_GCC_484\Debug\PSoC_Master.a(I2C.o)
                0x00001d88                I2C_Enable
 .text.I2C_Start
                0x00001da8       0x24 .\CortexM0\ARM_GCC_484\Debug\PSoC_Master.a(I2C.o)
                0x00001da8                I2C_Start
 .text.I2C_ScbEnableIntr
                0x00001dcc       0x10 .\CortexM0\ARM_GCC_484\Debug\PSoC_Master.a(I2C.o)
 .text.I2C_I2CInit
                0x00001ddc       0xe8 .\CortexM0\ARM_GCC_484\Debug\PSoC_Master.a(I2C_I2C.o)
                0x00001ddc                I2C_I2CInit
 .text.I2C_I2CMasterWriteBuf
                0x00001ec4      0x11c .\CortexM0\ARM_GCC_484\Debug\PSoC_Master.a(I2C_I2C_MASTER.o)
                0x00001ec4                I2C_I2CMasterWriteBuf
 .text.I2C_I2CMasterReadBuf
                0x00001fe0      0x12c .\CortexM0\ARM_GCC_484\Debug\PSoC_Master.a(I2C_I2C_MASTER.o)
                0x00001fe0                I2C_I2CMasterReadBuf
 .text.I2C_I2CMasterClearStatus
                0x0000210c       0x30 .\CortexM0\ARM_GCC_484\Debug\PSoC_Master.a(I2C_I2C_MASTER.o)
                0x0000210c                I2C_I2CMasterClearStatus
 .text.I2C_I2CReStartGeneration
                0x0000213c       0xb0 .\CortexM0\ARM_GCC_484\Debug\PSoC_Master.a(I2C_I2C_MASTER.o)
                0x0000213c                I2C_I2CReStartGeneration
 .text.I2C_sda_Read
                0x000021ec       0x1c .\CortexM0\ARM_GCC_484\Debug\PSoC_Master.a(I2C_sda.o)
                0x000021ec                I2C_sda_Read
 .text.I2C_scl_Write
                0x00002208       0x48 .\CortexM0\ARM_GCC_484\Debug\PSoC_Master.a(I2C_scl.o)
                0x00002208                I2C_scl_Write
 .text.I2C_scl_Read
                0x00002250       0x1c .\CortexM0\ARM_GCC_484\Debug\PSoC_Master.a(I2C_scl.o)
                0x00002250                I2C_scl_Read
 *fill*         0x0000226c        0x4 
 .text          0x00002270       0x28 .\CortexM0\ARM_GCC_484\Debug\PSoC_Master.a(CyBootAsmGnu.o)
                0x00002270                CyDelayCycles
                0x00002284                CyEnterCriticalSection
                0x0000228c                CyExitCriticalSection
 .text.CyIntSetVector
                0x00002298       0x4c .\CortexM0\ARM_GCC_484\Debug\PSoC_Master.a(CyLib.o)
                0x00002298                CyIntSetVector
 .text.CyIntSetPriority
                0x000022e4       0xa8 .\CortexM0\ARM_GCC_484\Debug\PSoC_Master.a(CyLib.o)
                0x000022e4                CyIntSetPriority
 .text.CyIntEnable
                0x0000238c       0x2c .\CortexM0\ARM_GCC_484\Debug\PSoC_Master.a(CyLib.o)
                0x0000238c                CyIntEnable
 .text.CyIntDisable
                0x000023b8       0x2c .\CortexM0\ARM_GCC_484\Debug\PSoC_Master.a(CyLib.o)
                0x000023b8                CyIntDisable
 .text.CyHalt   0x000023e4       0x14 .\CortexM0\ARM_GCC_484\Debug\PSoC_Master.a(CyLib.o)
                0x000023e4                CyHalt
 .text.CyDelay  0x000023f8       0x48 .\CortexM0\ARM_GCC_484\Debug\PSoC_Master.a(CyLib.o)
                0x000023f8                CyDelay
 .text.CyDelayUs
                0x00002440       0x28 .\CortexM0\ARM_GCC_484\Debug\PSoC_Master.a(CyLib.o)
                0x00002440                CyDelayUs
 .text.BlueLED_Write
                0x00002468       0x4c .\CortexM0\ARM_GCC_484\Debug\PSoC_Master.a(BlueLED.o)
                0x00002468                BlueLED_Write
 .text.I2C_I2C_ISR
                0x000024b4      0x4ec .\CortexM0\ARM_GCC_484\Debug\PSoC_Master.a(I2C_I2C_INT.o)
                0x000024b4                I2C_I2C_ISR
 .text          0x000029a0       0x9c c:/program files (x86)/cypress/psoc creator/3.1/psoc creator/import/gnu_cs/arm/4.8.4/bin/../lib/gcc/arm-none-eabi/4.8.4/armv6-m\libgcc.a(_udivsi3.o)
                0x000029a0                __aeabi_uidiv
                0x000029a0                __udivsi3
                0x00002a28                __aeabi_uidivmod
 .text          0x00002a3c       0xc0 c:/program files (x86)/cypress/psoc creator/3.1/psoc creator/import/gnu_cs/arm/4.8.4/bin/../lib/gcc/arm-none-eabi/4.8.4/armv6-m\libgcc.a(_divsi3.o)
                0x00002a3c                __divsi3
                0x00002a3c                __aeabi_idiv
                0x00002ae8                __aeabi_idivmod
 .text          0x00002afc        0x4 c:/program files (x86)/cypress/psoc creator/3.1/psoc creator/import/gnu_cs/arm/4.8.4/bin/../lib/gcc/arm-none-eabi/4.8.4/armv6-m\libgcc.a(_dvmd_tls.o)
                0x00002afc                __aeabi_idiv0
                0x00002afc                __aeabi_ldiv0
 .text          0x00002b00       0x74 c:/program files (x86)/cypress/psoc creator/3.1/psoc creator/import/gnu_cs/arm/4.8.4/bin/../lib/gcc/arm-none-eabi/4.8.4/armv6-m\libgcc.a(_arm_cmpsf2.o)
                0x00002b00                __aeabi_cfrcmple
                0x00002b08                __aeabi_cfcmpeq
                0x00002b08                __aeabi_cfcmple
                0x00002b18                __aeabi_fcmpeq
                0x00002b24                __aeabi_fcmplt
                0x00002b38                __aeabi_fcmple
                0x00002b4c                __aeabi_fcmpgt
                0x00002b60                __aeabi_fcmpge
 .text          0x00002b74       0x48 c:/program files (x86)/cypress/psoc creator/3.1/psoc creator/import/gnu_cs/arm/4.8.4/bin/../lib/gcc/arm-none-eabi/4.8.4/armv6-m\libgcc.a(_aeabi_ldivmod.o)
                0x00002b74                __aeabi_ldivmod
 .text          0x00002bbc       0x30 c:/program files (x86)/cypress/psoc creator/3.1/psoc creator/import/gnu_cs/arm/4.8.4/bin/../lib/gcc/arm-none-eabi/4.8.4/armv6-m\libgcc.a(_fixunssfsi.o)
                0x00002bbc                __fixunssfsi
                0x00002bbc                __aeabi_f2uiz
 *fill*         0x00002bec        0x4 
 .text          0x00002bf0       0x70 c:/program files (x86)/cypress/psoc creator/3.1/psoc creator/import/gnu_cs/arm/4.8.4/bin/../lib/gcc/arm-none-eabi/4.8.4/armv6-m\libgcc.a(_floatdisf.o)
                0x00002bf0                __aeabi_l2f
                0x00002bf0                __floatdisf
 .text          0x00002c60       0x6c c:/program files (x86)/cypress/psoc creator/3.1/psoc creator/import/gnu_cs/arm/4.8.4/bin/../lib/gcc/arm-none-eabi/4.8.4/armv6-m\libgcc.a(bpabi.o)
                0x00002c60                __gnu_ldivmod_helper
                0x00002c98                __gnu_uldivmod_helper
 .text          0x00002ccc      0x2d8 c:/program files (x86)/cypress/psoc creator/3.1/psoc creator/import/gnu_cs/arm/4.8.4/bin/../lib/gcc/arm-none-eabi/4.8.4/armv6-m\libgcc.a(addsf3.o)
                0x00002ccc                __aeabi_fadd
 .text          0x00002fa4      0x24c c:/program files (x86)/cypress/psoc creator/3.1/psoc creator/import/gnu_cs/arm/4.8.4/bin/../lib/gcc/arm-none-eabi/4.8.4/armv6-m\libgcc.a(divsf3.o)
                0x00002fa4                __aeabi_fdiv
 .text          0x000031f0       0x54 c:/program files (x86)/cypress/psoc creator/3.1/psoc creator/import/gnu_cs/arm/4.8.4/bin/../lib/gcc/arm-none-eabi/4.8.4/armv6-m\libgcc.a(eqsf2.o)
                0x000031f0                __eqsf2
                0x000031f0                __nesf2
 .text          0x00003244       0x90 c:/program files (x86)/cypress/psoc creator/3.1/psoc creator/import/gnu_cs/arm/4.8.4/bin/../lib/gcc/arm-none-eabi/4.8.4/armv6-m\libgcc.a(gesf2.o)
                0x00003244                __gesf2
                0x00003244                __gtsf2
 .text          0x000032d4       0x98 c:/program files (x86)/cypress/psoc creator/3.1/psoc creator/import/gnu_cs/arm/4.8.4/bin/../lib/gcc/arm-none-eabi/4.8.4/armv6-m\libgcc.a(lesf2.o)
                0x000032d4                __ltsf2
                0x000032d4                __lesf2
 .text          0x0000336c      0x254 c:/program files (x86)/cypress/psoc creator/3.1/psoc creator/import/gnu_cs/arm/4.8.4/bin/../lib/gcc/arm-none-eabi/4.8.4/armv6-m\libgcc.a(mulsf3.o)
                0x0000336c                __aeabi_fmul
 .text          0x000035c0      0x2ec c:/program files (x86)/cypress/psoc creator/3.1/psoc creator/import/gnu_cs/arm/4.8.4/bin/../lib/gcc/arm-none-eabi/4.8.4/armv6-m\libgcc.a(subsf3.o)
                0x000035c0                __aeabi_fsub
 .text          0x000038ac       0x40 c:/program files (x86)/cypress/psoc creator/3.1/psoc creator/import/gnu_cs/arm/4.8.4/bin/../lib/gcc/arm-none-eabi/4.8.4/armv6-m\libgcc.a(fixsfsi.o)
                0x000038ac                __aeabi_f2iz
 .text          0x000038ec      0x644 c:/program files (x86)/cypress/psoc creator/3.1/psoc creator/import/gnu_cs/arm/4.8.4/bin/../lib/gcc/arm-none-eabi/4.8.4/armv6-m\libgcc.a(adddf3.o)
                0x000038ec                __aeabi_dadd
 .text          0x00003f30      0x520 c:/program files (x86)/cypress/psoc creator/3.1/psoc creator/import/gnu_cs/arm/4.8.4/bin/../lib/gcc/arm-none-eabi/4.8.4/armv6-m\libgcc.a(muldf3.o)
                0x00003f30                __aeabi_dmul
 .text          0x00004450       0x7c c:/program files (x86)/cypress/psoc creator/3.1/psoc creator/import/gnu_cs/arm/4.8.4/bin/../lib/gcc/arm-none-eabi/4.8.4/armv6-m\libgcc.a(floatsidf.o)
                0x00004450                __aeabi_i2d
 .text          0x000044cc       0x68 c:/program files (x86)/cypress/psoc creator/3.1/psoc creator/import/gnu_cs/arm/4.8.4/bin/../lib/gcc/arm-none-eabi/4.8.4/armv6-m\libgcc.a(floatunsidf.o)
                0x000044cc                __aeabi_ui2d
 .text          0x00004534      0x118 c:/program files (x86)/cypress/psoc creator/3.1/psoc creator/import/gnu_cs/arm/4.8.4/bin/../lib/gcc/arm-none-eabi/4.8.4/armv6-m\libgcc.a(truncdfsf2.o)
                0x00004534                __aeabi_d2f
 .text          0x0000464c       0x3c c:/program files (x86)/cypress/psoc creator/3.1/psoc creator/import/gnu_cs/arm/4.8.4/bin/../lib/gcc/arm-none-eabi/4.8.4/armv6-m\libgcc.a(_clzsi2.o)
                0x0000464c                __clzsi2
 .text          0x00004688       0x44 c:/program files (x86)/cypress/psoc creator/3.1/psoc creator/import/gnu_cs/arm/4.8.4/bin/../lib/gcc/arm-none-eabi/4.8.4/armv6-m\libgcc.a(_muldi3.o)
                0x00004688                __muldi3
                0x00004688                __aeabi_lmul
 .text          0x000046cc      0x3b8 c:/program files (x86)/cypress/psoc creator/3.1/psoc creator/import/gnu_cs/arm/4.8.4/bin/../lib/gcc/arm-none-eabi/4.8.4/armv6-m\libgcc.a(_divdi3.o)
                0x000046cc                __divdi3
 .text          0x00004a84      0x384 c:/program files (x86)/cypress/psoc creator/3.1/psoc creator/import/gnu_cs/arm/4.8.4/bin/../lib/gcc/arm-none-eabi/4.8.4/armv6-m\libgcc.a(_udivdi3.o)
                0x00004a84                __udivdi3
 .text.__libc_init_array
                0x00004e08       0x4c c:/program files (x86)/cypress/psoc creator/3.1/psoc creator/import/gnu_cs/arm/4.8.4/bin/../lib/gcc/arm-none-eabi/4.8.4/../../../../arm-none-eabi/lib/armv6-m\libg_s.a(lib_a-init.o)
                0x00004e08                __libc_init_array
 .text.memset   0x00004e54       0x10 c:/program files (x86)/cypress/psoc creator/3.1/psoc creator/import/gnu_cs/arm/4.8.4/bin/../lib/gcc/arm-none-eabi/4.8.4/../../../../arm-none-eabi/lib/armv6-m\libg_s.a(lib_a-memset.o)
                0x00004e54                memset
 *(.plt)
 *(.gnu.warning)
 *(.glue_7t)
 .glue_7t       0x00000000        0x0 linker stubs
 *(.glue_7)
 .glue_7        0x00000000        0x0 linker stubs
 *(.vfp11_veneer)
 .vfp11_veneer  0x00000000        0x0 linker stubs
 *(.bootloader)
 *(.ARM.extab* .gnu.linkonce.armextab.*)
 *(.gcc_except_table)

.v4_bx          0x00004e64        0x0
 .v4_bx         0x00000000        0x0 linker stubs

.iplt           0x00004e64        0x0
 .iplt          0x00000000        0x0 c:/program files (x86)/cypress/psoc creator/3.1/psoc creator/import/gnu_cs/arm/4.8.4/bin/../lib/gcc/arm-none-eabi/4.8.4/armv6-m/crtbegin.o

.eh_frame_hdr
 *(.eh_frame_hdr)

.eh_frame       0x00004e64        0x4
 *(.eh_frame)
 .eh_frame      0x00004e64        0x0 c:/program files (x86)/cypress/psoc creator/3.1/psoc creator/import/gnu_cs/arm/4.8.4/bin/../lib/gcc/arm-none-eabi/4.8.4/armv6-m/crtbegin.o
 .eh_frame      0x00004e64        0x4 c:/program files (x86)/cypress/psoc creator/3.1/psoc creator/import/gnu_cs/arm/4.8.4/bin/../lib/gcc/arm-none-eabi/4.8.4/armv6-m/crtend.o
                0x00004e68                PROVIDE (__exidx_start, .)

.ARM.exidx      0x00004e68        0x8
 *(.ARM.exidx* .gnu.linkonce.armexidx.*)
 .ARM.exidx     0x00004e68        0x8 c:/program files (x86)/cypress/psoc creator/3.1/psoc creator/import/gnu_cs/arm/4.8.4/bin/../lib/gcc/arm-none-eabi/4.8.4/armv6-m\libgcc.a(_divdi3.o)
 .ARM.exidx     0x00004e70        0x0 c:/program files (x86)/cypress/psoc creator/3.1/psoc creator/import/gnu_cs/arm/4.8.4/bin/../lib/gcc/arm-none-eabi/4.8.4/armv6-m\libgcc.a(_udivdi3.o)
                                  0x8 (size before relaxing)
                0x00004e70                __exidx_end = .

.rodata         0x00004e70      0x160
 *(.rodata .rodata.* .gnu.linkonce.r.*)
 .rodata        0x00004e70       0x5c .\CortexM0\ARM_GCC_484\Debug\PSoC_Master_Class.o
 .rodata        0x00004ecc       0x10 .\CortexM0\ARM_GCC_484\Debug\PSoC_Master.a(cyfitter_cfg.o)
 .rodata        0x00004edc       0x40 c:/program files (x86)/cypress/psoc creator/3.1/psoc creator/import/gnu_cs/arm/4.8.4/bin/../lib/gcc/arm-none-eabi/4.8.4/armv6-m\libgcc.a(divsf3.o)
 .rodata        0x00004f1c       0x40 c:/program files (x86)/cypress/psoc creator/3.1/psoc creator/import/gnu_cs/arm/4.8.4/bin/../lib/gcc/arm-none-eabi/4.8.4/armv6-m\libgcc.a(mulsf3.o)
 .rodata        0x00004f5c       0x40 c:/program files (x86)/cypress/psoc creator/3.1/psoc creator/import/gnu_cs/arm/4.8.4/bin/../lib/gcc/arm-none-eabi/4.8.4/armv6-m\libgcc.a(muldf3.o)
                0x00004f9c                . = ALIGN (0x4)
 *(.init)
 .init          0x00004f9c        0x4 c:/program files (x86)/cypress/psoc creator/3.1/psoc creator/import/gnu_cs/arm/4.8.4/bin/../lib/gcc/arm-none-eabi/4.8.4/armv6-m/crti.o
                0x00004f9c                _init
 .init          0x00004fa0        0x8 c:/program files (x86)/cypress/psoc creator/3.1/psoc creator/import/gnu_cs/arm/4.8.4/bin/../lib/gcc/arm-none-eabi/4.8.4/armv6-m/crtn.o
                0x00004fa8                . = ALIGN (0x4)
                0x00004fa8                __preinit_array_start = .
 *(.preinit_array)
                0x00004fa8                __preinit_array_end = .
                0x00004fa8                . = ALIGN (0x4)
                0x00004fa8                __init_array_start = .
 *(SORT(.init_array.*))
 *(.init_array)
 .init_array    0x00004fa8        0x4 c:/program files (x86)/cypress/psoc creator/3.1/psoc creator/import/gnu_cs/arm/4.8.4/bin/../lib/gcc/arm-none-eabi/4.8.4/armv6-m/crtbegin.o
 .init_array    0x00004fac        0x4 .\CortexM0\ARM_GCC_484\Debug\Cm0Start.o
                0x00004fb0                __init_array_end = .
                0x00004fb0                . = ALIGN (0x4)
 *(.fini)
 .fini          0x00004fb0        0x4 c:/program files (x86)/cypress/psoc creator/3.1/psoc creator/import/gnu_cs/arm/4.8.4/bin/../lib/gcc/arm-none-eabi/4.8.4/armv6-m/crti.o
                0x00004fb0                _fini
 .fini          0x00004fb4        0x8 c:/program files (x86)/cypress/psoc creator/3.1/psoc creator/import/gnu_cs/arm/4.8.4/bin/../lib/gcc/arm-none-eabi/4.8.4/armv6-m/crtn.o
                0x00004fbc                . = ALIGN (0x4)
                0x00004fbc                __fini_array_start = .
 *(.fini_array)
 .fini_array    0x00004fbc        0x4 c:/program files (x86)/cypress/psoc creator/3.1/psoc creator/import/gnu_cs/arm/4.8.4/bin/../lib/gcc/arm-none-eabi/4.8.4/armv6-m/crtbegin.o
 *(SORT(.fini_array.*))
                0x00004fc0                __fini_array_end = .
                0x00004fc0                . = ALIGN (0x4)
 *crtbegin.o(.ctors)
 *(EXCLUDE_FILE(*crtend.o) .ctors)
 *(SORT(.ctors.*))
 *crtend.o(.ctors)
                0x00004fc0                . = ALIGN (0x4)
 *crtbegin.o(.dtors)
 *(EXCLUDE_FILE(*crtend.o) .dtors)
 *(SORT(.dtors.*))
 *crtend.o(.dtors)
                0x00004fc0                . = ALIGN (0x4)
                0x00004fc0                __cy_regions = .
                0x00004fc0        0x4 LONG 0x4fd0 __cy_region_init_ram
                0x00004fc4        0x4 LONG 0x200000c8 __cy_region_start_data
                0x00004fc8        0x4 LONG 0x20 __cy_region_init_size_ram
                0x00004fcc        0x4 LONG 0x1a0 __cy_region_zero_size_ram
                0x00004fd0                __cy_regions_end = .
                0x00004fd0                . = ALIGN (0x8)
                0x00004fd0                _etext = .

.ramvectors     0x20000000       0xc0
                0x20000000                __cy_region_start_ram = .
 *(.ramvectors)
 .ramvectors    0x20000000       0xc0 .\CortexM0\ARM_GCC_484\Debug\Cm0Start.o
                0x20000000                CyRamVectors

.noinit         0x200000c0        0x4
 *(.noinit)
 .noinit        0x200000c0        0x4 .\CortexM0\ARM_GCC_484\Debug\Cm0Start.o

.data           0x200000c8       0x20 load address 0x00004fd0
                0x200000c8                __cy_region_start_data = .
 *(.jcr)
 .jcr           0x200000c8        0x0 c:/program files (x86)/cypress/psoc creator/3.1/psoc creator/import/gnu_cs/arm/4.8.4/bin/../lib/gcc/arm-none-eabi/4.8.4/armv6-m/crtbegin.o
 .jcr           0x200000c8        0x4 c:/program files (x86)/cypress/psoc creator/3.1/psoc creator/import/gnu_cs/arm/4.8.4/bin/../lib/gcc/arm-none-eabi/4.8.4/armv6-m/crtend.o
 *(.got.plt)
 *(.got)
 *(.shdata)
 *(.data .data.* .gnu.linkonce.d.*)
 .data          0x200000cc        0x8 .\CortexM0\ARM_GCC_484\Debug\I2C_Class.o
 .data          0x200000d4        0x4 .\CortexM0\ARM_GCC_484\Debug\PSoC_Master.a(cyfitter_cfg.o)
 .data          0x200000d8       0x10 .\CortexM0\ARM_GCC_484\Debug\PSoC_Master.a(CyLib.o)
                0x200000d8                cydelayFreqHz
                0x200000dc                cydelayFreqKhz
                0x200000e0                cydelayFreqMhz
                0x200000e4                cydelay32kMs
                0x200000e8                . = ALIGN (0x8)
 *(.ram)
                0x200000e8                _edata = .

.igot.plt       0x200000e8        0x0 load address 0x00004ff0
 .igot.plt      0x00000000        0x0 c:/program files (x86)/cypress/psoc creator/3.1/psoc creator/import/gnu_cs/arm/4.8.4/bin/../lib/gcc/arm-none-eabi/4.8.4/armv6-m/crtbegin.o

.bss            0x200000e8      0x1a0 load address 0x00004ff0
                0x200000e8                PROVIDE (__bss_start__, .)
 *(.shbss)
 *(.bss .bss.* .gnu.linkonce.b.*)
 .bss           0x200000e8       0x1c c:/program files (x86)/cypress/psoc creator/3.1/psoc creator/import/gnu_cs/arm/4.8.4/bin/../lib/gcc/arm-none-eabi/4.8.4/armv6-m/crtbegin.o
 .bss           0x20000104        0x2 .\CortexM0\ARM_GCC_484\Debug\PSoC_Master_Class.o
                0x20000104                theState
                0x20000105                irrigationIndex
 .bss           0x20000106        0x1 .\CortexM0\ARM_GCC_484\Debug\PSoC_Master.a(Timer.o)
                0x20000106                Timer_initVar
 *fill*         0x20000107        0x1 
 .bss           0x20000108        0x8 .\CortexM0\ARM_GCC_484\Debug\PSoC_Master.a(UART.o)
                0x20000108                UART_initVar
                0x2000010c                UART_customIntrHandler
 .bss           0x20000110        0x8 .\CortexM0\ARM_GCC_484\Debug\PSoC_Master.a(I2C.o)
                0x20000110                I2C_initVar
                0x20000114                I2C_customIntrHandler
 *(COMMON)
 COMMON         0x20000118      0x124 .\CortexM0\ARM_GCC_484\Debug\DSP_Class.o
                0x20000118                humArrayPtr
                0x2000011c                hum
                0x20000120                tempArrayPtr
                0x20000124                lightArrayPtr
                0x20000128                lightArray
                0x20000150                temp
                0x20000151                light
                0x20000154                soilHum
                0x2000015c                soilHumArray
                0x200001d4                soilHumPtr
                0x200001ec                tempArray
                0x20000214                humArray
 COMMON         0x2000023c       0x20 .\CortexM0\ARM_GCC_484\Debug\PSoC_Master_Class.o
                0x2000023c                tempSoilHum
                0x20000248                blueLEDState
                0x2000024c                tempHum
                0x20000250                redLEDState
                0x20000254                tempLight
                0x20000258                tempTemp
 COMMON         0x2000025c        0x1 .\CortexM0\ARM_GCC_484\Debug\PSoC_Master.a(I2C_I2C.o)
                0x2000025c                I2C_state
 *fill*         0x2000025d        0x3 
 COMMON         0x20000260       0x24 .\CortexM0\ARM_GCC_484\Debug\PSoC_Master.a(I2C_I2C_MASTER.o)
                0x20000260                I2C_mstrWrBufIndexTmp
                0x20000264                I2C_mstrWrBufIndex
                0x20000268                I2C_mstrWrBufSize
                0x2000026c                I2C_mstrStatus
                0x20000270                I2C_mstrRdBufPtr
                0x20000274                I2C_mstrControl
                0x20000278                I2C_mstrRdBufSize
                0x2000027c                I2C_mstrRdBufIndex
                0x20000280                I2C_mstrWrBufPtr
                0x20000288                . = ALIGN (0x8)
 *fill*         0x20000284        0x4 
 *(.ram.b)
                0x20000288                _end = .
                0x20000288                __end = .
                0x20000288                PROVIDE (end, .)
                0x20000288                PROVIDE (__bss_end__, .)
                0x00004fd0                __cy_region_init_ram = LOADADDR (.data)
                0x00000020                __cy_region_init_size_ram = (_edata - ADDR (.data))
                0x000001a0                __cy_region_zero_size_ram = (_end - _edata)

.heap           0x20000288       0x80 load address 0x00004ff0
                0x20000288                . = _end
                0x20000308                . = (. + 0x80)
 *fill*         0x20000288       0x80 
                0x20000308                __cy_heap_limit = .

.stack          0x20000c00      0x400
                0x20000c00                __cy_stack_limit = .
                0x20001000                . = (. + 0x400)
 *fill*         0x20000c00      0x400 
                0x00000001                ASSERT ((__cy_stack_limit >= __cy_heap_limit), region RAM overflowed with stack)

.cyloadermeta
 *(.cyloadermeta)

.cyloadablemeta
 *(.cyloadablemeta)

.cyflashprotect
                0x90400000       0x20
 *(.cyflashprotect)
 .cyflashprotect
                0x90400000       0x20 .\CortexM0\ARM_GCC_484\Debug\cymetadata.o
                0x90400000                cy_meta_flashprotect

.cymeta         0x90500000        0xc
 *(.cymeta)
 .cymeta        0x90500000        0xc .\CortexM0\ARM_GCC_484\Debug\cymetadata.o
                0x90500000                cy_metadata

.cychipprotect  0x90600000        0x4
 *(.cychipprotect)
 .cychipprotect
                0x90600000        0x4 .\CortexM0\ARM_GCC_484\Debug\cymetadata.o
                0x90600000                cy_meta_chipprotect

.rel.dyn        0x00004ff0        0x0 load address 0x90600004
 .rel.iplt      0x00000000        0x0 c:/program files (x86)/cypress/psoc creator/3.1/psoc creator/import/gnu_cs/arm/4.8.4/bin/../lib/gcc/arm-none-eabi/4.8.4/armv6-m/crtbegin.o

.stab
 *(.stab)

.stabstr
 *(.stabstr)

.debug
 *(.debug)

.line
 *(.line)

.debug_srcinfo
 *(.debug_srcinfo)

.debug_sfnames
 *(.debug_sfnames)

.debug_aranges  0x00000000      0xa40
 *(.debug_aranges)
 .debug_aranges
                0x00000000       0x20 .\CortexM0\ARM_GCC_484\Debug\main.o
 .debug_aranges
                0x00000020       0x80 .\CortexM0\ARM_GCC_484\Debug\DSP_Class.o
 .debug_aranges
                0x000000a0       0x60 .\CortexM0\ARM_GCC_484\Debug\I2C_Class.o
 .debug_aranges
                0x00000100       0x30 .\CortexM0\ARM_GCC_484\Debug\PSoC_Master_Class.o
 .debug_aranges
                0x00000130       0x68 .\CortexM0\ARM_GCC_484\Debug\UART_Class.o
 .debug_aranges
                0x00000198       0x18 .\CortexM0\ARM_GCC_484\Debug\cymetadata.o
 .debug_aranges
                0x000001b0       0x48 .\CortexM0\ARM_GCC_484\Debug\Cm0Start.o
 .debug_aranges
                0x000001f8       0x50 .\CortexM0\ARM_GCC_484\Debug\PSoC_Master.a(cyfitter_cfg.o)
 .debug_aranges
                0x00000248       0x80 .\CortexM0\ARM_GCC_484\Debug\PSoC_Master.a(timer_ISR.o)
 .debug_aranges
                0x000002c8      0x158 .\CortexM0\ARM_GCC_484\Debug\PSoC_Master.a(Timer.o)
 .debug_aranges
                0x00000420       0x40 .\CortexM0\ARM_GCC_484\Debug\PSoC_Master.a(RedLED.o)
 .debug_aranges
                0x00000460       0x68 .\CortexM0\ARM_GCC_484\Debug\PSoC_Master.a(UART.o)
 .debug_aranges
                0x000004c8       0x60 .\CortexM0\ARM_GCC_484\Debug\PSoC_Master.a(UART_SPI_UART.o)
 .debug_aranges
                0x00000528       0x50 .\CortexM0\ARM_GCC_484\Debug\PSoC_Master.a(UART_UART.o)
 .debug_aranges
                0x00000578       0x80 .\CortexM0\ARM_GCC_484\Debug\PSoC_Master.a(UART_ISR.o)
 .debug_aranges
                0x000005f8       0x68 .\CortexM0\ARM_GCC_484\Debug\PSoC_Master.a(I2C.o)
 .debug_aranges
                0x00000660       0x28 .\CortexM0\ARM_GCC_484\Debug\PSoC_Master.a(I2C_I2C.o)
 .debug_aranges
                0x00000688       0x88 .\CortexM0\ARM_GCC_484\Debug\PSoC_Master.a(I2C_I2C_MASTER.o)
 .debug_aranges
                0x00000710       0x40 .\CortexM0\ARM_GCC_484\Debug\PSoC_Master.a(I2C_sda.o)
 .debug_aranges
                0x00000750       0x40 .\CortexM0\ARM_GCC_484\Debug\PSoC_Master.a(I2C_scl.o)
 .debug_aranges
                0x00000790       0x20 .\CortexM0\ARM_GCC_484\Debug\PSoC_Master.a(CyBootAsmGnu.o)
 .debug_aranges
                0x000007b0      0x230 .\CortexM0\ARM_GCC_484\Debug\PSoC_Master.a(CyLib.o)
 .debug_aranges
                0x000009e0       0x40 .\CortexM0\ARM_GCC_484\Debug\PSoC_Master.a(BlueLED.o)
 .debug_aranges
                0x00000a20       0x20 .\CortexM0\ARM_GCC_484\Debug\PSoC_Master.a(I2C_I2C_INT.o)

.debug_pubnames
 *(.debug_pubnames)

.debug_info     0x00000000     0x42cf
 *(.debug_info .gnu.linkonce.wi.*)
 .debug_info    0x00000000       0xb9 .\CortexM0\ARM_GCC_484\Debug\main.o
 .debug_info    0x000000b9      0x522 .\CortexM0\ARM_GCC_484\Debug\DSP_Class.o
 .debug_info    0x000005db      0x4df .\CortexM0\ARM_GCC_484\Debug\I2C_Class.o
 .debug_info    0x00000aba      0x216 .\CortexM0\ARM_GCC_484\Debug\PSoC_Master_Class.o
 .debug_info    0x00000cd0      0x23c .\CortexM0\ARM_GCC_484\Debug\UART_Class.o
 .debug_info    0x00000f0c       0xfd .\CortexM0\ARM_GCC_484\Debug\cymetadata.o
 .debug_info    0x00001009      0x2ff .\CortexM0\ARM_GCC_484\Debug\Cm0Start.o
 .debug_info    0x00001308      0x342 .\CortexM0\ARM_GCC_484\Debug\PSoC_Master.a(cyfitter_cfg.o)
 .debug_info    0x0000164a      0x244 .\CortexM0\ARM_GCC_484\Debug\PSoC_Master.a(timer_ISR.o)
 .debug_info    0x0000188e      0x6f0 .\CortexM0\ARM_GCC_484\Debug\PSoC_Master.a(Timer.o)
 .debug_info    0x00001f7e      0x14c .\CortexM0\ARM_GCC_484\Debug\PSoC_Master.a(RedLED.o)
 .debug_info    0x000020ca      0x1eb .\CortexM0\ARM_GCC_484\Debug\PSoC_Master.a(UART.o)
 .debug_info    0x000022b5      0x20d .\CortexM0\ARM_GCC_484\Debug\PSoC_Master.a(UART_SPI_UART.o)
 .debug_info    0x000024c2      0x1fe .\CortexM0\ARM_GCC_484\Debug\PSoC_Master.a(UART_UART.o)
 .debug_info    0x000026c0      0x244 .\CortexM0\ARM_GCC_484\Debug\PSoC_Master.a(UART_ISR.o)
 .debug_info    0x00002904      0x1eb .\CortexM0\ARM_GCC_484\Debug\PSoC_Master.a(I2C.o)
 .debug_info    0x00002aef      0x119 .\CortexM0\ARM_GCC_484\Debug\PSoC_Master.a(I2C_I2C.o)
 .debug_info    0x00002c08      0x466 .\CortexM0\ARM_GCC_484\Debug\PSoC_Master.a(I2C_I2C_MASTER.o)
 .debug_info    0x0000306e      0x14c .\CortexM0\ARM_GCC_484\Debug\PSoC_Master.a(I2C_sda.o)
 .debug_info    0x000031ba      0x14c .\CortexM0\ARM_GCC_484\Debug\PSoC_Master.a(I2C_scl.o)
 .debug_info    0x00003306       0x9a .\CortexM0\ARM_GCC_484\Debug\PSoC_Master.a(CyBootAsmGnu.o)
 .debug_info    0x000033a0      0xc5b .\CortexM0\ARM_GCC_484\Debug\PSoC_Master.a(CyLib.o)
 .debug_info    0x00003ffb      0x14c .\CortexM0\ARM_GCC_484\Debug\PSoC_Master.a(BlueLED.o)
 .debug_info    0x00004147      0x188 .\CortexM0\ARM_GCC_484\Debug\PSoC_Master.a(I2C_I2C_INT.o)

.debug_abbrev   0x00000000     0x1799
 *(.debug_abbrev)
 .debug_abbrev  0x00000000       0x60 .\CortexM0\ARM_GCC_484\Debug\main.o
 .debug_abbrev  0x00000060      0x12e .\CortexM0\ARM_GCC_484\Debug\DSP_Class.o
 .debug_abbrev  0x0000018e       0xd6 .\CortexM0\ARM_GCC_484\Debug\I2C_Class.o
 .debug_abbrev  0x00000264       0xdd .\CortexM0\ARM_GCC_484\Debug\PSoC_Master_Class.o
 .debug_abbrev  0x00000341       0xb4 .\CortexM0\ARM_GCC_484\Debug\UART_Class.o
 .debug_abbrev  0x000003f5       0x5d .\CortexM0\ARM_GCC_484\Debug\cymetadata.o
 .debug_abbrev  0x00000452      0x1b4 .\CortexM0\ARM_GCC_484\Debug\Cm0Start.o
 .debug_abbrev  0x00000606      0x179 .\CortexM0\ARM_GCC_484\Debug\PSoC_Master.a(cyfitter_cfg.o)
 .debug_abbrev  0x0000077f      0x177 .\CortexM0\ARM_GCC_484\Debug\PSoC_Master.a(timer_ISR.o)
 .debug_abbrev  0x000008f6      0x109 .\CortexM0\ARM_GCC_484\Debug\PSoC_Master.a(Timer.o)
 .debug_abbrev  0x000009ff       0xb7 .\CortexM0\ARM_GCC_484\Debug\PSoC_Master.a(RedLED.o)
 .debug_abbrev  0x00000ab6      0x122 .\CortexM0\ARM_GCC_484\Debug\PSoC_Master.a(UART.o)
 .debug_abbrev  0x00000bd8      0x15c .\CortexM0\ARM_GCC_484\Debug\PSoC_Master.a(UART_SPI_UART.o)
 .debug_abbrev  0x00000d34       0xf9 .\CortexM0\ARM_GCC_484\Debug\PSoC_Master.a(UART_UART.o)
 .debug_abbrev  0x00000e2d      0x177 .\CortexM0\ARM_GCC_484\Debug\PSoC_Master.a(UART_ISR.o)
 .debug_abbrev  0x00000fa4      0x122 .\CortexM0\ARM_GCC_484\Debug\PSoC_Master.a(I2C.o)
 .debug_abbrev  0x000010c6       0x9d .\CortexM0\ARM_GCC_484\Debug\PSoC_Master.a(I2C_I2C.o)
 .debug_abbrev  0x00001163      0x161 .\CortexM0\ARM_GCC_484\Debug\PSoC_Master.a(I2C_I2C_MASTER.o)
 .debug_abbrev  0x000012c4       0xb7 .\CortexM0\ARM_GCC_484\Debug\PSoC_Master.a(I2C_sda.o)
 .debug_abbrev  0x0000137b       0xb7 .\CortexM0\ARM_GCC_484\Debug\PSoC_Master.a(I2C_scl.o)
 .debug_abbrev  0x00001432       0x14 .\CortexM0\ARM_GCC_484\Debug\PSoC_Master.a(CyBootAsmGnu.o)
 .debug_abbrev  0x00001446      0x207 .\CortexM0\ARM_GCC_484\Debug\PSoC_Master.a(CyLib.o)
 .debug_abbrev  0x0000164d       0xb7 .\CortexM0\ARM_GCC_484\Debug\PSoC_Master.a(BlueLED.o)
 .debug_abbrev  0x00001704       0x95 .\CortexM0\ARM_GCC_484\Debug\PSoC_Master.a(I2C_I2C_INT.o)

.debug_line     0x00000000     0x2346
 *(.debug_line)
 .debug_line    0x00000000       0x7a .\CortexM0\ARM_GCC_484\Debug\main.o
 .debug_line    0x0000007a      0x209 .\CortexM0\ARM_GCC_484\Debug\DSP_Class.o
 .debug_line    0x00000283      0x168 .\CortexM0\ARM_GCC_484\Debug\I2C_Class.o
 .debug_line    0x000003eb      0x101 .\CortexM0\ARM_GCC_484\Debug\PSoC_Master_Class.o
 .debug_line    0x000004ec      0x144 .\CortexM0\ARM_GCC_484\Debug\UART_Class.o
 .debug_line    0x00000630       0x53 .\CortexM0\ARM_GCC_484\Debug\cymetadata.o
 .debug_line    0x00000683      0x1bb .\CortexM0\ARM_GCC_484\Debug\Cm0Start.o
 .debug_line    0x0000083e      0x187 .\CortexM0\ARM_GCC_484\Debug\PSoC_Master.a(cyfitter_cfg.o)
 .debug_line    0x000009c5      0x158 .\CortexM0\ARM_GCC_484\Debug\PSoC_Master.a(timer_ISR.o)
 .debug_line    0x00000b1d      0x36e .\CortexM0\ARM_GCC_484\Debug\PSoC_Master.a(Timer.o)
 .debug_line    0x00000e8b       0xac .\CortexM0\ARM_GCC_484\Debug\PSoC_Master.a(RedLED.o)
 .debug_line    0x00000f37      0x11f .\CortexM0\ARM_GCC_484\Debug\PSoC_Master.a(UART.o)
 .debug_line    0x00001056      0x125 .\CortexM0\ARM_GCC_484\Debug\PSoC_Master.a(UART_SPI_UART.o)
 .debug_line    0x0000117b      0x101 .\CortexM0\ARM_GCC_484\Debug\PSoC_Master.a(UART_UART.o)
 .debug_line    0x0000127c      0x157 .\CortexM0\ARM_GCC_484\Debug\PSoC_Master.a(UART_ISR.o)
 .debug_line    0x000013d3      0x126 .\CortexM0\ARM_GCC_484\Debug\PSoC_Master.a(I2C.o)
 .debug_line    0x000014f9       0x9d .\CortexM0\ARM_GCC_484\Debug\PSoC_Master.a(I2C_I2C.o)
 .debug_line    0x00001596      0x2a4 .\CortexM0\ARM_GCC_484\Debug\PSoC_Master.a(I2C_I2C_MASTER.o)
 .debug_line    0x0000183a       0xad .\CortexM0\ARM_GCC_484\Debug\PSoC_Master.a(I2C_sda.o)
 .debug_line    0x000018e7       0xad .\CortexM0\ARM_GCC_484\Debug\PSoC_Master.a(I2C_scl.o)
 .debug_line    0x00001994       0x69 .\CortexM0\ARM_GCC_484\Debug\PSoC_Master.a(CyBootAsmGnu.o)
 .debug_line    0x000019fd      0x703 .\CortexM0\ARM_GCC_484\Debug\PSoC_Master.a(CyLib.o)
 .debug_line    0x00002100       0xad .\CortexM0\ARM_GCC_484\Debug\PSoC_Master.a(BlueLED.o)
 .debug_line    0x000021ad      0x199 .\CortexM0\ARM_GCC_484\Debug\PSoC_Master.a(I2C_I2C_INT.o)

.debug_frame    0x00000000     0x257c
 *(.debug_frame)
 .debug_frame   0x00000000       0x2c .\CortexM0\ARM_GCC_484\Debug\main.o
 .debug_frame   0x0000002c      0x1c4 .\CortexM0\ARM_GCC_484\Debug\DSP_Class.o
 .debug_frame   0x000001f0      0x17c .\CortexM0\ARM_GCC_484\Debug\I2C_Class.o
 .debug_frame   0x0000036c       0x70 .\CortexM0\ARM_GCC_484\Debug\PSoC_Master_Class.o
 .debug_frame   0x000003dc      0x148 .\CortexM0\ARM_GCC_484\Debug\UART_Class.o
 .debug_frame   0x00000524       0xc8 .\CortexM0\ARM_GCC_484\Debug\Cm0Start.o
 .debug_frame   0x000005ec       0xe8 .\CortexM0\ARM_GCC_484\Debug\PSoC_Master.a(cyfitter_cfg.o)
 .debug_frame   0x000006d4      0x190 .\CortexM0\ARM_GCC_484\Debug\PSoC_Master.a(timer_ISR.o)
 .debug_frame   0x00000864      0x52c .\CortexM0\ARM_GCC_484\Debug\PSoC_Master.a(Timer.o)
 .debug_frame   0x00000d90       0xa8 .\CortexM0\ARM_GCC_484\Debug\PSoC_Master.a(RedLED.o)
 .debug_frame   0x00000e38      0x134 .\CortexM0\ARM_GCC_484\Debug\PSoC_Master.a(UART.o)
 .debug_frame   0x00000f6c      0x128 .\CortexM0\ARM_GCC_484\Debug\PSoC_Master.a(UART_SPI_UART.o)
 .debug_frame   0x00001094       0xec .\CortexM0\ARM_GCC_484\Debug\PSoC_Master.a(UART_UART.o)
 .debug_frame   0x00001180      0x190 .\CortexM0\ARM_GCC_484\Debug\PSoC_Master.a(UART_ISR.o)
 .debug_frame   0x00001310      0x134 .\CortexM0\ARM_GCC_484\Debug\PSoC_Master.a(I2C.o)
 .debug_frame   0x00001444       0x48 .\CortexM0\ARM_GCC_484\Debug\PSoC_Master.a(I2C_I2C.o)
 .debug_frame   0x0000148c      0x1c0 .\CortexM0\ARM_GCC_484\Debug\PSoC_Master.a(I2C_I2C_MASTER.o)
 .debug_frame   0x0000164c       0xa8 .\CortexM0\ARM_GCC_484\Debug\PSoC_Master.a(I2C_sda.o)
 .debug_frame   0x000016f4       0xa8 .\CortexM0\ARM_GCC_484\Debug\PSoC_Master.a(I2C_scl.o)
 .debug_frame   0x0000179c      0x83c .\CortexM0\ARM_GCC_484\Debug\PSoC_Master.a(CyLib.o)
 .debug_frame   0x00001fd8       0xa8 .\CortexM0\ARM_GCC_484\Debug\PSoC_Master.a(BlueLED.o)
 .debug_frame   0x00002080       0x30 .\CortexM0\ARM_GCC_484\Debug\PSoC_Master.a(I2C_I2C_INT.o)
 .debug_frame   0x000020b0       0x20 c:/program files (x86)/cypress/psoc creator/3.1/psoc creator/import/gnu_cs/arm/4.8.4/bin/../lib/gcc/arm-none-eabi/4.8.4/armv6-m\libgcc.a(_udivsi3.o)
 .debug_frame   0x000020d0       0x20 c:/program files (x86)/cypress/psoc creator/3.1/psoc creator/import/gnu_cs/arm/4.8.4/bin/../lib/gcc/arm-none-eabi/4.8.4/armv6-m\libgcc.a(_divsi3.o)
 .debug_frame   0x000020f0       0x28 c:/program files (x86)/cypress/psoc creator/3.1/psoc creator/import/gnu_cs/arm/4.8.4/bin/../lib/gcc/arm-none-eabi/4.8.4/armv6-m\libgcc.a(_fixunssfsi.o)
 .debug_frame   0x00002118       0x2c c:/program files (x86)/cypress/psoc creator/3.1/psoc creator/import/gnu_cs/arm/4.8.4/bin/../lib/gcc/arm-none-eabi/4.8.4/armv6-m\libgcc.a(_floatdisf.o)
 .debug_frame   0x00002144       0x50 c:/program files (x86)/cypress/psoc creator/3.1/psoc creator/import/gnu_cs/arm/4.8.4/bin/../lib/gcc/arm-none-eabi/4.8.4/armv6-m\libgcc.a(bpabi.o)
 .debug_frame   0x00002194       0x30 c:/program files (x86)/cypress/psoc creator/3.1/psoc creator/import/gnu_cs/arm/4.8.4/bin/../lib/gcc/arm-none-eabi/4.8.4/armv6-m\libgcc.a(addsf3.o)
 .debug_frame   0x000021c4       0x3c c:/program files (x86)/cypress/psoc creator/3.1/psoc creator/import/gnu_cs/arm/4.8.4/bin/../lib/gcc/arm-none-eabi/4.8.4/armv6-m\libgcc.a(divsf3.o)
 .debug_frame   0x00002200       0x2c c:/program files (x86)/cypress/psoc creator/3.1/psoc creator/import/gnu_cs/arm/4.8.4/bin/../lib/gcc/arm-none-eabi/4.8.4/armv6-m\libgcc.a(eqsf2.o)
 .debug_frame   0x0000222c       0x30 c:/program files (x86)/cypress/psoc creator/3.1/psoc creator/import/gnu_cs/arm/4.8.4/bin/../lib/gcc/arm-none-eabi/4.8.4/armv6-m\libgcc.a(gesf2.o)
 .debug_frame   0x0000225c       0x30 c:/program files (x86)/cypress/psoc creator/3.1/psoc creator/import/gnu_cs/arm/4.8.4/bin/../lib/gcc/arm-none-eabi/4.8.4/armv6-m\libgcc.a(lesf2.o)
 .debug_frame   0x0000228c       0x3c c:/program files (x86)/cypress/psoc creator/3.1/psoc creator/import/gnu_cs/arm/4.8.4/bin/../lib/gcc/arm-none-eabi/4.8.4/armv6-m\libgcc.a(mulsf3.o)
 .debug_frame   0x000022c8       0x30 c:/program files (x86)/cypress/psoc creator/3.1/psoc creator/import/gnu_cs/arm/4.8.4/bin/../lib/gcc/arm-none-eabi/4.8.4/armv6-m\libgcc.a(subsf3.o)
 .debug_frame   0x000022f8       0x20 c:/program files (x86)/cypress/psoc creator/3.1/psoc creator/import/gnu_cs/arm/4.8.4/bin/../lib/gcc/arm-none-eabi/4.8.4/armv6-m\libgcc.a(fixsfsi.o)
 .debug_frame   0x00002318       0x3c c:/program files (x86)/cypress/psoc creator/3.1/psoc creator/import/gnu_cs/arm/4.8.4/bin/../lib/gcc/arm-none-eabi/4.8.4/armv6-m\libgcc.a(adddf3.o)
 .debug_frame   0x00002354       0x3c c:/program files (x86)/cypress/psoc creator/3.1/psoc creator/import/gnu_cs/arm/4.8.4/bin/../lib/gcc/arm-none-eabi/4.8.4/armv6-m\libgcc.a(muldf3.o)
 .debug_frame   0x00002390       0x30 c:/program files (x86)/cypress/psoc creator/3.1/psoc creator/import/gnu_cs/arm/4.8.4/bin/../lib/gcc/arm-none-eabi/4.8.4/armv6-m\libgcc.a(floatsidf.o)
 .debug_frame   0x000023c0       0x28 c:/program files (x86)/cypress/psoc creator/3.1/psoc creator/import/gnu_cs/arm/4.8.4/bin/../lib/gcc/arm-none-eabi/4.8.4/armv6-m\libgcc.a(floatunsidf.o)
 .debug_frame   0x000023e8       0x30 c:/program files (x86)/cypress/psoc creator/3.1/psoc creator/import/gnu_cs/arm/4.8.4/bin/../lib/gcc/arm-none-eabi/4.8.4/armv6-m\libgcc.a(truncdfsf2.o)
 .debug_frame   0x00002418       0x30 c:/program files (x86)/cypress/psoc creator/3.1/psoc creator/import/gnu_cs/arm/4.8.4/bin/../lib/gcc/arm-none-eabi/4.8.4/armv6-m\libgcc.a(_muldi3.o)
 .debug_frame   0x00002448       0x3c c:/program files (x86)/cypress/psoc creator/3.1/psoc creator/import/gnu_cs/arm/4.8.4/bin/../lib/gcc/arm-none-eabi/4.8.4/armv6-m\libgcc.a(_divdi3.o)
 .debug_frame   0x00002484       0x3c c:/program files (x86)/cypress/psoc creator/3.1/psoc creator/import/gnu_cs/arm/4.8.4/bin/../lib/gcc/arm-none-eabi/4.8.4/armv6-m\libgcc.a(_udivdi3.o)
 .debug_frame   0x000024c0       0x20 c:/program files (x86)/cypress/psoc creator/3.1/psoc creator/import/gnu_cs/arm/4.8.4/bin/../lib/gcc/arm-none-eabi/4.8.4/../../../../arm-none-eabi/lib/armv6-m\libg_s.a(lib_a-errno.o)
 .debug_frame   0x000024e0       0x28 c:/program files (x86)/cypress/psoc creator/3.1/psoc creator/import/gnu_cs/arm/4.8.4/bin/../lib/gcc/arm-none-eabi/4.8.4/../../../../arm-none-eabi/lib/armv6-m\libg_s.a(lib_a-exit.o)
 .debug_frame   0x00002508       0x2c c:/program files (x86)/cypress/psoc creator/3.1/psoc creator/import/gnu_cs/arm/4.8.4/bin/../lib/gcc/arm-none-eabi/4.8.4/../../../../arm-none-eabi/lib/armv6-m\libg_s.a(lib_a-init.o)
 .debug_frame   0x00002534       0x28 c:/program files (x86)/cypress/psoc creator/3.1/psoc creator/import/gnu_cs/arm/4.8.4/bin/../lib/gcc/arm-none-eabi/4.8.4/../../../../arm-none-eabi/lib/armv6-m\libg_s.a(lib_a-memcpy-stub.o)
 .debug_frame   0x0000255c       0x20 c:/program files (x86)/cypress/psoc creator/3.1/psoc creator/import/gnu_cs/arm/4.8.4/bin/../lib/gcc/arm-none-eabi/4.8.4/../../../../arm-none-eabi/lib/armv6-m\libg_s.a(lib_a-memset.o)

.debug_str      0x00000000     0x1e85
 *(.debug_str)
 .debug_str     0x00000000      0x150 .\CortexM0\ARM_GCC_484\Debug\main.o
                                0x189 (size before relaxing)
 .debug_str     0x00000150      0x167 .\CortexM0\ARM_GCC_484\Debug\DSP_Class.o
                                0x2de (size before relaxing)
 .debug_str     0x000002b7      0x139 .\CortexM0\ARM_GCC_484\Debug\I2C_Class.o
                                0x2da (size before relaxing)
 .debug_str     0x000003f0       0xb6 .\CortexM0\ARM_GCC_484\Debug\PSoC_Master_Class.o
                                0x24f (size before relaxing)
 .debug_str     0x000004a6       0xaf .\CortexM0\ARM_GCC_484\Debug\UART_Class.o
                                0x255 (size before relaxing)
 .debug_str     0x00000555       0x5b .\CortexM0\ARM_GCC_484\Debug\cymetadata.o
                                0x1c6 (size before relaxing)
 .debug_str     0x000005b0      0x12f .\CortexM0\ARM_GCC_484\Debug\Cm0Start.o
                                0x2b4 (size before relaxing)
 .debug_str     0x000006df      0x141 .\CortexM0\ARM_GCC_484\Debug\PSoC_Master.a(cyfitter_cfg.o)
                                0x2d3 (size before relaxing)
 .debug_str     0x00000820      0x147 .\CortexM0\ARM_GCC_484\Debug\PSoC_Master.a(timer_ISR.o)
                                0x2e1 (size before relaxing)
 .debug_str     0x00000967      0x3f2 .\CortexM0\ARM_GCC_484\Debug\PSoC_Master.a(Timer.o)
                                0x570 (size before relaxing)
 .debug_str     0x00000d59       0x91 .\CortexM0\ARM_GCC_484\Debug\PSoC_Master.a(RedLED.o)
                                0x205 (size before relaxing)
 .debug_str     0x00000dea      0x117 .\CortexM0\ARM_GCC_484\Debug\PSoC_Master.a(UART.o)
                                0x29c (size before relaxing)
 .debug_str     0x00000f01      0x137 .\CortexM0\ARM_GCC_484\Debug\PSoC_Master.a(UART_SPI_UART.o)
                                0x2ba (size before relaxing)
 .debug_str     0x00001038       0xe9 .\CortexM0\ARM_GCC_484\Debug\PSoC_Master.a(UART_UART.o)
                                0x278 (size before relaxing)
 .debug_str     0x00001121      0x112 .\CortexM0\ARM_GCC_484\Debug\PSoC_Master.a(UART_ISR.o)
                                0x2d3 (size before relaxing)
 .debug_str     0x00001233       0xe9 .\CortexM0\ARM_GCC_484\Debug\PSoC_Master.a(I2C.o)
                                0x28f (size before relaxing)
 .debug_str     0x0000131c       0x7a .\CortexM0\ARM_GCC_484\Debug\PSoC_Master.a(I2C_I2C.o)
                                0x1f9 (size before relaxing)
 .debug_str     0x00001396      0x22c .\CortexM0\ARM_GCC_484\Debug\PSoC_Master.a(I2C_I2C_MASTER.o)
                                0x3f6 (size before relaxing)
 .debug_str     0x000015c2       0x7e .\CortexM0\ARM_GCC_484\Debug\PSoC_Master.a(I2C_sda.o)
                                0x20b (size before relaxing)
 .debug_str     0x00001640       0x7e .\CortexM0\ARM_GCC_484\Debug\PSoC_Master.a(I2C_scl.o)
                                0x20b (size before relaxing)
 .debug_str     0x000016be      0x700 .\CortexM0\ARM_GCC_484\Debug\PSoC_Master.a(CyLib.o)
                                0x8cd (size before relaxing)
 .debug_str     0x00001dbe       0x7e .\CortexM0\ARM_GCC_484\Debug\PSoC_Master.a(BlueLED.o)
                                0x20b (size before relaxing)
 .debug_str     0x00001e3c       0x49 .\CortexM0\ARM_GCC_484\Debug\PSoC_Master.a(I2C_I2C_INT.o)
                                0x296 (size before relaxing)

.debug_loc
 *(.debug_loc)

.debug_macinfo
 *(.debug_macinfo)

.debug_ranges   0x00000000      0x8a8
 *(.debug_ranges)
 .debug_ranges  0x00000000       0x10 .\CortexM0\ARM_GCC_484\Debug\main.o
 .debug_ranges  0x00000010       0x70 .\CortexM0\ARM_GCC_484\Debug\DSP_Class.o
 .debug_ranges  0x00000080       0x50 .\CortexM0\ARM_GCC_484\Debug\I2C_Class.o
 .debug_ranges  0x000000d0       0x20 .\CortexM0\ARM_GCC_484\Debug\PSoC_Master_Class.o
 .debug_ranges  0x000000f0       0x58 .\CortexM0\ARM_GCC_484\Debug\UART_Class.o
 .debug_ranges  0x00000148       0x38 .\CortexM0\ARM_GCC_484\Debug\Cm0Start.o
 .debug_ranges  0x00000180       0x40 .\CortexM0\ARM_GCC_484\Debug\PSoC_Master.a(cyfitter_cfg.o)
 .debug_ranges  0x000001c0       0x70 .\CortexM0\ARM_GCC_484\Debug\PSoC_Master.a(timer_ISR.o)
 .debug_ranges  0x00000230      0x148 .\CortexM0\ARM_GCC_484\Debug\PSoC_Master.a(Timer.o)
 .debug_ranges  0x00000378       0x30 .\CortexM0\ARM_GCC_484\Debug\PSoC_Master.a(RedLED.o)
 .debug_ranges  0x000003a8       0x58 .\CortexM0\ARM_GCC_484\Debug\PSoC_Master.a(UART.o)
 .debug_ranges  0x00000400       0x50 .\CortexM0\ARM_GCC_484\Debug\PSoC_Master.a(UART_SPI_UART.o)
 .debug_ranges  0x00000450       0x40 .\CortexM0\ARM_GCC_484\Debug\PSoC_Master.a(UART_UART.o)
 .debug_ranges  0x00000490       0x70 .\CortexM0\ARM_GCC_484\Debug\PSoC_Master.a(UART_ISR.o)
 .debug_ranges  0x00000500       0x58 .\CortexM0\ARM_GCC_484\Debug\PSoC_Master.a(I2C.o)
 .debug_ranges  0x00000558       0x18 .\CortexM0\ARM_GCC_484\Debug\PSoC_Master.a(I2C_I2C.o)
 .debug_ranges  0x00000570       0x78 .\CortexM0\ARM_GCC_484\Debug\PSoC_Master.a(I2C_I2C_MASTER.o)
 .debug_ranges  0x000005e8       0x30 .\CortexM0\ARM_GCC_484\Debug\PSoC_Master.a(I2C_sda.o)
 .debug_ranges  0x00000618       0x30 .\CortexM0\ARM_GCC_484\Debug\PSoC_Master.a(I2C_scl.o)
 .debug_ranges  0x00000648      0x220 .\CortexM0\ARM_GCC_484\Debug\PSoC_Master.a(CyLib.o)
 .debug_ranges  0x00000868       0x30 .\CortexM0\ARM_GCC_484\Debug\PSoC_Master.a(BlueLED.o)
 .debug_ranges  0x00000898       0x10 .\CortexM0\ARM_GCC_484\Debug\PSoC_Master.a(I2C_I2C_INT.o)

.comment        0x00000000       0x70
 .comment       0x00000000       0x70 .\CortexM0\ARM_GCC_484\Debug\main.o
                                 0x71 (size before relaxing)
 .comment       0x00000000       0x71 .\CortexM0\ARM_GCC_484\Debug\DSP_Class.o
 .comment       0x00000000       0x71 .\CortexM0\ARM_GCC_484\Debug\I2C_Class.o
 .comment       0x00000000       0x71 .\CortexM0\ARM_GCC_484\Debug\PSoC_Master_Class.o
 .comment       0x00000000       0x71 .\CortexM0\ARM_GCC_484\Debug\UART_Class.o
 .comment       0x00000000       0x71 .\CortexM0\ARM_GCC_484\Debug\cymetadata.o
 .comment       0x00000000       0x71 .\CortexM0\ARM_GCC_484\Debug\Cm0Start.o
 .comment       0x00000000       0x71 .\CortexM0\ARM_GCC_484\Debug\PSoC_Master.a(cyfitter_cfg.o)
 .comment       0x00000000       0x71 .\CortexM0\ARM_GCC_484\Debug\PSoC_Master.a(timer_ISR.o)
 .comment       0x00000000       0x71 .\CortexM0\ARM_GCC_484\Debug\PSoC_Master.a(Timer.o)
 .comment       0x00000000       0x71 .\CortexM0\ARM_GCC_484\Debug\PSoC_Master.a(RedLED.o)
 .comment       0x00000000       0x71 .\CortexM0\ARM_GCC_484\Debug\PSoC_Master.a(UART.o)
 .comment       0x00000000       0x71 .\CortexM0\ARM_GCC_484\Debug\PSoC_Master.a(UART_SPI_UART.o)
 .comment       0x00000000       0x71 .\CortexM0\ARM_GCC_484\Debug\PSoC_Master.a(UART_UART.o)
 .comment       0x00000000       0x71 .\CortexM0\ARM_GCC_484\Debug\PSoC_Master.a(UART_ISR.o)
 .comment       0x00000000       0x71 .\CortexM0\ARM_GCC_484\Debug\PSoC_Master.a(I2C.o)
 .comment       0x00000000       0x71 .\CortexM0\ARM_GCC_484\Debug\PSoC_Master.a(I2C_I2C.o)
 .comment       0x00000000       0x71 .\CortexM0\ARM_GCC_484\Debug\PSoC_Master.a(I2C_I2C_MASTER.o)
 .comment       0x00000000       0x71 .\CortexM0\ARM_GCC_484\Debug\PSoC_Master.a(I2C_sda.o)
 .comment       0x00000000       0x71 .\CortexM0\ARM_GCC_484\Debug\PSoC_Master.a(I2C_scl.o)
 .comment       0x00000000       0x71 .\CortexM0\ARM_GCC_484\Debug\PSoC_Master.a(CyLib.o)
 .comment       0x00000000       0x71 .\CortexM0\ARM_GCC_484\Debug\PSoC_Master.a(BlueLED.o)
 .comment       0x00000000       0x71 .\CortexM0\ARM_GCC_484\Debug\PSoC_Master.a(I2C_I2C_INT.o)

.debug_weaknames
 *(.debug_weaknames)

.debug_funcnames
 *(.debug_funcnames)

.debug_typenames
 *(.debug_typenames)

.debug_varnames
 *(.debug_varnames)

.note.gnu.arm.ident
 *(.note.gnu.arm.ident)

.ARM.attributes
                0x00000000       0x28
 *(.ARM.attributes)
 .ARM.attributes
                0x00000000       0x1e c:/program files (x86)/cypress/psoc creator/3.1/psoc creator/import/gnu_cs/arm/4.8.4/bin/../lib/gcc/arm-none-eabi/4.8.4/armv6-m/crti.o
 .ARM.attributes
                0x0000001e       0x2c c:/program files (x86)/cypress/psoc creator/3.1/psoc creator/import/gnu_cs/arm/4.8.4/bin/../lib/gcc/arm-none-eabi/4.8.4/armv6-m/crtbegin.o
 .ARM.attributes
                0x0000004a       0x1b c:/program files (x86)/cypress/psoc creator/3.1/psoc creator/import/gnu_cs/arm/4.8.4/bin/../lib/gcc/arm-none-eabi/4.8.4/../../../../arm-none-eabi/lib/armv6-m/crt0.o
 .ARM.attributes
                0x00000065       0x31 .\CortexM0\ARM_GCC_484\Debug\main.o
 .ARM.attributes
                0x00000096       0x31 .\CortexM0\ARM_GCC_484\Debug\DSP_Class.o
 .ARM.attributes
                0x000000c7       0x31 .\CortexM0\ARM_GCC_484\Debug\I2C_Class.o
 .ARM.attributes
                0x000000f8       0x31 .\CortexM0\ARM_GCC_484\Debug\PSoC_Master_Class.o
 .ARM.attributes
                0x00000129       0x31 .\CortexM0\ARM_GCC_484\Debug\UART_Class.o
 .ARM.attributes
                0x0000015a       0x31 .\CortexM0\ARM_GCC_484\Debug\cymetadata.o
 .ARM.attributes
                0x0000018b       0x31 .\CortexM0\ARM_GCC_484\Debug\Cm0Start.o
 .ARM.attributes
                0x000001bc       0x31 .\CortexM0\ARM_GCC_484\Debug\PSoC_Master.a(cyfitter_cfg.o)
 .ARM.attributes
                0x000001ed       0x31 .\CortexM0\ARM_GCC_484\Debug\PSoC_Master.a(timer_ISR.o)
 .ARM.attributes
                0x0000021e       0x31 .\CortexM0\ARM_GCC_484\Debug\PSoC_Master.a(Timer.o)
 .ARM.attributes
                0x0000024f       0x31 .\CortexM0\ARM_GCC_484\Debug\PSoC_Master.a(RedLED.o)
 .ARM.attributes
                0x00000280       0x31 .\CortexM0\ARM_GCC_484\Debug\PSoC_Master.a(UART.o)
 .ARM.attributes
                0x000002b1       0x31 .\CortexM0\ARM_GCC_484\Debug\PSoC_Master.a(UART_SPI_UART.o)
 .ARM.attributes
                0x000002e2       0x31 .\CortexM0\ARM_GCC_484\Debug\PSoC_Master.a(UART_UART.o)
 .ARM.attributes
                0x00000313       0x31 .\CortexM0\ARM_GCC_484\Debug\PSoC_Master.a(UART_ISR.o)
 .ARM.attributes
                0x00000344       0x31 .\CortexM0\ARM_GCC_484\Debug\PSoC_Master.a(I2C.o)
 .ARM.attributes
                0x00000375       0x31 .\CortexM0\ARM_GCC_484\Debug\PSoC_Master.a(I2C_I2C.o)
 .ARM.attributes
                0x000003a6       0x31 .\CortexM0\ARM_GCC_484\Debug\PSoC_Master.a(I2C_I2C_MASTER.o)
 .ARM.attributes
                0x000003d7       0x31 .\CortexM0\ARM_GCC_484\Debug\PSoC_Master.a(I2C_sda.o)
 .ARM.attributes
                0x00000408       0x31 .\CortexM0\ARM_GCC_484\Debug\PSoC_Master.a(I2C_scl.o)
 .ARM.attributes
                0x00000439       0x21 .\CortexM0\ARM_GCC_484\Debug\PSoC_Master.a(CyBootAsmGnu.o)
 .ARM.attributes
                0x0000045a       0x31 .\CortexM0\ARM_GCC_484\Debug\PSoC_Master.a(CyLib.o)
 .ARM.attributes
                0x0000048b       0x31 .\CortexM0\ARM_GCC_484\Debug\PSoC_Master.a(BlueLED.o)
 .ARM.attributes
                0x000004bc       0x31 .\CortexM0\ARM_GCC_484\Debug\PSoC_Master.a(I2C_I2C_INT.o)
 .ARM.attributes
                0x000004ed       0x1e c:/program files (x86)/cypress/psoc creator/3.1/psoc creator/import/gnu_cs/arm/4.8.4/bin/../lib/gcc/arm-none-eabi/4.8.4/armv6-m\libgcc.a(_udivsi3.o)
 .ARM.attributes
                0x0000050b       0x1e c:/program files (x86)/cypress/psoc creator/3.1/psoc creator/import/gnu_cs/arm/4.8.4/bin/../lib/gcc/arm-none-eabi/4.8.4/armv6-m\libgcc.a(_divsi3.o)
 .ARM.attributes
                0x00000529       0x1e c:/program files (x86)/cypress/psoc creator/3.1/psoc creator/import/gnu_cs/arm/4.8.4/bin/../lib/gcc/arm-none-eabi/4.8.4/armv6-m\libgcc.a(_dvmd_tls.o)
 .ARM.attributes
                0x00000547       0x1e c:/program files (x86)/cypress/psoc creator/3.1/psoc creator/import/gnu_cs/arm/4.8.4/bin/../lib/gcc/arm-none-eabi/4.8.4/armv6-m\libgcc.a(_arm_cmpsf2.o)
 .ARM.attributes
                0x00000565       0x1e c:/program files (x86)/cypress/psoc creator/3.1/psoc creator/import/gnu_cs/arm/4.8.4/bin/../lib/gcc/arm-none-eabi/4.8.4/armv6-m\libgcc.a(_aeabi_ldivmod.o)
 .ARM.attributes
                0x00000583       0x2c c:/program files (x86)/cypress/psoc creator/3.1/psoc creator/import/gnu_cs/arm/4.8.4/bin/../lib/gcc/arm-none-eabi/4.8.4/armv6-m\libgcc.a(_fixunssfsi.o)
 .ARM.attributes
                0x000005af       0x2c c:/program files (x86)/cypress/psoc creator/3.1/psoc creator/import/gnu_cs/arm/4.8.4/bin/../lib/gcc/arm-none-eabi/4.8.4/armv6-m\libgcc.a(_floatdisf.o)
 .ARM.attributes
                0x000005db       0x2c c:/program files (x86)/cypress/psoc creator/3.1/psoc creator/import/gnu_cs/arm/4.8.4/bin/../lib/gcc/arm-none-eabi/4.8.4/armv6-m\libgcc.a(bpabi.o)
 .ARM.attributes
                0x00000607       0x2c c:/program files (x86)/cypress/psoc creator/3.1/psoc creator/import/gnu_cs/arm/4.8.4/bin/../lib/gcc/arm-none-eabi/4.8.4/armv6-m\libgcc.a(addsf3.o)
 .ARM.attributes
                0x00000633       0x2c c:/program files (x86)/cypress/psoc creator/3.1/psoc creator/import/gnu_cs/arm/4.8.4/bin/../lib/gcc/arm-none-eabi/4.8.4/armv6-m\libgcc.a(divsf3.o)
 .ARM.attributes
                0x0000065f       0x2c c:/program files (x86)/cypress/psoc creator/3.1/psoc creator/import/gnu_cs/arm/4.8.4/bin/../lib/gcc/arm-none-eabi/4.8.4/armv6-m\libgcc.a(eqsf2.o)
 .ARM.attributes
                0x0000068b       0x2c c:/program files (x86)/cypress/psoc creator/3.1/psoc creator/import/gnu_cs/arm/4.8.4/bin/../lib/gcc/arm-none-eabi/4.8.4/armv6-m\libgcc.a(gesf2.o)
 .ARM.attributes
                0x000006b7       0x2c c:/program files (x86)/cypress/psoc creator/3.1/psoc creator/import/gnu_cs/arm/4.8.4/bin/../lib/gcc/arm-none-eabi/4.8.4/armv6-m\libgcc.a(lesf2.o)
 .ARM.attributes
                0x000006e3       0x2c c:/program files (x86)/cypress/psoc creator/3.1/psoc creator/import/gnu_cs/arm/4.8.4/bin/../lib/gcc/arm-none-eabi/4.8.4/armv6-m\libgcc.a(mulsf3.o)
 .ARM.attributes
                0x0000070f       0x2c c:/program files (x86)/cypress/psoc creator/3.1/psoc creator/import/gnu_cs/arm/4.8.4/bin/../lib/gcc/arm-none-eabi/4.8.4/armv6-m\libgcc.a(subsf3.o)
 .ARM.attributes
                0x0000073b       0x2c c:/program files (x86)/cypress/psoc creator/3.1/psoc creator/import/gnu_cs/arm/4.8.4/bin/../lib/gcc/arm-none-eabi/4.8.4/armv6-m\libgcc.a(fixsfsi.o)
 .ARM.attributes
                0x00000767       0x2c c:/program files (x86)/cypress/psoc creator/3.1/psoc creator/import/gnu_cs/arm/4.8.4/bin/../lib/gcc/arm-none-eabi/4.8.4/armv6-m\libgcc.a(adddf3.o)
 .ARM.attributes
                0x00000793       0x2c c:/program files (x86)/cypress/psoc creator/3.1/psoc creator/import/gnu_cs/arm/4.8.4/bin/../lib/gcc/arm-none-eabi/4.8.4/armv6-m\libgcc.a(muldf3.o)
 .ARM.attributes
                0x000007bf       0x2c c:/program files (x86)/cypress/psoc creator/3.1/psoc creator/import/gnu_cs/arm/4.8.4/bin/../lib/gcc/arm-none-eabi/4.8.4/armv6-m\libgcc.a(floatsidf.o)
 .ARM.attributes
                0x000007eb       0x2c c:/program files (x86)/cypress/psoc creator/3.1/psoc creator/import/gnu_cs/arm/4.8.4/bin/../lib/gcc/arm-none-eabi/4.8.4/armv6-m\libgcc.a(floatunsidf.o)
 .ARM.attributes
                0x00000817       0x2c c:/program files (x86)/cypress/psoc creator/3.1/psoc creator/import/gnu_cs/arm/4.8.4/bin/../lib/gcc/arm-none-eabi/4.8.4/armv6-m\libgcc.a(truncdfsf2.o)
 .ARM.attributes
                0x00000843       0x1e c:/program files (x86)/cypress/psoc creator/3.1/psoc creator/import/gnu_cs/arm/4.8.4/bin/../lib/gcc/arm-none-eabi/4.8.4/armv6-m\libgcc.a(_clzsi2.o)
 .ARM.attributes
                0x00000861       0x2c c:/program files (x86)/cypress/psoc creator/3.1/psoc creator/import/gnu_cs/arm/4.8.4/bin/../lib/gcc/arm-none-eabi/4.8.4/armv6-m\libgcc.a(_muldi3.o)
 .ARM.attributes
                0x0000088d       0x2c c:/program files (x86)/cypress/psoc creator/3.1/psoc creator/import/gnu_cs/arm/4.8.4/bin/../lib/gcc/arm-none-eabi/4.8.4/armv6-m\libgcc.a(_divdi3.o)
 .ARM.attributes
                0x000008b9       0x2c c:/program files (x86)/cypress/psoc creator/3.1/psoc creator/import/gnu_cs/arm/4.8.4/bin/../lib/gcc/arm-none-eabi/4.8.4/armv6-m\libgcc.a(_udivdi3.o)
 .ARM.attributes
                0x000008e5       0x2c c:/program files (x86)/cypress/psoc creator/3.1/psoc creator/import/gnu_cs/arm/4.8.4/bin/../lib/gcc/arm-none-eabi/4.8.4/../../../../arm-none-eabi/lib/armv6-m\libg_s.a(lib_a-errno.o)
 .ARM.attributes
                0x00000911       0x2c c:/program files (x86)/cypress/psoc creator/3.1/psoc creator/import/gnu_cs/arm/4.8.4/bin/../lib/gcc/arm-none-eabi/4.8.4/../../../../arm-none-eabi/lib/armv6-m\libg_s.a(lib_a-exit.o)
 .ARM.attributes
                0x0000093d       0x2c c:/program files (x86)/cypress/psoc creator/3.1/psoc creator/import/gnu_cs/arm/4.8.4/bin/../lib/gcc/arm-none-eabi/4.8.4/../../../../arm-none-eabi/lib/armv6-m\libg_s.a(lib_a-impure.o)
 .ARM.attributes
                0x00000969       0x2c c:/program files (x86)/cypress/psoc creator/3.1/psoc creator/import/gnu_cs/arm/4.8.4/bin/../lib/gcc/arm-none-eabi/4.8.4/../../../../arm-none-eabi/lib/armv6-m\libg_s.a(lib_a-init.o)
 .ARM.attributes
                0x00000995       0x2c c:/program files (x86)/cypress/psoc creator/3.1/psoc creator/import/gnu_cs/arm/4.8.4/bin/../lib/gcc/arm-none-eabi/4.8.4/../../../../arm-none-eabi/lib/armv6-m\libg_s.a(lib_a-memcpy-stub.o)
 .ARM.attributes
                0x000009c1       0x2c c:/program files (x86)/cypress/psoc creator/3.1/psoc creator/import/gnu_cs/arm/4.8.4/bin/../lib/gcc/arm-none-eabi/4.8.4/../../../../arm-none-eabi/lib/armv6-m\libg_s.a(lib_a-memset.o)
 .ARM.attributes
                0x000009ed       0x2c c:/program files (x86)/cypress/psoc creator/3.1/psoc creator/import/gnu_cs/arm/4.8.4/bin/../lib/gcc/arm-none-eabi/4.8.4/armv6-m/crtend.o
 .ARM.attributes
                0x00000a19       0x1e c:/program files (x86)/cypress/psoc creator/3.1/psoc creator/import/gnu_cs/arm/4.8.4/bin/../lib/gcc/arm-none-eabi/4.8.4/armv6-m/crtn.o

/DISCARD/
 *(.note.GNU-stack)
OUTPUT(.\CortexM0\ARM_GCC_484\Debug\PSoC_Master.elf elf32-littlearm)
