Archive member included because of file (symbol)

.\CortexM0\ARM_GCC_484\Debug\PSoC_Master.a(cyfitter_cfg.o)
                              .\CortexM0\ARM_GCC_484\Debug\Cm0Start.o (cyfitter_cfg)
.\CortexM0\ARM_GCC_484\Debug\PSoC_Master.a(Timer.o)
                              .\CortexM0\ARM_GCC_484\Debug\PSoC_Master_Class.o (Timer_Start)
.\CortexM0\ARM_GCC_484\Debug\PSoC_Master.a(RedLED.o)
                              .\CortexM0\ARM_GCC_484\Debug\PSoC_Master_Class.o (RedLED_Write)
.\CortexM0\ARM_GCC_484\Debug\PSoC_Master.a(UART.o)
                              .\CortexM0\ARM_GCC_484\Debug\PSoC_Master_Class.o (UART_Start)
.\CortexM0\ARM_GCC_484\Debug\PSoC_Master.a(UART_SPI_UART.o)
                              .\CortexM0\ARM_GCC_484\Debug\UART_Class.o (UART_SpiUartWriteTxData)
.\CortexM0\ARM_GCC_484\Debug\PSoC_Master.a(UART_UART.o)
                              .\CortexM0\ARM_GCC_484\Debug\PSoC_Master.a(UART.o) (UART_UartInit)
.\CortexM0\ARM_GCC_484\Debug\PSoC_Master.a(UART_ISR.o)
                              .\CortexM0\ARM_GCC_484\Debug\PSoC_Master_Class.o (UART_ISR_StartEx)
.\CortexM0\ARM_GCC_484\Debug\PSoC_Master.a(I2C.o)
                              .\CortexM0\ARM_GCC_484\Debug\I2C_Class.o (I2C_Start)
.\CortexM0\ARM_GCC_484\Debug\PSoC_Master.a(I2C_I2C.o)
                              .\CortexM0\ARM_GCC_484\Debug\PSoC_Master.a(I2C.o) (I2C_I2CInit)
.\CortexM0\ARM_GCC_484\Debug\PSoC_Master.a(I2C_I2C_MASTER.o)
                              .\CortexM0\ARM_GCC_484\Debug\PSoC_Master.a(I2C_I2C.o) (I2C_mstrStatus)
.\CortexM0\ARM_GCC_484\Debug\PSoC_Master.a(I2C_sda.o)
                              .\CortexM0\ARM_GCC_484\Debug\PSoC_Master.a(I2C_I2C_MASTER.o) (I2C_sda_Read)
.\CortexM0\ARM_GCC_484\Debug\PSoC_Master.a(I2C_scl.o)
                              .\CortexM0\ARM_GCC_484\Debug\PSoC_Master.a(I2C_I2C_MASTER.o) (I2C_scl_Write)
.\CortexM0\ARM_GCC_484\Debug\PSoC_Master.a(CyBootAsmGnu.o)
                              .\CortexM0\ARM_GCC_484\Debug\PSoC_Master.a(cyfitter_cfg.o) (CyDelayCycles)
.\CortexM0\ARM_GCC_484\Debug\PSoC_Master.a(CyLib.o)
                              .\CortexM0\ARM_GCC_484\Debug\PSoC_Master.a(cyfitter_cfg.o) (CyDelayUs)
.\CortexM0\ARM_GCC_484\Debug\PSoC_Master.a(BlueLED.o)
                              .\CortexM0\ARM_GCC_484\Debug\PSoC_Master_Class.o (BlueLED_Write)
.\CortexM0\ARM_GCC_484\Debug\PSoC_Master.a(I2C_I2C_INT.o)
                              .\CortexM0\ARM_GCC_484\Debug\PSoC_Master.a(I2C_I2C.o) (I2C_I2C_ISR)
c:/program files (x86)/cypress/psoc creator/3.1/psoc creator/import/gnu_cs/arm/4.8.4/bin/../lib/gcc/arm-none-eabi/4.8.4/armv6-m\libgcc.a(_udivsi3.o)
                              .\CortexM0\ARM_GCC_484\Debug\PSoC_Master.a(CyLib.o) (__aeabi_uidiv)
c:/program files (x86)/cypress/psoc creator/3.1/psoc creator/import/gnu_cs/arm/4.8.4/bin/../lib/gcc/arm-none-eabi/4.8.4/armv6-m\libgcc.a(_divsi3.o)
                              .\CortexM0\ARM_GCC_484\Debug\DSP_Class.o (__aeabi_idiv)
c:/program files (x86)/cypress/psoc creator/3.1/psoc creator/import/gnu_cs/arm/4.8.4/bin/../lib/gcc/arm-none-eabi/4.8.4/armv6-m\libgcc.a(_dvmd_tls.o)
                              c:/program files (x86)/cypress/psoc creator/3.1/psoc creator/import/gnu_cs/arm/4.8.4/bin/../lib/gcc/arm-none-eabi/4.8.4/armv6-m\libgcc.a(_udivsi3.o) (__aeabi_idiv0)
c:/program files (x86)/cypress/psoc creator/3.1/psoc creator/import/gnu_cs/arm/4.8.4/bin/../lib/gcc/arm-none-eabi/4.8.4/armv6-m\libgcc.a(_arm_cmpsf2.o)
                              .\CortexM0\ARM_GCC_484\Debug\DSP_Class.o (__aeabi_fcmplt)
c:/program files (x86)/cypress/psoc creator/3.1/psoc creator/import/gnu_cs/arm/4.8.4/bin/../lib/gcc/arm-none-eabi/4.8.4/armv6-m\libgcc.a(_aeabi_ldivmod.o)
                              .\CortexM0\ARM_GCC_484\Debug\DSP_Class.o (__aeabi_ldivmod)
c:/program files (x86)/cypress/psoc creator/3.1/psoc creator/import/gnu_cs/arm/4.8.4/bin/../lib/gcc/arm-none-eabi/4.8.4/armv6-m\libgcc.a(_fixunssfsi.o)
                              .\CortexM0\ARM_GCC_484\Debug\DSP_Class.o (__aeabi_f2uiz)
c:/program files (x86)/cypress/psoc creator/3.1/psoc creator/import/gnu_cs/arm/4.8.4/bin/../lib/gcc/arm-none-eabi/4.8.4/armv6-m\libgcc.a(_floatdisf.o)
                              .\CortexM0\ARM_GCC_484\Debug\DSP_Class.o (__aeabi_l2f)
c:/program files (x86)/cypress/psoc creator/3.1/psoc creator/import/gnu_cs/arm/4.8.4/bin/../lib/gcc/arm-none-eabi/4.8.4/armv6-m\libgcc.a(bpabi.o)
                              c:/program files (x86)/cypress/psoc creator/3.1/psoc creator/import/gnu_cs/arm/4.8.4/bin/../lib/gcc/arm-none-eabi/4.8.4/armv6-m\libgcc.a(_aeabi_ldivmod.o) (__gnu_ldivmod_helper)
c:/program files (x86)/cypress/psoc creator/3.1/psoc creator/import/gnu_cs/arm/4.8.4/bin/../lib/gcc/arm-none-eabi/4.8.4/armv6-m\libgcc.a(addsf3.o)
                              .\CortexM0\ARM_GCC_484\Debug\DSP_Class.o (__aeabi_fadd)
c:/program files (x86)/cypress/psoc creator/3.1/psoc creator/import/gnu_cs/arm/4.8.4/bin/../lib/gcc/arm-none-eabi/4.8.4/armv6-m\libgcc.a(divsf3.o)
[...]
Memory Configuration

Name             Origin             Length             Attributes
rom              0x00000000         0x00008000         xr
ram              0x20000000         0x00001000         xrw
*default*        0x00000000         0xffffffff

Linker script and memory map

LOAD c:/program files (x86)/cypress/psoc creator/3.1/psoc creator/import/gnu_cs/arm/4.8.4/bin/../lib/gcc/arm-none-eabi/4.8.4/armv6-m/crti.o
LOAD c:/program files (x86)/cypress/psoc creator/3.1/psoc creator/import/gnu_cs/arm/4.8.4/bin/../lib/gcc/arm-none-eabi/4.8.4/armv6-m/crtbegin.o
LOAD c:/program files (x86)/cypress/psoc creator/3.1/psoc creator/import/gnu_cs/arm/4.8.4/bin/../lib/gcc/arm-none-eabi/4.8.4/../../../../arm-none-eabi/lib/armv6-m/crt0.o
START GROUP
LOAD .\CortexM0\ARM_GCC_484\Debug\main.o
LOAD .\CortexM0\ARM_GCC_484\Debug\DSP_Class.o
LOAD .\CortexM0\ARM_GCC_484\Debug\PSoC_Master_Class.o
LOAD .\CortexM0\ARM_GCC_484\Debug\UART_Class.o
LOAD .\CortexM0\ARM_GCC_484\Debug\I2C_Class.o
LOAD .\CortexM0\ARM_GCC_484\Debug\cymetadata.o
LOAD .\CortexM0\ARM_GCC_484\Debug\Cm0Start.o
LOAD .\CortexM0\ARM_GCC_484\Debug\PSoC_Master.a
LOAD C:\Program Files (x86)\Cypress\PSoC Creator\3.1\PSoC Creator\psoc\content\cycomponentlibrary\CyComponentLibrary.cylib\CortexM0\ARM_GCC_484\Debug\CyComponentLibrary.a
END GROUP
START GROUP
LOAD c:/program files (x86)/cypress/psoc creator/3.1/psoc creator/import/gnu_cs/arm/4.8.4/bin/../lib/gcc/arm-none-eabi/4.8.4/armv6-m\libgcc.a
LOAD c:/program files (x86)/cypress/psoc creator/3.1/psoc creator/import/gnu_cs/arm/4.8.4/bin/../lib/gcc/arm-none-eabi/4.8.4/../../../../arm-none-eabi/lib/armv6-m\libg_s.a
LOAD c:/program files (x86)/cypress/psoc creator/3.1/psoc creator/import/gnu_cs/arm/4.8.4/bin/../lib/gcc/arm-none-eabi/4.8.4/../../../../arm-none-eabi/lib/armv6-m\libc_s.a
END GROUP
START GROUP
LOAD c:/program files (x86)/cypress/psoc creator/3.1/psoc creator/import/gnu_cs/arm/4.8.4/bin/../lib/gcc/arm-none-eabi/4.8.4/armv6-m\libgcc.a
LOAD c:/program files (x86)/cypress/psoc creator/3.1/psoc creator/import/gnu_cs/arm/4.8.4/bin/../lib/gcc/arm-none-eabi/4.8.4/../../../../arm-none-eabi/lib/armv6-m\libc_s.a
END GROUP
LOAD c:/program files (x86)/cypress/psoc creator/3.1/psoc creator/import/gnu_cs/arm/4.8.4/bin/../lib/gcc/arm-none-eabi/4.8.4/armv6-m/crtend.o
LOAD c:/program files (x86)/cypress/psoc creator/3.1/psoc creator/import/gnu_cs/arm/4.8.4/bin/../lib/gcc/arm-none-eabi/4.8.4/armv6-m/crtn.o
START GROUP
LOAD c:/program files (x86)/cypress/psoc creator/3.1/psoc creator/import/gnu_cs/arm/4.8.4/bin/../lib/gcc/arm-none-eabi/4.8.4/armv6-m\libgcc.a
LOAD c:/program files (x86)/cypress/psoc creator/3.1/psoc creator/import/gnu_cs/arm/4.8.4/bin/../lib/gcc/arm-none-eabi/4.8.4/../../../../arm-none-eabi/lib/armv6-m\libc.a
LOAD c:/program files (x86)/cypress/psoc creator/3.1/psoc creator/import/gnu_cs/arm/4.8.4/bin/../lib/gcc/arm-none-eabi/4.8.4/../../../../arm-none-eabi/lib/armv6-m\libnosys.a
END GROUP
                0x00000000                CY_APPL_ORIGIN = 0x0
                0x00000080                CY_FLASH_ROW_SIZE = 0x80
                0x00000001                CY_APPL_NUM = 0x1
                0x00000040                CY_METADATA_SIZE = 0x40
                0x20000280                PROVIDE (__cy_heap_start, _end)
                0x00000001                PROVIDE (__cy_region_num, ((__cy_regions_end - __cy_regions) / 0x10))
                0x20001000                PROVIDE (__cy_stack, (ORIGIN (ram) + 0x1000))
                0x20000c00                PROVIDE (__cy_heap_end, (__cy_stack - 0x400))

.cybootloader   0x00000000        0x0
 *(.cybootloader)
                0x00000000                appl1_start = CY_APPL_ORIGIN?CY_APPL_ORIGIN:ALIGN (CY_FLASH_ROW_SIZE)
                0x00003f80                appl2_start = (appl1_start + ALIGN ((((0x8000 - appl1_start) - (0x2 * CY_FLASH_ROW_SIZE)) / 0x2), CY_FLASH_ROW_SIZE))
                0x00000000                appl_start = (CY_APPL_NUM == 0x1)?appl1_start:appl2_start

.text           0x00000000     0x1e2c
 CREATE_OBJECT_SYMBOLS
                0x00000000                PROVIDE (__cy_interrupt_vector, RomVectors)
 *(.romvectors)
 .romvectors    0x00000000       0x10 .\CortexM0\ARM_GCC_484\Debug\Cm0Start.o
                0x00000000                RomVectors
                0x00000001                ASSERT ((. != __cy_interrupt_vector), No interrupt vector)
                0x00000001                ASSERT (CY_APPL_ORIGIN?(SIZEOF (.cybootloader) <= CY_APPL_ORIGIN):0x1, Wrong image location)
                0x00000010                PROVIDE (__cy_reset, Reset)
 *(.text.Reset)
 .text.Reset    0x00000010        0x8 .\CortexM0\ARM_GCC_484\Debug\Cm0Start.o
                0x00000010                Reset
                0x00000001                ASSERT ((. != __cy_reset), No reset code)
 *(.psocinit)
 .psocinit      0x00000018      0x2a4 .\CortexM0\ARM_GCC_484\Debug\PSoC_Master.a(cyfitter_cfg.o)
                0x00000178                cyfitter_cfg
                0x000002bc                . = MAX (., 0x100)
 *(.text .text.* .gnu.linkonce.t.*)
 .text          0x000002bc       0x60 c:/program files (x86)/cypress/psoc creator/3.1/psoc creator/import/gnu_cs/arm/4.8.4/bin/../lib/gcc/arm-none-eabi/4.8.4/armv6-m/crtbegin.o
 .text.main     0x0000031c       0x40 .\CortexM0\ARM_GCC_484\Debug\main.o
                0x0000031c                main
 .text.initDSP  0x0000035c      0x118 .\CortexM0\ARM_GCC_484\Debug\DSP_Class.o
                0x0000035c                initDSP
 .text.getTemp_DSP
                0x00000474       0x14 .\CortexM0\ARM_GCC_484\Debug\DSP_Class.o
                0x00000474                getTemp_DSP
 .text.getHum_DSP
                0x00000488       0x14 .\CortexM0\ARM_GCC_484\Debug\DSP_Class.o
                0x00000488                getHum_DSP
 .text.getLight_DSP
                0x0000049c       0x14 .\CortexM0\ARM_GCC_484\Debug\DSP_Class.o
                0x0000049c                getLight_DSP
 .text.initPSoC_Master
                0x000004b0       0x84 .\CortexM0\ARM_GCC_484\Debug\PSoC_Master_Class.o
                0x000004b0                initPSoC_Master
 .text.UART_ISR
                0x00000534      0x1a4 .\CortexM0\ARM_GCC_484\Debug\PSoC_Master_Class.o
                0x00000534                UART_ISR
 .text.initUART
                0x000006d8        0xc .\CortexM0\ARM_GCC_484\Debug\UART_Class.o
                0x000006d8                initUART
 .text.respondTemp
                0x000006e4       0x40 .\CortexM0\ARM_GCC_484\Debug\UART_Class.o
                0x000006e4                respondTemp
 .text.respondHum
                0x00000724       0x40 .\CortexM0\ARM_GCC_484\Debug\UART_Class.o
                0x00000724                respondHum
 .text.respondLight
                0x00000764       0x40 .\CortexM0\ARM_GCC_484\Debug\UART_Class.o
                0x00000764                respondLight
 .text.respondHeat
                0x000007a4       0x48 .\CortexM0\ARM_GCC_484\Debug\UART_Class.o
                0x000007a4                respondHeat
 .text.respondWin
                0x000007ec       0x38 .\CortexM0\ARM_GCC_484\Debug\UART_Class.o
                0x000007ec                respondWin
 .text.respondVent
                0x00000824       0x38 .\CortexM0\ARM_GCC_484\Debug\UART_Class.o
                0x00000824                respondVent
 .text.respondIrri
                0x0000085c       0x38 .\CortexM0\ARM_GCC_484\Debug\UART_Class.o
                0x0000085c                respondIrri
 .text.dkRequest
                0x00000894       0x14 .\CortexM0\ARM_GCC_484\Debug\UART_Class.o
                0x00000894                dkRequest
 .text.initI2C  0x000008a8       0x14 .\CortexM0\ARM_GCC_484\Debug\I2C_Class.o
                0x000008a8                initI2C
 .text.adjustWindow
                0x000008bc       0xa4 .\CortexM0\ARM_GCC_484\Debug\I2C_Class.o
                0x000008bc                adjustWindow
 .text.adjustHeat
                0x00000960       0xa4 .\CortexM0\ARM_GCC_484\Debug\I2C_Class.o
                0x00000960                adjustHeat
 .text.adjustVentilation
                0x00000a04       0xb4 .\CortexM0\ARM_GCC_484\Debug\I2C_Class.o
                0x00000a04                adjustVentilation
 .text.adjustIrrigation
                0x00000ab8       0xf4 .\CortexM0\ARM_GCC_484\Debug\I2C_Class.o
                0x00000ab8                adjustIrrigation
 .text.getActuatorStatus
                0x00000bac       0xc4 .\CortexM0\ARM_GCC_484\Debug\I2C_Class.o
                0x00000bac                getActuatorStatus
 .text.IntDefaultHandler
                0x00000c70        0x8 .\CortexM0\ARM_GCC_484\Debug\Cm0Start.o
                0x00000c70                IntDefaultHandler
 .text.Start_c  0x00000c78       0x98 .\CortexM0\ARM_GCC_484\Debug\Cm0Start.o
                0x00000c78                Start_c
 .text.initialize_psoc
                0x00000d10       0x64 .\CortexM0\ARM_GCC_484\Debug\Cm0Start.o
                0x00000d10                initialize_psoc
 .text.CYMEMZERO
                0x00000d74       0x20 .\CortexM0\ARM_GCC_484\Debug\PSoC_Master.a(cyfitter_cfg.o)
 .text.AnalogSetDefault
                0x00000d94        0x8 .\CortexM0\ARM_GCC_484\Debug\PSoC_Master.a(cyfitter_cfg.o)
 .text.Timer_Init
                0x00000d9c       0x3c .\CortexM0\ARM_GCC_484\Debug\PSoC_Master.a(Timer.o)
                0x00000d9c                Timer_Init
 .text.Timer_Enable
                0x00000dd8       0x38 .\CortexM0\ARM_GCC_484\Debug\PSoC_Master.a(Timer.o)
                0x00000dd8                Timer_Enable
 .text.Timer_Start
                0x00000e10       0x24 .\CortexM0\ARM_GCC_484\Debug\PSoC_Master.a(Timer.o)
                0x00000e10                Timer_Start
 .text.Timer_WriteCounter
                0x00000e34       0x1c .\CortexM0\ARM_GCC_484\Debug\PSoC_Master.a(Timer.o)
                0x00000e34                Timer_WriteCounter
 .text.Timer_WritePeriod
                0x00000e50       0x1c .\CortexM0\ARM_GCC_484\Debug\PSoC_Master.a(Timer.o)
                0x00000e50                Timer_WritePeriod
 .text.Timer_TriggerCommand
                0x00000e6c       0x3c .\CortexM0\ARM_GCC_484\Debug\PSoC_Master.a(Timer.o)
                0x00000e6c                Timer_TriggerCommand
 .text.Timer_SetInterruptMode
                0x00000ea8       0x18 .\CortexM0\ARM_GCC_484\Debug\PSoC_Master.a(Timer.o)
                0x00000ea8                Timer_SetInterruptMode
 .text.RedLED_Write
                0x00000ec0       0x4c .\CortexM0\ARM_GCC_484\Debug\PSoC_Master.a(RedLED.o)
                0x00000ec0                RedLED_Write
 .text.UART_Init
                0x00000f0c        0xc .\CortexM0\ARM_GCC_484\Debug\PSoC_Master.a(UART.o)
                0x00000f0c                UART_Init
 .text.UART_Enable
                0x00000f18       0x20 .\CortexM0\ARM_GCC_484\Debug\PSoC_Master.a(UART.o)
                0x00000f18                UART_Enable
 .text.UART_Start
                0x00000f38       0x24 .\CortexM0\ARM_GCC_484\Debug\PSoC_Master.a(UART.o)
                0x00000f38                UART_Start
 .text.UART_ScbEnableIntr
                0x00000f5c        0x8 .\CortexM0\ARM_GCC_484\Debug\PSoC_Master.a(UART.o)
 .text.UART_SpiUartReadRxData
                0x00000f64       0x20 .\CortexM0\ARM_GCC_484\Debug\PSoC_Master.a(UART_SPI_UART.o)
                0x00000f64                UART_SpiUartReadRxData
 .text.UART_SpiUartGetRxBufferSize
                0x00000f84       0x20 .\CortexM0\ARM_GCC_484\Debug\PSoC_Master.a(UART_SPI_UART.o)
                0x00000f84                UART_SpiUartGetRxBufferSize
 .text.UART_SpiUartWriteTxData
                0x00000fa4       0x2c .\CortexM0\ARM_GCC_484\Debug\PSoC_Master.a(UART_SPI_UART.o)
                0x00000fa4                UART_SpiUartWriteTxData
 .text.UART_UartInit
                0x00000fd0       0xa8 .\CortexM0\ARM_GCC_484\Debug\PSoC_Master.a(UART_UART.o)
                0x00000fd0                UART_UartInit
 .text.UART_UartGetChar
                0x00001078       0x44 .\CortexM0\ARM_GCC_484\Debug\PSoC_Master.a(UART_UART.o)
                0x00001078                UART_UartGetChar
 .text.UART_ISR_StartEx
                0x000010bc       0x24 .\CortexM0\ARM_GCC_484\Debug\PSoC_Master.a(UART_ISR.o)
                0x000010bc                UART_ISR_StartEx
 .text.UART_ISR_SetVector
                0x000010e0       0x18 .\CortexM0\ARM_GCC_484\Debug\PSoC_Master.a(UART_ISR.o)
                0x000010e0                UART_ISR_SetVector
 .text.UART_ISR_SetPriority
                0x000010f8       0x4c .\CortexM0\ARM_GCC_484\Debug\PSoC_Master.a(UART_ISR.o)
                0x000010f8                UART_ISR_SetPriority
 .text.UART_ISR_Enable
                0x00001144       0x14 .\CortexM0\ARM_GCC_484\Debug\PSoC_Master.a(UART_ISR.o)
                0x00001144                UART_ISR_Enable
 .text.UART_ISR_Disable
                0x00001158       0x14 .\CortexM0\ARM_GCC_484\Debug\PSoC_Master.a(UART_ISR.o)
                0x00001158                UART_ISR_Disable
 .text.I2C_Init
                0x0000116c        0xc .\CortexM0\ARM_GCC_484\Debug\PSoC_Master.a(I2C.o)
                0x0000116c                I2C_Init
 .text.I2C_Enable
                0x00001178       0x20 .\CortexM0\ARM_GCC_484\Debug\PSoC_Master.a(I2C.o)
                0x00001178                I2C_Enable
 .text.I2C_Start
                0x00001198       0x24 .\CortexM0\ARM_GCC_484\Debug\PSoC_Master.a(I2C.o)
                0x00001198                I2C_Start
 .text.I2C_ScbEnableIntr
                0x000011bc       0x10 .\CortexM0\ARM_GCC_484\Debug\PSoC_Master.a(I2C.o)
 .text.I2C_I2CInit
                0x000011cc       0xe8 .\CortexM0\ARM_GCC_484\Debug\PSoC_Master.a(I2C_I2C.o)
                0x000011cc                I2C_I2CInit
 .text.I2C_I2CMasterWriteBuf
                0x000012b4      0x11c .\CortexM0\ARM_GCC_484\Debug\PSoC_Master.a(I2C_I2C_MASTER.o)
                0x000012b4                I2C_I2CMasterWriteBuf
 .text.I2C_I2CMasterReadBuf
                0x000013d0      0x12c .\CortexM0\ARM_GCC_484\Debug\PSoC_Master.a(I2C_I2C_MASTER.o)
                0x000013d0                I2C_I2CMasterReadBuf
 .text.I2C_I2CMasterStatus
                0x000014fc       0x44 .\CortexM0\ARM_GCC_484\Debug\PSoC_Master.a(I2C_I2C_MASTER.o)
                0x000014fc                I2C_I2CMasterStatus
 .text.I2C_I2CMasterClearStatus
                0x00001540       0x30 .\CortexM0\ARM_GCC_484\Debug\PSoC_Master.a(I2C_I2C_MASTER.o)
                0x00001540                I2C_I2CMasterClearStatus
 .text.I2C_I2CReStartGeneration
                0x00001570       0xb0 .\CortexM0\ARM_GCC_484\Debug\PSoC_Master.a(I2C_I2C_MASTER.o)
                0x00001570                I2C_I2CReStartGeneration
 .text.I2C_sda_Read
                0x00001620       0x1c .\CortexM0\ARM_GCC_484\Debug\PSoC_Master.a(I2C_sda.o)
                0x00001620                I2C_sda_Read
 .text.I2C_scl_Write
                0x0000163c       0x48 .\CortexM0\ARM_GCC_484\Debug\PSoC_Master.a(I2C_scl.o)
                0x0000163c                I2C_scl_Write
 .text.I2C_scl_Read
                0x00001684       0x1c .\CortexM0\ARM_GCC_484\Debug\PSoC_Master.a(I2C_scl.o)
                0x00001684                I2C_scl_Read
 .text          0x000016a0       0x28 .\CortexM0\ARM_GCC_484\Debug\PSoC_Master.a(CyBootAsmGnu.o)
                0x000016a0                CyDelayCycles
                0x000016b4                CyEnterCriticalSection
                0x000016bc                CyExitCriticalSection
 .text.CyIntSetVector
                0x000016c8       0x4c .\CortexM0\ARM_GCC_484\Debug\PSoC_Master.a(CyLib.o)
                0x000016c8                CyIntSetVector
 .text.CyIntSetPriority
                0x00001714       0xa8 .\CortexM0\ARM_GCC_484\Debug\PSoC_Master.a(CyLib.o)
                0x00001714                CyIntSetPriority
 .text.CyIntEnable
                0x000017bc       0x2c .\CortexM0\ARM_GCC_484\Debug\PSoC_Master.a(CyLib.o)
                0x000017bc                CyIntEnable
 .text.CyIntDisable
                0x000017e8       0x2c .\CortexM0\ARM_GCC_484\Debug\PSoC_Master.a(CyLib.o)
                0x000017e8                CyIntDisable
 .text.CyHalt   0x00001814       0x14 .\CortexM0\ARM_GCC_484\Debug\PSoC_Master.a(CyLib.o)
                0x00001814                CyHalt
 .text.CyDelay  0x00001828       0x48 .\CortexM0\ARM_GCC_484\Debug\PSoC_Master.a(CyLib.o)
                0x00001828                CyDelay
 .text.CyDelayUs
                0x00001870       0x28 .\CortexM0\ARM_GCC_484\Debug\PSoC_Master.a(CyLib.o)
                0x00001870                CyDelayUs
 .text.BlueLED_Write
                0x00001898       0x4c .\CortexM0\ARM_GCC_484\Debug\PSoC_Master.a(BlueLED.o)
                0x00001898                BlueLED_Write
 .text.I2C_I2C_ISR
                0x000018e4      0x4ec .\CortexM0\ARM_GCC_484\Debug\PSoC_Master.a(I2C_I2C_INT.o)
                0x000018e4                I2C_I2C_ISR
 .text.__libc_init_array
                0x00001dd0       0x4c c:/program files (x86)/cypress/psoc creator/3.1/psoc creator/import/gnu_cs/arm/4.8.4/bin/../lib/gcc/arm-none-eabi/4.8.4/../../../../arm-none-eabi/lib/armv6-m\libg_s.a(lib_a-init.o)
                0x00001dd0                __libc_init_array
 .text.memset   0x00001e1c       0x10 c:/program files (x86)/cypress/psoc creator/3.1/psoc creator/import/gnu_cs/arm/4.8.4/bin/../lib/gcc/arm-none-eabi/4.8.4/../../../../arm-none-eabi/lib/armv6-m\libg_s.a(lib_a-memset.o)
                0x00001e1c                memset
 *(.plt)
 *(.gnu.warning)
 *(.glue_7t)
 .glue_7t       0x00000000        0x0 linker stubs
 *(.glue_7)
 .glue_7        0x00000000        0x0 linker stubs
 *(.vfp11_veneer)
 .vfp11_veneer  0x00000000        0x0 linker stubs
 *(.bootloader)
 *(.ARM.extab* .gnu.linkonce.armextab.*)
 *(.gcc_except_table)

.v4_bx          0x00001e2c        0x0
 .v4_bx         0x00000000        0x0 linker stubs

.iplt           0x00001e2c        0x0
 .iplt          0x00000000        0x0 c:/program files (x86)/cypress/psoc creator/3.1/psoc creator/import/gnu_cs/arm/4.8.4/bin/../lib/gcc/arm-none-eabi/4.8.4/armv6-m/crtbegin.o

.eh_frame_hdr
 *(.eh_frame_hdr)

.eh_frame       0x00001e2c        0x4
 *(.eh_frame)
 .eh_frame      0x00001e2c        0x0 c:/program files (x86)/cypress/psoc creator/3.1/psoc creator/import/gnu_cs/arm/4.8.4/bin/../lib/gcc/arm-none-eabi/4.8.4/armv6-m/crtbegin.o
 .eh_frame      0x00001e2c        0x4 c:/program files (x86)/cypress/psoc creator/3.1/psoc creator/import/gnu_cs/arm/4.8.4/bin/../lib/gcc/arm-none-eabi/4.8.4/armv6-m/crtend.o
                0x00001e30                PROVIDE (__exidx_start, .)

.ARM.exidx
 *(.ARM.exidx* .gnu.linkonce.armexidx.*)
                0x00001e30                __exidx_end = .

.rodata         0x00001e30       0xa0
 *(.rodata .rodata.* .gnu.linkonce.r.*)
 .rodata        0x00001e30       0x5c .\CortexM0\ARM_GCC_484\Debug\PSoC_Master_Class.o
 .rodata        0x00001e8c       0x10 .\CortexM0\ARM_GCC_484\Debug\PSoC_Master.a(cyfitter_cfg.o)
                0x00001e9c                . = ALIGN (0x4)
 *(.init)
 .init          0x00001e9c        0x4 c:/program files (x86)/cypress/psoc creator/3.1/psoc creator/import/gnu_cs/arm/4.8.4/bin/../lib/gcc/arm-none-eabi/4.8.4/armv6-m/crti.o
                0x00001e9c                _init
 .init          0x00001ea0        0x8 c:/program files (x86)/cypress/psoc creator/3.1/psoc creator/import/gnu_cs/arm/4.8.4/bin/../lib/gcc/arm-none-eabi/4.8.4/armv6-m/crtn.o
                0x00001ea8                . = ALIGN (0x4)
                0x00001ea8                __preinit_array_start = .
 *(.preinit_array)
                0x00001ea8                __preinit_array_end = .
                0x00001ea8                . = ALIGN (0x4)
                0x00001ea8                __init_array_start = .
 *(SORT(.init_array.*))
 *(.init_array)
 .init_array    0x00001ea8        0x4 c:/program files (x86)/cypress/psoc creator/3.1/psoc creator/import/gnu_cs/arm/4.8.4/bin/../lib/gcc/arm-none-eabi/4.8.4/armv6-m/crtbegin.o
 .init_array    0x00001eac        0x4 .\CortexM0\ARM_GCC_484\Debug\Cm0Start.o
                0x00001eb0                __init_array_end = .
                0x00001eb0                . = ALIGN (0x4)
 *(.fini)
 .fini          0x00001eb0        0x4 c:/program files (x86)/cypress/psoc creator/3.1/psoc creator/import/gnu_cs/arm/4.8.4/bin/../lib/gcc/arm-none-eabi/4.8.4/armv6-m/crti.o
                0x00001eb0                _fini
 .fini          0x00001eb4        0x8 c:/program files (x86)/cypress/psoc creator/3.1/psoc creator/import/gnu_cs/arm/4.8.4/bin/../lib/gcc/arm-none-eabi/4.8.4/armv6-m/crtn.o
                0x00001ebc                . = ALIGN (0x4)
                0x00001ebc                __fini_array_start = .
 *(.fini_array)
 .fini_array    0x00001ebc        0x4 c:/program files (x86)/cypress/psoc creator/3.1/psoc creator/import/gnu_cs/arm/4.8.4/bin/../lib/gcc/arm-none-eabi/4.8.4/armv6-m/crtbegin.o
 *(SORT(.fini_array.*))
                0x00001ec0                __fini_array_end = .
                0x00001ec0                . = ALIGN (0x4)
 *crtbegin.o(.ctors)
 *(EXCLUDE_FILE(*crtend.o) .ctors)
 *(SORT(.ctors.*))
 *crtend.o(.ctors)
                0x00001ec0                . = ALIGN (0x4)
 *crtbegin.o(.dtors)
 *(EXCLUDE_FILE(*crtend.o) .dtors)
 *(SORT(.dtors.*))
 *crtend.o(.dtors)
                0x00001ec0                . = ALIGN (0x4)
                0x00001ec0                __cy_regions = .
                0x00001ec0        0x4 LONG 0x1ed0 __cy_region_init_ram
                0x00001ec4        0x4 LONG 0x200000c8 __cy_region_start_data
                0x00001ec8        0x4 LONG 0x18 __cy_region_init_size_ram
                0x00001ecc        0x4 LONG 0x1a0 __cy_region_zero_size_ram
                0x00001ed0                __cy_regions_end = .
                0x00001ed0                . = ALIGN (0x8)
                0x00001ed0                _etext = .

.ramvectors     0x20000000       0xc0
                0x20000000                __cy_region_start_ram = .
 *(.ramvectors)
 .ramvectors    0x20000000       0xc0 .\CortexM0\ARM_GCC_484\Debug\Cm0Start.o
                0x20000000                CyRamVectors

.noinit         0x200000c0        0x4
 *(.noinit)
 .noinit        0x200000c0        0x4 .\CortexM0\ARM_GCC_484\Debug\Cm0Start.o

.data           0x200000c8       0x18 load address 0x00001ed0
                0x200000c8                __cy_region_start_data = .
 *(.jcr)
 .jcr           0x200000c8        0x0 c:/program files (x86)/cypress/psoc creator/3.1/psoc creator/import/gnu_cs/arm/4.8.4/bin/../lib/gcc/arm-none-eabi/4.8.4/armv6-m/crtbegin.o
 .jcr           0x200000c8        0x4 c:/program files (x86)/cypress/psoc creator/3.1/psoc creator/import/gnu_cs/arm/4.8.4/bin/../lib/gcc/arm-none-eabi/4.8.4/armv6-m/crtend.o
 *(.got.plt)
 *(.got)
 *(.shdata)
 *(.data .data.* .gnu.linkonce.d.*)
 .data          0x200000cc        0x4 .\CortexM0\ARM_GCC_484\Debug\PSoC_Master.a(cyfitter_cfg.o)
 .data          0x200000d0       0x10 .\CortexM0\ARM_GCC_484\Debug\PSoC_Master.a(CyLib.o)
                0x200000d0                cydelayFreqHz
                0x200000d4                cydelayFreqKhz
                0x200000d8                cydelayFreqMhz
                0x200000dc                cydelay32kMs
                0x200000e0                . = ALIGN (0x8)
 *(.ram)
                0x200000e0                _edata = .

.igot.plt       0x200000e0        0x0 load address 0x00001ee8
 .igot.plt      0x00000000        0x0 c:/program files (x86)/cypress/psoc creator/3.1/psoc creator/import/gnu_cs/arm/4.8.4/bin/../lib/gcc/arm-none-eabi/4.8.4/armv6-m/crtbegin.o

.bss            0x200000e0      0x1a0 load address 0x00001ee8
                0x200000e0                PROVIDE (__bss_start__, .)
 *(.shbss)
 *(.bss .bss.* .gnu.linkonce.b.*)
 .bss           0x200000e0       0x1c c:/program files (x86)/cypress/psoc creator/3.1/psoc creator/import/gnu_cs/arm/4.8.4/bin/../lib/gcc/arm-none-eabi/4.8.4/armv6-m/crtbegin.o
 .bss           0x200000fc        0x2 .\CortexM0\ARM_GCC_484\Debug\PSoC_Master_Class.o
                0x200000fc                theState
                0x200000fd                irrigationIndex
 .bss           0x200000fe        0x1 .\CortexM0\ARM_GCC_484\Debug\PSoC_Master.a(Timer.o)
                0x200000fe                Timer_initVar
 *fill*         0x200000ff        0x1 
 .bss           0x20000100        0x8 .\CortexM0\ARM_GCC_484\Debug\PSoC_Master.a(UART.o)
                0x20000100                UART_initVar
                0x20000104                UART_customIntrHandler
 .bss           0x20000108        0x8 .\CortexM0\ARM_GCC_484\Debug\PSoC_Master.a(I2C.o)
                0x20000108                I2C_initVar
                0x2000010c                I2C_customIntrHandler
 *(COMMON)
 COMMON         0x20000110      0x124 .\CortexM0\ARM_GCC_484\Debug\DSP_Class.o
                0x20000110                humArrayPtr
                0x20000114                hum
                0x20000118                tempArrayPtr
                0x2000011c                lightArrayPtr
                0x20000120                lightArray
                0x20000148                temp
                0x20000149                light
                0x2000014c                soilHum
                0x20000154                soilHumArray
                0x200001cc                soilHumPtr
                0x200001e4                tempArray
                0x2000020c                humArray
 COMMON         0x20000234       0x20 .\CortexM0\ARM_GCC_484\Debug\PSoC_Master_Class.o
                0x20000234                tempSoilHum
                0x20000240                blueLEDState
                0x20000244                tempHum
                0x20000248                redLEDState
                0x2000024c                tempLight
                0x20000250                tempTemp
 COMMON         0x20000254        0x1 .\CortexM0\ARM_GCC_484\Debug\I2C_Class.o
                0x20000254                irrigationStatus
 COMMON         0x20000255        0x1 .\CortexM0\ARM_GCC_484\Debug\PSoC_Master.a(I2C_I2C.o)
                0x20000255                I2C_state
 *fill*         0x20000256        0x2 
 COMMON         0x20000258       0x24 .\CortexM0\ARM_GCC_484\Debug\PSoC_Master.a(I2C_I2C_MASTER.o)
                0x20000258                I2C_mstrWrBufIndexTmp
                0x2000025c                I2C_mstrWrBufIndex
                0x20000260                I2C_mstrWrBufSize
                0x20000264                I2C_mstrStatus
                0x20000268                I2C_mstrRdBufPtr
                0x2000026c                I2C_mstrControl
                0x20000270                I2C_mstrRdBufSize
                0x20000274                I2C_mstrRdBufIndex
                0x20000278                I2C_mstrWrBufPtr
                0x20000280                . = ALIGN (0x8)
 *fill*         0x2000027c        0x4 
 *(.ram.b)
                0x20000280                _end = .
                0x20000280                __end = .
                0x20000280                PROVIDE (end, .)
                0x20000280                PROVIDE (__bss_end__, .)
                0x00001ed0                __cy_region_init_ram = LOADADDR (.data)
                0x00000018                __cy_region_init_size_ram = (_edata - ADDR (.data))
                0x000001a0                __cy_region_zero_size_ram = (_end - _edata)

.heap           0x20000280       0x80 load address 0x00001ee8
                0x20000280                . = _end
                0x20000300                . = (. + 0x80)
 *fill*         0x20000280       0x80 
                0x20000300                __cy_heap_limit = .

.stack          0x20000c00      0x400
                0x20000c00                __cy_stack_limit = .
                0x20001000                . = (. + 0x400)
 *fill*         0x20000c00      0x400 
                0x00000001                ASSERT ((__cy_stack_limit >= __cy_heap_limit), region RAM overflowed with stack)

.cyloadermeta
 *(.cyloadermeta)

.cyloadablemeta
 *(.cyloadablemeta)

.cyflashprotect
                0x90400000       0x20
 *(.cyflashprotect)
 .cyflashprotect
                0x90400000       0x20 .\CortexM0\ARM_GCC_484\Debug\cymetadata.o
                0x90400000                cy_meta_flashprotect

.cymeta         0x90500000        0xc
 *(.cymeta)
 .cymeta        0x90500000        0xc .\CortexM0\ARM_GCC_484\Debug\cymetadata.o
                0x90500000                cy_metadata

.cychipprotect  0x90600000        0x4
 *(.cychipprotect)
 .cychipprotect
                0x90600000        0x4 .\CortexM0\ARM_GCC_484\Debug\cymetadata.o
                0x90600000                cy_meta_chipprotect

.rel.dyn        0x00001ee8        0x0 load address 0x90600004
 .rel.iplt      0x00000000        0x0 c:/program files (x86)/cypress/psoc creator/3.1/psoc creator/import/gnu_cs/arm/4.8.4/bin/../lib/gcc/arm-none-eabi/4.8.4/armv6-m/crtbegin.o

.stab
 *(.stab)

.stabstr
 *(.stabstr)

.debug
 *(.debug)

.line
 *(.line)

.debug_srcinfo
 *(.debug_srcinfo)

.debug_sfnames
 *(.debug_sfnames)

.debug_aranges  0x00000000      0x9c0
 *(.debug_aranges)
 .debug_aranges
                0x00000000       0x20 .\CortexM0\ARM_GCC_484\Debug\main.o
 .debug_aranges
                0x00000020       0x80 .\CortexM0\ARM_GCC_484\Debug\DSP_Class.o
 .debug_aranges
                0x000000a0       0x30 .\CortexM0\ARM_GCC_484\Debug\PSoC_Master_Class.o
 .debug_aranges
                0x000000d0       0x68 .\CortexM0\ARM_GCC_484\Debug\UART_Class.o
 .debug_aranges
                0x00000138       0x60 .\CortexM0\ARM_GCC_484\Debug\I2C_Class.o
 .debug_aranges
                0x00000198       0x18 .\CortexM0\ARM_GCC_484\Debug\cymetadata.o
 .debug_aranges
                0x000001b0       0x48 .\CortexM0\ARM_GCC_484\Debug\Cm0Start.o
 .debug_aranges
                0x000001f8       0x50 .\CortexM0\ARM_GCC_484\Debug\PSoC_Master.a(cyfitter_cfg.o)
 .debug_aranges
                0x00000248      0x158 .\CortexM0\ARM_GCC_484\Debug\PSoC_Master.a(Timer.o)
 .debug_aranges
                0x000003a0       0x40 .\CortexM0\ARM_GCC_484\Debug\PSoC_Master.a(RedLED.o)
 .debug_aranges
                0x000003e0       0x68 .\CortexM0\ARM_GCC_484\Debug\PSoC_Master.a(UART.o)
 .debug_aranges
                0x00000448       0x60 .\CortexM0\ARM_GCC_484\Debug\PSoC_Master.a(UART_SPI_UART.o)
 .debug_aranges
                0x000004a8       0x50 .\CortexM0\ARM_GCC_484\Debug\PSoC_Master.a(UART_UART.o)
 .debug_aranges
                0x000004f8       0x80 .\CortexM0\ARM_GCC_484\Debug\PSoC_Master.a(UART_ISR.o)
 .debug_aranges
                0x00000578       0x68 .\CortexM0\ARM_GCC_484\Debug\PSoC_Master.a(I2C.o)
 .debug_aranges
                0x000005e0       0x28 .\CortexM0\ARM_GCC_484\Debug\PSoC_Master.a(I2C_I2C.o)
 .debug_aranges
                0x00000608       0x88 .\CortexM0\ARM_GCC_484\Debug\PSoC_Master.a(I2C_I2C_MASTER.o)
 .debug_aranges
                0x00000690       0x40 .\CortexM0\ARM_GCC_484\Debug\PSoC_Master.a(I2C_sda.o)
 .debug_aranges
                0x000006d0       0x40 .\CortexM0\ARM_GCC_484\Debug\PSoC_Master.a(I2C_scl.o)
 .debug_aranges
                0x00000710       0x20 .\CortexM0\ARM_GCC_484\Debug\PSoC_Master.a(CyBootAsmGnu.o)
 .debug_aranges
                0x00000730      0x230 .\CortexM0\ARM_GCC_484\Debug\PSoC_Master.a(CyLib.o)
 .debug_aranges
                0x00000960       0x40 .\CortexM0\ARM_GCC_484\Debug\PSoC_Master.a(BlueLED.o)
 .debug_aranges
                0x000009a0       0x20 .\CortexM0\ARM_GCC_484\Debug\PSoC_Master.a(I2C_I2C_INT.o)

.debug_pubnames
 *(.debug_pubnames)

.debug_info     0x00000000     0x3f98
 *(.debug_info .gnu.linkonce.wi.*)
 .debug_info    0x00000000       0xb9 .\CortexM0\ARM_GCC_484\Debug\main.o
 .debug_info    0x000000b9      0x517 .\CortexM0\ARM_GCC_484\Debug\DSP_Class.o
 .debug_info    0x000005d0      0x216 .\CortexM0\ARM_GCC_484\Debug\PSoC_Master_Class.o
 .debug_info    0x000007e6      0x23c .\CortexM0\ARM_GCC_484\Debug\UART_Class.o
 .debug_info    0x00000a22      0x3f7 .\CortexM0\ARM_GCC_484\Debug\I2C_Class.o
 .debug_info    0x00000e19       0xfd .\CortexM0\ARM_GCC_484\Debug\cymetadata.o
 .debug_info    0x00000f16      0x2ff .\CortexM0\ARM_GCC_484\Debug\Cm0Start.o
 .debug_info    0x00001215      0x342 .\CortexM0\ARM_GCC_484\Debug\PSoC_Master.a(cyfitter_cfg.o)
 .debug_info    0x00001557      0x6f0 .\CortexM0\ARM_GCC_484\Debug\PSoC_Master.a(Timer.o)
 .debug_info    0x00001c47      0x14c .\CortexM0\ARM_GCC_484\Debug\PSoC_Master.a(RedLED.o)
 .debug_info    0x00001d93      0x1eb .\CortexM0\ARM_GCC_484\Debug\PSoC_Master.a(UART.o)
 .debug_info    0x00001f7e      0x20d .\CortexM0\ARM_GCC_484\Debug\PSoC_Master.a(UART_SPI_UART.o)
 .debug_info    0x0000218b      0x1fe .\CortexM0\ARM_GCC_484\Debug\PSoC_Master.a(UART_UART.o)
 .debug_info    0x00002389      0x244 .\CortexM0\ARM_GCC_484\Debug\PSoC_Master.a(UART_ISR.o)
 .debug_info    0x000025cd      0x1eb .\CortexM0\ARM_GCC_484\Debug\PSoC_Master.a(I2C.o)
 .debug_info    0x000027b8      0x119 .\CortexM0\ARM_GCC_484\Debug\PSoC_Master.a(I2C_I2C.o)
 .debug_info    0x000028d1      0x466 .\CortexM0\ARM_GCC_484\Debug\PSoC_Master.a(I2C_I2C_MASTER.o)
 .debug_info    0x00002d37      0x14c .\CortexM0\ARM_GCC_484\Debug\PSoC_Master.a(I2C_sda.o)
 .debug_info    0x00002e83      0x14c .\CortexM0\ARM_GCC_484\Debug\PSoC_Master.a(I2C_scl.o)
 .debug_info    0x00002fcf       0x9a .\CortexM0\ARM_GCC_484\Debug\PSoC_Master.a(CyBootAsmGnu.o)
 .debug_info    0x00003069      0xc5b .\CortexM0\ARM_GCC_484\Debug\PSoC_Master.a(CyLib.o)
 .debug_info    0x00003cc4      0x14c .\CortexM0\ARM_GCC_484\Debug\PSoC_Master.a(BlueLED.o)
 .debug_info    0x00003e10      0x188 .\CortexM0\ARM_GCC_484\Debug\PSoC_Master.a(I2C_I2C_INT.o)

.debug_abbrev   0x00000000     0x162c
 *(.debug_abbrev)
 .debug_abbrev  0x00000000       0x60 .\CortexM0\ARM_GCC_484\Debug\main.o
 .debug_abbrev  0x00000060      0x12e .\CortexM0\ARM_GCC_484\Debug\DSP_Class.o
 .debug_abbrev  0x0000018e       0xdd .\CortexM0\ARM_GCC_484\Debug\PSoC_Master_Class.o
 .debug_abbrev  0x0000026b       0xb4 .\CortexM0\ARM_GCC_484\Debug\UART_Class.o
 .debug_abbrev  0x0000031f       0xe0 .\CortexM0\ARM_GCC_484\Debug\I2C_Class.o
 .debug_abbrev  0x000003ff       0x5d .\CortexM0\ARM_GCC_484\Debug\cymetadata.o
 .debug_abbrev  0x0000045c      0x1b4 .\CortexM0\ARM_GCC_484\Debug\Cm0Start.o
 .debug_abbrev  0x00000610      0x179 .\CortexM0\ARM_GCC_484\Debug\PSoC_Master.a(cyfitter_cfg.o)
 .debug_abbrev  0x00000789      0x109 .\CortexM0\ARM_GCC_484\Debug\PSoC_Master.a(Timer.o)
 .debug_abbrev  0x00000892       0xb7 .\CortexM0\ARM_GCC_484\Debug\PSoC_Master.a(RedLED.o)
 .debug_abbrev  0x00000949      0x122 .\CortexM0\ARM_GCC_484\Debug\PSoC_Master.a(UART.o)
 .debug_abbrev  0x00000a6b      0x15c .\CortexM0\ARM_GCC_484\Debug\PSoC_Master.a(UART_SPI_UART.o)
 .debug_abbrev  0x00000bc7       0xf9 .\CortexM0\ARM_GCC_484\Debug\PSoC_Master.a(UART_UART.o)
 .debug_abbrev  0x00000cc0      0x177 .\CortexM0\ARM_GCC_484\Debug\PSoC_Master.a(UART_ISR.o)
 .debug_abbrev  0x00000e37      0x122 .\CortexM0\ARM_GCC_484\Debug\PSoC_Master.a(I2C.o)
 .debug_abbrev  0x00000f59       0x9d .\CortexM0\ARM_GCC_484\Debug\PSoC_Master.a(I2C_I2C.o)
 .debug_abbrev  0x00000ff6      0x161 .\CortexM0\ARM_GCC_484\Debug\PSoC_Master.a(I2C_I2C_MASTER.o)
 .debug_abbrev  0x00001157       0xb7 .\CortexM0\ARM_GCC_484\Debug\PSoC_Master.a(I2C_sda.o)
 .debug_abbrev  0x0000120e       0xb7 .\CortexM0\ARM_GCC_484\Debug\PSoC_Master.a(I2C_scl.o)
 .debug_abbrev  0x000012c5       0x14 .\CortexM0\ARM_GCC_484\Debug\PSoC_Master.a(CyBootAsmGnu.o)
 .debug_abbrev  0x000012d9      0x207 .\CortexM0\ARM_GCC_484\Debug\PSoC_Master.a(CyLib.o)
 .debug_abbrev  0x000014e0       0xb7 .\CortexM0\ARM_GCC_484\Debug\PSoC_Master.a(BlueLED.o)
 .debug_abbrev  0x00001597       0x95 .\CortexM0\ARM_GCC_484\Debug\PSoC_Master.a(I2C_I2C_INT.o)

.debug_line     0x00000000     0x21d4
 *(.debug_line)
 .debug_line    0x00000000       0x7e .\CortexM0\ARM_GCC_484\Debug\main.o
 .debug_line    0x0000007e      0x204 .\CortexM0\ARM_GCC_484\Debug\DSP_Class.o
 .debug_line    0x00000282       0xff .\CortexM0\ARM_GCC_484\Debug\PSoC_Master_Class.o
 .debug_line    0x00000381      0x144 .\CortexM0\ARM_GCC_484\Debug\UART_Class.o
 .debug_line    0x000004c5      0x151 .\CortexM0\ARM_GCC_484\Debug\I2C_Class.o
 .debug_line    0x00000616       0x53 .\CortexM0\ARM_GCC_484\Debug\cymetadata.o
 .debug_line    0x00000669      0x1bb .\CortexM0\ARM_GCC_484\Debug\Cm0Start.o
 .debug_line    0x00000824      0x187 .\CortexM0\ARM_GCC_484\Debug\PSoC_Master.a(cyfitter_cfg.o)
 .debug_line    0x000009ab      0x36e .\CortexM0\ARM_GCC_484\Debug\PSoC_Master.a(Timer.o)
 .debug_line    0x00000d19       0xac .\CortexM0\ARM_GCC_484\Debug\PSoC_Master.a(RedLED.o)
 .debug_line    0x00000dc5      0x11f .\CortexM0\ARM_GCC_484\Debug\PSoC_Master.a(UART.o)
 .debug_line    0x00000ee4      0x125 .\CortexM0\ARM_GCC_484\Debug\PSoC_Master.a(UART_SPI_UART.o)
 .debug_line    0x00001009      0x101 .\CortexM0\ARM_GCC_484\Debug\PSoC_Master.a(UART_UART.o)
 .debug_line    0x0000110a      0x157 .\CortexM0\ARM_GCC_484\Debug\PSoC_Master.a(UART_ISR.o)
 .debug_line    0x00001261      0x126 .\CortexM0\ARM_GCC_484\Debug\PSoC_Master.a(I2C.o)
 .debug_line    0x00001387       0x9d .\CortexM0\ARM_GCC_484\Debug\PSoC_Master.a(I2C_I2C.o)
 .debug_line    0x00001424      0x2a4 .\CortexM0\ARM_GCC_484\Debug\PSoC_Master.a(I2C_I2C_MASTER.o)
 .debug_line    0x000016c8       0xad .\CortexM0\ARM_GCC_484\Debug\PSoC_Master.a(I2C_sda.o)
 .debug_line    0x00001775       0xad .\CortexM0\ARM_GCC_484\Debug\PSoC_Master.a(I2C_scl.o)
 .debug_line    0x00001822       0x69 .\CortexM0\ARM_GCC_484\Debug\PSoC_Master.a(CyBootAsmGnu.o)
 .debug_line    0x0000188b      0x703 .\CortexM0\ARM_GCC_484\Debug\PSoC_Master.a(CyLib.o)
 .debug_line    0x00001f8e       0xad .\CortexM0\ARM_GCC_484\Debug\PSoC_Master.a(BlueLED.o)
 .debug_line    0x0000203b      0x199 .\CortexM0\ARM_GCC_484\Debug\PSoC_Master.a(I2C_I2C_INT.o)

.debug_frame    0x00000000     0x239c
 *(.debug_frame)
 .debug_frame   0x00000000       0x2c .\CortexM0\ARM_GCC_484\Debug\main.o
 .debug_frame   0x0000002c      0x1c4 .\CortexM0\ARM_GCC_484\Debug\DSP_Class.o
 .debug_frame   0x000001f0       0x70 .\CortexM0\ARM_GCC_484\Debug\PSoC_Master_Class.o
 .debug_frame   0x00000260      0x148 .\CortexM0\ARM_GCC_484\Debug\UART_Class.o
 .debug_frame   0x000003a8      0x12c .\CortexM0\ARM_GCC_484\Debug\I2C_Class.o
 .debug_frame   0x000004d4       0xc8 .\CortexM0\ARM_GCC_484\Debug\Cm0Start.o
 .debug_frame   0x0000059c       0xe8 .\CortexM0\ARM_GCC_484\Debug\PSoC_Master.a(cyfitter_cfg.o)
 .debug_frame   0x00000684      0x52c .\CortexM0\ARM_GCC_484\Debug\PSoC_Master.a(Timer.o)
 .debug_frame   0x00000bb0       0xa8 .\CortexM0\ARM_GCC_484\Debug\PSoC_Master.a(RedLED.o)
 .debug_frame   0x00000c58      0x134 .\CortexM0\ARM_GCC_484\Debug\PSoC_Master.a(UART.o)
 .debug_frame   0x00000d8c      0x128 .\CortexM0\ARM_GCC_484\Debug\PSoC_Master.a(UART_SPI_UART.o)
 .debug_frame   0x00000eb4       0xec .\CortexM0\ARM_GCC_484\Debug\PSoC_Master.a(UART_UART.o)
 .debug_frame   0x00000fa0      0x190 .\CortexM0\ARM_GCC_484\Debug\PSoC_Master.a(UART_ISR.o)
 .debug_frame   0x00001130      0x134 .\CortexM0\ARM_GCC_484\Debug\PSoC_Master.a(I2C.o)
 .debug_frame   0x00001264       0x48 .\CortexM0\ARM_GCC_484\Debug\PSoC_Master.a(I2C_I2C.o)
 .debug_frame   0x000012ac      0x1c0 .\CortexM0\ARM_GCC_484\Debug\PSoC_Master.a(I2C_I2C_MASTER.o)
 .debug_frame   0x0000146c       0xa8 .\CortexM0\ARM_GCC_484\Debug\PSoC_Master.a(I2C_sda.o)
 .debug_frame   0x00001514       0xa8 .\CortexM0\ARM_GCC_484\Debug\PSoC_Master.a(I2C_scl.o)
 .debug_frame   0x000015bc      0x83c .\CortexM0\ARM_GCC_484\Debug\PSoC_Master.a(CyLib.o)
 .debug_frame   0x00001df8       0xa8 .\CortexM0\ARM_GCC_484\Debug\PSoC_Master.a(BlueLED.o)
 .debug_frame   0x00001ea0       0x30 .\CortexM0\ARM_GCC_484\Debug\PSoC_Master.a(I2C_I2C_INT.o)
 .debug_frame   0x00001ed0       0x20 c:/program files (x86)/cypress/psoc creator/3.1/psoc creator/import/gnu_cs/arm/4.8.4/bin/../lib/gcc/arm-none-eabi/4.8.4/armv6-m\libgcc.a(_udivsi3.o)
 .debug_frame   0x00001ef0       0x20 c:/program files (x86)/cypress/psoc creator/3.1/psoc creator/import/gnu_cs/arm/4.8.4/bin/../lib/gcc/arm-none-eabi/4.8.4/armv6-m\libgcc.a(_divsi3.o)
 .debug_frame   0x00001f10       0x28 c:/program files (x86)/cypress/psoc creator/3.1/psoc creator/import/gnu_cs/arm/4.8.4/bin/../lib/gcc/arm-none-eabi/4.8.4/armv6-m\libgcc.a(_fixunssfsi.o)
 .debug_frame   0x00001f38       0x2c c:/program files (x86)/cypress/psoc creator/3.1/psoc creator/import/gnu_cs/arm/4.8.4/bin/../lib/gcc/arm-none-eabi/4.8.4/armv6-m\libgcc.a(_floatdisf.o)
 .debug_frame   0x00001f64       0x50 c:/program files (x86)/cypress/psoc creator/3.1/psoc creator/import/gnu_cs/arm/4.8.4/bin/../lib/gcc/arm-none-eabi/4.8.4/armv6-m\libgcc.a(bpabi.o)
 .debug_frame   0x00001fb4       0x30 c:/program files (x86)/cypress/psoc creator/3.1/psoc creator/import/gnu_cs/arm/4.8.4/bin/../lib/gcc/arm-none-eabi/4.8.4/armv6-m\libgcc.a(addsf3.o)
 .debug_frame   0x00001fe4       0x3c c:/program files (x86)/cypress/psoc creator/3.1/psoc creator/import/gnu_cs/arm/4.8.4/bin/../lib/gcc/arm-none-eabi/4.8.4/armv6-m\libgcc.a(divsf3.o)
 .debug_frame   0x00002020       0x2c c:/program files (x86)/cypress/psoc creator/3.1/psoc creator/import/gnu_cs/arm/4.8.4/bin/../lib/gcc/arm-none-eabi/4.8.4/armv6-m\libgcc.a(eqsf2.o)
 .debug_frame   0x0000204c       0x30 c:/program files (x86)/cypress/psoc creator/3.1/psoc creator/import/gnu_cs/arm/4.8.4/bin/../lib/gcc/arm-none-eabi/4.8.4/armv6-m\libgcc.a(gesf2.o)
 .debug_frame   0x0000207c       0x30 c:/program files (x86)/cypress/psoc creator/3.1/psoc creator/import/gnu_cs/arm/4.8.4/bin/../lib/gcc/arm-none-eabi/4.8.4/armv6-m\libgcc.a(lesf2.o)
 .debug_frame   0x000020ac       0x3c c:/program files (x86)/cypress/psoc creator/3.1/psoc creator/import/gnu_cs/arm/4.8.4/bin/../lib/gcc/arm-none-eabi/4.8.4/armv6-m\libgcc.a(mulsf3.o)
 .debug_frame   0x000020e8       0x30 c:/program files (x86)/cypress/psoc creator/3.1/psoc creator/import/gnu_cs/arm/4.8.4/bin/../lib/gcc/arm-none-eabi/4.8.4/armv6-m\libgcc.a(subsf3.o)
 .debug_frame   0x00002118       0x20 c:/program files (x86)/cypress/psoc creator/3.1/psoc creator/import/gnu_cs/arm/4.8.4/bin/../lib/gcc/arm-none-eabi/4.8.4/armv6-m\libgcc.a(fixsfsi.o)
 .debug_frame   0x00002138       0x3c c:/program files (x86)/cypress/psoc creator/3.1/psoc creator/import/gnu_cs/arm/4.8.4/bin/../lib/gcc/arm-none-eabi/4.8.4/armv6-m\libgcc.a(adddf3.o)
 .debug_frame   0x00002174       0x3c c:/program files (x86)/cypress/psoc creator/3.1/psoc creator/import/gnu_cs/arm/4.8.4/bin/../lib/gcc/arm-none-eabi/4.8.4/armv6-m\libgcc.a(muldf3.o)
 .debug_frame   0x000021b0       0x30 c:/program files (x86)/cypress/psoc creator/3.1/psoc creator/import/gnu_cs/arm/4.8.4/bin/../lib/gcc/arm-none-eabi/4.8.4/armv6-m\libgcc.a(floatsidf.o)
 .debug_frame   0x000021e0       0x28 c:/program files (x86)/cypress/psoc creator/3.1/psoc creator/import/gnu_cs/arm/4.8.4/bin/../lib/gcc/arm-none-eabi/4.8.4/armv6-m\libgcc.a(floatunsidf.o)
 .debug_frame   0x00002208       0x30 c:/program files (x86)/cypress/psoc creator/3.1/psoc creator/import/gnu_cs/arm/4.8.4/bin/../lib/gcc/arm-none-eabi/4.8.4/armv6-m\libgcc.a(truncdfsf2.o)
 .debug_frame   0x00002238       0x30 c:/program files (x86)/cypress/psoc creator/3.1/psoc creator/import/gnu_cs/arm/4.8.4/bin/../lib/gcc/arm-none-eabi/4.8.4/armv6-m\libgcc.a(_muldi3.o)
 .debug_frame   0x00002268       0x3c c:/program files (x86)/cypress/psoc creator/3.1/psoc creator/import/gnu_cs/arm/4.8.4/bin/../lib/gcc/arm-none-eabi/4.8.4/armv6-m\libgcc.a(_divdi3.o)
 .debug_frame   0x000022a4       0x3c c:/program files (x86)/cypress/psoc creator/3.1/psoc creator/import/gnu_cs/arm/4.8.4/bin/../lib/gcc/arm-none-eabi/4.8.4/armv6-m\libgcc.a(_udivdi3.o)
 .debug_frame   0x000022e0       0x20 c:/program files (x86)/cypress/psoc creator/3.1/psoc creator/import/gnu_cs/arm/4.8.4/bin/../lib/gcc/arm-none-eabi/4.8.4/../../../../arm-none-eabi/lib/armv6-m\libg_s.a(lib_a-errno.o)
 .debug_frame   0x00002300       0x28 c:/program files (x86)/cypress/psoc creator/3.1/psoc creator/import/gnu_cs/arm/4.8.4/bin/../lib/gcc/arm-none-eabi/4.8.4/../../../../arm-none-eabi/lib/armv6-m\libg_s.a(lib_a-exit.o)
 .debug_frame   0x00002328       0x2c c:/program files (x86)/cypress/psoc creator/3.1/psoc creator/import/gnu_cs/arm/4.8.4/bin/../lib/gcc/arm-none-eabi/4.8.4/../../../../arm-none-eabi/lib/armv6-m\libg_s.a(lib_a-init.o)
 .debug_frame   0x00002354       0x28 c:/program files (x86)/cypress/psoc creator/3.1/psoc creator/import/gnu_cs/arm/4.8.4/bin/../lib/gcc/arm-none-eabi/4.8.4/../../../../arm-none-eabi/lib/armv6-m\libg_s.a(lib_a-memcpy-stub.o)
 .debug_frame   0x0000237c       0x20 c:/program files (x86)/cypress/psoc creator/3.1/psoc creator/import/gnu_cs/arm/4.8.4/bin/../lib/gcc/arm-none-eabi/4.8.4/../../../../arm-none-eabi/lib/armv6-m\libg_s.a(lib_a-memset.o)

.debug_str      0x00000000     0x1d5f
 *(.debug_str)
 .debug_str     0x00000000      0x150 .\CortexM0\ARM_GCC_484\Debug\main.o
                                0x189 (size before relaxing)
 .debug_str     0x00000150      0x160 .\CortexM0\ARM_GCC_484\Debug\DSP_Class.o
                                0x2d7 (size before relaxing)
 .debug_str     0x000002b0       0xbd .\CortexM0\ARM_GCC_484\Debug\PSoC_Master_Class.o
                                0x24f (size before relaxing)
 .debug_str     0x0000036d       0xb5 .\CortexM0\ARM_GCC_484\Debug\UART_Class.o
                                0x255 (size before relaxing)
 .debug_str     0x00000422      0x134 .\CortexM0\ARM_GCC_484\Debug\I2C_Class.o
                                0x2cf (size before relaxing)
 .debug_str     0x00000556       0x5b .\CortexM0\ARM_GCC_484\Debug\cymetadata.o
                                0x1c6 (size before relaxing)
 .debug_str     0x000005b1      0x12f .\CortexM0\ARM_GCC_484\Debug\Cm0Start.o
                                0x2b4 (size before relaxing)
 .debug_str     0x000006e0      0x13a .\CortexM0\ARM_GCC_484\Debug\PSoC_Master.a(cyfitter_cfg.o)
                                0x2d3 (size before relaxing)
 .debug_str     0x0000081a      0x3f2 .\CortexM0\ARM_GCC_484\Debug\PSoC_Master.a(Timer.o)
                                0x570 (size before relaxing)
 .debug_str     0x00000c0c       0x91 .\CortexM0\ARM_GCC_484\Debug\PSoC_Master.a(RedLED.o)
                                0x205 (size before relaxing)
 .debug_str     0x00000c9d      0x117 .\CortexM0\ARM_GCC_484\Debug\PSoC_Master.a(UART.o)
                                0x29c (size before relaxing)
 .debug_str     0x00000db4      0x137 .\CortexM0\ARM_GCC_484\Debug\PSoC_Master.a(UART_SPI_UART.o)
                                0x2ba (size before relaxing)
 .debug_str     0x00000eeb       0xe9 .\CortexM0\ARM_GCC_484\Debug\PSoC_Master.a(UART_UART.o)
                                0x278 (size before relaxing)
 .debug_str     0x00000fd4      0x139 .\CortexM0\ARM_GCC_484\Debug\PSoC_Master.a(UART_ISR.o)
                                0x2d3 (size before relaxing)
 .debug_str     0x0000110d       0xe9 .\CortexM0\ARM_GCC_484\Debug\PSoC_Master.a(I2C.o)
                                0x28f (size before relaxing)
 .debug_str     0x000011f6       0x7a .\CortexM0\ARM_GCC_484\Debug\PSoC_Master.a(I2C_I2C.o)
                                0x1f9 (size before relaxing)
 .debug_str     0x00001270      0x22c .\CortexM0\ARM_GCC_484\Debug\PSoC_Master.a(I2C_I2C_MASTER.o)
                                0x3f6 (size before relaxing)
 .debug_str     0x0000149c       0x7e .\CortexM0\ARM_GCC_484\Debug\PSoC_Master.a(I2C_sda.o)
                                0x20b (size before relaxing)
 .debug_str     0x0000151a       0x7e .\CortexM0\ARM_GCC_484\Debug\PSoC_Master.a(I2C_scl.o)
                                0x20b (size before relaxing)
 .debug_str     0x00001598      0x700 .\CortexM0\ARM_GCC_484\Debug\PSoC_Master.a(CyLib.o)
                                0x8cd (size before relaxing)
 .debug_str     0x00001c98       0x7e .\CortexM0\ARM_GCC_484\Debug\PSoC_Master.a(BlueLED.o)
                                0x20b (size before relaxing)
 .debug_str     0x00001d16       0x49 .\CortexM0\ARM_GCC_484\Debug\PSoC_Master.a(I2C_I2C_INT.o)
                                0x296 (size before relaxing)

.debug_loc
 *(.debug_loc)

.debug_macinfo
 *(.debug_macinfo)

.debug_ranges   0x00000000      0x838
 *(.debug_ranges)
 .debug_ranges  0x00000000       0x10 .\CortexM0\ARM_GCC_484\Debug\main.o
 .debug_ranges  0x00000010       0x70 .\CortexM0\ARM_GCC_484\Debug\DSP_Class.o
 .debug_ranges  0x00000080       0x20 .\CortexM0\ARM_GCC_484\Debug\PSoC_Master_Class.o
 .debug_ranges  0x000000a0       0x58 .\CortexM0\ARM_GCC_484\Debug\UART_Class.o
 .debug_ranges  0x000000f8       0x50 .\CortexM0\ARM_GCC_484\Debug\I2C_Class.o
 .debug_ranges  0x00000148       0x38 .\CortexM0\ARM_GCC_484\Debug\Cm0Start.o
 .debug_ranges  0x00000180       0x40 .\CortexM0\ARM_GCC_484\Debug\PSoC_Master.a(cyfitter_cfg.o)
 .debug_ranges  0x000001c0      0x148 .\CortexM0\ARM_GCC_484\Debug\PSoC_Master.a(Timer.o)
 .debug_ranges  0x00000308       0x30 .\CortexM0\ARM_GCC_484\Debug\PSoC_Master.a(RedLED.o)
 .debug_ranges  0x00000338       0x58 .\CortexM0\ARM_GCC_484\Debug\PSoC_Master.a(UART.o)
 .debug_ranges  0x00000390       0x50 .\CortexM0\ARM_GCC_484\Debug\PSoC_Master.a(UART_SPI_UART.o)
 .debug_ranges  0x000003e0       0x40 .\CortexM0\ARM_GCC_484\Debug\PSoC_Master.a(UART_UART.o)
 .debug_ranges  0x00000420       0x70 .\CortexM0\ARM_GCC_484\Debug\PSoC_Master.a(UART_ISR.o)
 .debug_ranges  0x00000490       0x58 .\CortexM0\ARM_GCC_484\Debug\PSoC_Master.a(I2C.o)
 .debug_ranges  0x000004e8       0x18 .\CortexM0\ARM_GCC_484\Debug\PSoC_Master.a(I2C_I2C.o)
 .debug_ranges  0x00000500       0x78 .\CortexM0\ARM_GCC_484\Debug\PSoC_Master.a(I2C_I2C_MASTER.o)
 .debug_ranges  0x00000578       0x30 .\CortexM0\ARM_GCC_484\Debug\PSoC_Master.a(I2C_sda.o)
 .debug_ranges  0x000005a8       0x30 .\CortexM0\ARM_GCC_484\Debug\PSoC_Master.a(I2C_scl.o)
 .debug_ranges  0x000005d8      0x220 .\CortexM0\ARM_GCC_484\Debug\PSoC_Master.a(CyLib.o)
 .debug_ranges  0x000007f8       0x30 .\CortexM0\ARM_GCC_484\Debug\PSoC_Master.a(BlueLED.o)
 .debug_ranges  0x00000828       0x10 .\CortexM0\ARM_GCC_484\Debug\PSoC_Master.a(I2C_I2C_INT.o)

.comment        0x00000000       0x70
 .comment       0x00000000       0x70 .\CortexM0\ARM_GCC_484\Debug\main.o
                                 0x71 (size before relaxing)
 .comment       0x00000000       0x71 .\CortexM0\ARM_GCC_484\Debug\DSP_Class.o
 .comment       0x00000000       0x71 .\CortexM0\ARM_GCC_484\Debug\PSoC_Master_Class.o
 .comment       0x00000000       0x71 .\CortexM0\ARM_GCC_484\Debug\UART_Class.o
 .comment       0x00000000       0x71 .\CortexM0\ARM_GCC_484\Debug\I2C_Class.o
 .comment       0x00000000       0x71 .\CortexM0\ARM_GCC_484\Debug\cymetadata.o
 .comment       0x00000000       0x71 .\CortexM0\ARM_GCC_484\Debug\Cm0Start.o
 .comment       0x00000000       0x71 .\CortexM0\ARM_GCC_484\Debug\PSoC_Master.a(cyfitter_cfg.o)
 .comment       0x00000000       0x71 .\CortexM0\ARM_GCC_484\Debug\PSoC_Master.a(Timer.o)
 .comment       0x00000000       0x71 .\CortexM0\ARM_GCC_484\Debug\PSoC_Master.a(RedLED.o)
 .comment       0x00000000       0x71 .\CortexM0\ARM_GCC_484\Debug\PSoC_Master.a(UART.o)
 .comment       0x00000000       0x71 .\CortexM0\ARM_GCC_484\Debug\PSoC_Master.a(UART_SPI_UART.o)
 .comment       0x00000000       0x71 .\CortexM0\ARM_GCC_484\Debug\PSoC_Master.a(UART_UART.o)
 .comment       0x00000000       0x71 .\CortexM0\ARM_GCC_484\Debug\PSoC_Master.a(UART_ISR.o)
 .comment       0x00000000       0x71 .\CortexM0\ARM_GCC_484\Debug\PSoC_Master.a(I2C.o)
 .comment       0x00000000       0x71 .\CortexM0\ARM_GCC_484\Debug\PSoC_Master.a(I2C_I2C.o)
 .comment       0x00000000       0x71 .\CortexM0\ARM_GCC_484\Debug\PSoC_Master.a(I2C_I2C_MASTER.o)
 .comment       0x00000000       0x71 .\CortexM0\ARM_GCC_484\Debug\PSoC_Master.a(I2C_sda.o)
 .comment       0x00000000       0x71 .\CortexM0\ARM_GCC_484\Debug\PSoC_Master.a(I2C_scl.o)
 .comment       0x00000000       0x71 .\CortexM0\ARM_GCC_484\Debug\PSoC_Master.a(CyLib.o)
 .comment       0x00000000       0x71 .\CortexM0\ARM_GCC_484\Debug\PSoC_Master.a(BlueLED.o)
 .comment       0x00000000       0x71 .\CortexM0\ARM_GCC_484\Debug\PSoC_Master.a(I2C_I2C_INT.o)

.debug_weaknames
 *(.debug_weaknames)

.debug_funcnames
 *(.debug_funcnames)

.debug_typenames
 *(.debug_typenames)

.debug_varnames
 *(.debug_varnames)

.note.gnu.arm.ident
 *(.note.gnu.arm.ident)

.ARM.attributes
                0x00000000       0x28
 *(.ARM.attributes)
 .ARM.attributes
                0x00000000       0x1e c:/program files (x86)/cypress/psoc creator/3.1/psoc creator/import/gnu_cs/arm/4.8.4/bin/../lib/gcc/arm-none-eabi/4.8.4/armv6-m/crti.o
 .ARM.attributes
                0x0000001e       0x2c c:/program files (x86)/cypress/psoc creator/3.1/psoc creator/import/gnu_cs/arm/4.8.4/bin/../lib/gcc/arm-none-eabi/4.8.4/armv6-m/crtbegin.o
 .ARM.attributes
                0x0000004a       0x1b c:/program files (x86)/cypress/psoc creator/3.1/psoc creator/import/gnu_cs/arm/4.8.4/bin/../lib/gcc/arm-none-eabi/4.8.4/../../../../arm-none-eabi/lib/armv6-m/crt0.o
 .ARM.attributes
                0x00000065       0x31 .\CortexM0\ARM_GCC_484\Debug\main.o
 .ARM.attributes
                0x00000096       0x31 .\CortexM0\ARM_GCC_484\Debug\DSP_Class.o
 .ARM.attributes
                0x000000c7       0x31 .\CortexM0\ARM_GCC_484\Debug\PSoC_Master_Class.o
 .ARM.attributes
                0x000000f8       0x31 .\CortexM0\ARM_GCC_484\Debug\UART_Class.o
 .ARM.attributes
                0x00000129       0x31 .\CortexM0\ARM_GCC_484\Debug\I2C_Class.o
 .ARM.attributes
                0x0000015a       0x31 .\CortexM0\ARM_GCC_484\Debug\cymetadata.o
 .ARM.attributes
                0x0000018b       0x31 .\CortexM0\ARM_GCC_484\Debug\Cm0Start.o
 .ARM.attributes
                0x000001bc       0x31 .\CortexM0\ARM_GCC_484\Debug\PSoC_Master.a(cyfitter_cfg.o)
 .ARM.attributes
                0x000001ed       0x31 .\CortexM0\ARM_GCC_484\Debug\PSoC_Master.a(Timer.o)
 .ARM.attributes
                0x0000021e       0x31 .\CortexM0\ARM_GCC_484\Debug\PSoC_Master.a(RedLED.o)
 .ARM.attributes
                0x0000024f       0x31 .\CortexM0\ARM_GCC_484\Debug\PSoC_Master.a(UART.o)
 .ARM.attributes
                0x00000280       0x31 .\CortexM0\ARM_GCC_484\Debug\PSoC_Master.a(UART_SPI_UART.o)
 .ARM.attributes
                0x000002b1       0x31 .\CortexM0\ARM_GCC_484\Debug\PSoC_Master.a(UART_UART.o)
 .ARM.attributes
                0x000002e2       0x31 .\CortexM0\ARM_GCC_484\Debug\PSoC_Master.a(UART_ISR.o)
 .ARM.attributes
                0x00000313       0x31 .\CortexM0\ARM_GCC_484\Debug\PSoC_Master.a(I2C.o)
 .ARM.attributes
                0x00000344       0x31 .\CortexM0\ARM_GCC_484\Debug\PSoC_Master.a(I2C_I2C.o)
 .ARM.attributes
                0x00000375       0x31 .\CortexM0\ARM_GCC_484\Debug\PSoC_Master.a(I2C_I2C_MASTER.o)
 .ARM.attributes
                0x000003a6       0x31 .\CortexM0\ARM_GCC_484\Debug\PSoC_Master.a(I2C_sda.o)
 .ARM.attributes
                0x000003d7       0x31 .\CortexM0\ARM_GCC_484\Debug\PSoC_Master.a(I2C_scl.o)
 .ARM.attributes
                0x00000408       0x21 .\CortexM0\ARM_GCC_484\Debug\PSoC_Master.a(CyBootAsmGnu.o)
 .ARM.attributes
                0x00000429       0x31 .\CortexM0\ARM_GCC_484\Debug\PSoC_Master.a(CyLib.o)
 .ARM.attributes
                0x0000045a       0x31 .\CortexM0\ARM_GCC_484\Debug\PSoC_Master.a(BlueLED.o)
 .ARM.attributes
                0x0000048b       0x31 .\CortexM0\ARM_GCC_484\Debug\PSoC_Master.a(I2C_I2C_INT.o)
 .ARM.attributes
                0x000004bc       0x1e c:/program files (x86)/cypress/psoc creator/3.1/psoc creator/import/gnu_cs/arm/4.8.4/bin/../lib/gcc/arm-none-eabi/4.8.4/armv6-m\libgcc.a(_udivsi3.o)
 .ARM.attributes
                0x000004da       0x1e c:/program files (x86)/cypress/psoc creator/3.1/psoc creator/import/gnu_cs/arm/4.8.4/bin/../lib/gcc/arm-none-eabi/4.8.4/armv6-m\libgcc.a(_divsi3.o)
 .ARM.attributes
                0x000004f8       0x1e c:/program files (x86)/cypress/psoc creator/3.1/psoc creator/import/gnu_cs/arm/4.8.4/bin/../lib/gcc/arm-none-eabi/4.8.4/armv6-m\libgcc.a(_dvmd_tls.o)
 .ARM.attributes
                0x00000516       0x1e c:/program files (x86)/cypress/psoc creator/3.1/psoc creator/import/gnu_cs/arm/4.8.4/bin/../lib/gcc/arm-none-eabi/4.8.4/armv6-m\libgcc.a(_arm_cmpsf2.o)
 .ARM.attributes
                0x00000534       0x1e c:/program files (x86)/cypress/psoc creator/3.1/psoc creator/import/gnu_cs/arm/4.8.4/bin/../lib/gcc/arm-none-eabi/4.8.4/armv6-m\libgcc.a(_aeabi_ldivmod.o)
 .ARM.attributes
                0x00000552       0x2c c:/program files (x86)/cypress/psoc creator/3.1/psoc creator/import/gnu_cs/arm/4.8.4/bin/../lib/gcc/arm-none-eabi/4.8.4/armv6-m\libgcc.a(_fixunssfsi.o)
 .ARM.attributes
                0x0000057e       0x2c c:/program files (x86)/cypress/psoc creator/3.1/psoc creator/import/gnu_cs/arm/4.8.4/bin/../lib/gcc/arm-none-eabi/4.8.4/armv6-m\libgcc.a(_floatdisf.o)
 .ARM.attributes
                0x000005aa       0x2c c:/program files (x86)/cypress/psoc creator/3.1/psoc creator/import/gnu_cs/arm/4.8.4/bin/../lib/gcc/arm-none-eabi/4.8.4/armv6-m\libgcc.a(bpabi.o)
 .ARM.attributes
                0x000005d6       0x2c c:/program files (x86)/cypress/psoc creator/3.1/psoc creator/import/gnu_cs/arm/4.8.4/bin/../lib/gcc/arm-none-eabi/4.8.4/armv6-m\libgcc.a(addsf3.o)
 .ARM.attributes
                0x00000602       0x2c c:/program files (x86)/cypress/psoc creator/3.1/psoc creator/import/gnu_cs/arm/4.8.4/bin/../lib/gcc/arm-none-eabi/4.8.4/armv6-m\libgcc.a(divsf3.o)
 .ARM.attributes
                0x0000062e       0x2c c:/program files (x86)/cypress/psoc creator/3.1/psoc creator/import/gnu_cs/arm/4.8.4/bin/../lib/gcc/arm-none-eabi/4.8.4/armv6-m\libgcc.a(eqsf2.o)
 .ARM.attributes
                0x0000065a       0x2c c:/program files (x86)/cypress/psoc creator/3.1/psoc creator/import/gnu_cs/arm/4.8.4/bin/../lib/gcc/arm-none-eabi/4.8.4/armv6-m\libgcc.a(gesf2.o)
 .ARM.attributes
                0x00000686       0x2c c:/program files (x86)/cypress/psoc creator/3.1/psoc creator/import/gnu_cs/arm/4.8.4/bin/../lib/gcc/arm-none-eabi/4.8.4/armv6-m\libgcc.a(lesf2.o)
 .ARM.attributes
                0x000006b2       0x2c c:/program files (x86)/cypress/psoc creator/3.1/psoc creator/import/gnu_cs/arm/4.8.4/bin/../lib/gcc/arm-none-eabi/4.8.4/armv6-m\libgcc.a(mulsf3.o)
 .ARM.attributes
                0x000006de       0x2c c:/program files (x86)/cypress/psoc creator/3.1/psoc creator/import/gnu_cs/arm/4.8.4/bin/../lib/gcc/arm-none-eabi/4.8.4/armv6-m\libgcc.a(subsf3.o)
 .ARM.attributes
                0x0000070a       0x2c c:/program files (x86)/cypress/psoc creator/3.1/psoc creator/import/gnu_cs/arm/4.8.4/bin/../lib/gcc/arm-none-eabi/4.8.4/armv6-m\libgcc.a(fixsfsi.o)
 .ARM.attributes
                0x00000736       0x2c c:/program files (x86)/cypress/psoc creator/3.1/psoc creator/import/gnu_cs/arm/4.8.4/bin/../lib/gcc/arm-none-eabi/4.8.4/armv6-m\libgcc.a(adddf3.o)
 .ARM.attributes
                0x00000762       0x2c c:/program files (x86)/cypress/psoc creator/3.1/psoc creator/import/gnu_cs/arm/4.8.4/bin/../lib/gcc/arm-none-eabi/4.8.4/armv6-m\libgcc.a(muldf3.o)
 .ARM.attributes
                0x0000078e       0x2c c:/program files (x86)/cypress/psoc creator/3.1/psoc creator/import/gnu_cs/arm/4.8.4/bin/../lib/gcc/arm-none-eabi/4.8.4/armv6-m\libgcc.a(floatsidf.o)
 .ARM.attributes
                0x000007ba       0x2c c:/program files (x86)/cypress/psoc creator/3.1/psoc creator/import/gnu_cs/arm/4.8.4/bin/../lib/gcc/arm-none-eabi/4.8.4/armv6-m\libgcc.a(floatunsidf.o)
 .ARM.attributes
                0x000007e6       0x2c c:/program files (x86)/cypress/psoc creator/3.1/psoc creator/import/gnu_cs/arm/4.8.4/bin/../lib/gcc/arm-none-eabi/4.8.4/armv6-m\libgcc.a(truncdfsf2.o)
 .ARM.attributes
                0x00000812       0x1e c:/program files (x86)/cypress/psoc creator/3.1/psoc creator/import/gnu_cs/arm/4.8.4/bin/../lib/gcc/arm-none-eabi/4.8.4/armv6-m\libgcc.a(_clzsi2.o)
 .ARM.attributes
                0x00000830       0x2c c:/program files (x86)/cypress/psoc creator/3.1/psoc creator/import/gnu_cs/arm/4.8.4/bin/../lib/gcc/arm-none-eabi/4.8.4/armv6-m\libgcc.a(_muldi3.o)
 .ARM.attributes
                0x0000085c       0x2c c:/program files (x86)/cypress/psoc creator/3.1/psoc creator/import/gnu_cs/arm/4.8.4/bin/../lib/gcc/arm-none-eabi/4.8.4/armv6-m\libgcc.a(_divdi3.o)
 .ARM.attributes
                0x00000888       0x2c c:/program files (x86)/cypress/psoc creator/3.1/psoc creator/import/gnu_cs/arm/4.8.4/bin/../lib/gcc/arm-none-eabi/4.8.4/armv6-m\libgcc.a(_udivdi3.o)
 .ARM.attributes
                0x000008b4       0x2c c:/program files (x86)/cypress/psoc creator/3.1/psoc creator/import/gnu_cs/arm/4.8.4/bin/../lib/gcc/arm-none-eabi/4.8.4/../../../../arm-none-eabi/lib/armv6-m\libg_s.a(lib_a-errno.o)
 .ARM.attributes
                0x000008e0       0x2c c:/program files (x86)/cypress/psoc creator/3.1/psoc creator/import/gnu_cs/arm/4.8.4/bin/../lib/gcc/arm-none-eabi/4.8.4/../../../../arm-none-eabi/lib/armv6-m\libg_s.a(lib_a-exit.o)
 .ARM.attributes
                0x0000090c       0x2c c:/program files (x86)/cypress/psoc creator/3.1/psoc creator/import/gnu_cs/arm/4.8.4/bin/../lib/gcc/arm-none-eabi/4.8.4/../../../../arm-none-eabi/lib/armv6-m\libg_s.a(lib_a-impure.o)
 .ARM.attributes
                0x00000938       0x2c c:/program files (x86)/cypress/psoc creator/3.1/psoc creator/import/gnu_cs/arm/4.8.4/bin/../lib/gcc/arm-none-eabi/4.8.4/../../../../arm-none-eabi/lib/armv6-m\libg_s.a(lib_a-init.o)
 .ARM.attributes
                0x00000964       0x2c c:/program files (x86)/cypress/psoc creator/3.1/psoc creator/import/gnu_cs/arm/4.8.4/bin/../lib/gcc/arm-none-eabi/4.8.4/../../../../arm-none-eabi/lib/armv6-m\libg_s.a(lib_a-memcpy-stub.o)
 .ARM.attributes
                0x00000990       0x2c c:/program files (x86)/cypress/psoc creator/3.1/psoc creator/import/gnu_cs/arm/4.8.4/bin/../lib/gcc/arm-none-eabi/4.8.4/../../../../arm-none-eabi/lib/armv6-m\libg_s.a(lib_a-memset.o)
 .ARM.attributes
                0x000009bc       0x2c c:/program files (x86)/cypress/psoc creator/3.1/psoc creator/import/gnu_cs/arm/4.8.4/bin/../lib/gcc/arm-none-eabi/4.8.4/armv6-m/crtend.o
 .ARM.attributes
                0x000009e8       0x1e c:/program files (x86)/cypress/psoc creator/3.1/psoc creator/import/gnu_cs/arm/4.8.4/bin/../lib/gcc/arm-none-eabi/4.8.4/armv6-m/crtn.o

/DISCARD/
 *(.note.GNU-stack)
OUTPUT(.\CortexM0\ARM_GCC_484\Debug\PSoC_Master.elf elf32-littlearm)
