Archive member included because of file (symbol)

.\CortexM0\ARM_GCC_484\Debug\PSoC_Master.a(cyfitter_cfg.o)
                              .\CortexM0\ARM_GCC_484\Debug\Cm0Start.o (cyfitter_cfg)
.\CortexM0\ARM_GCC_484\Debug\PSoC_Master.a(I2C.o)
                              .\CortexM0\ARM_GCC_484\Debug\I2C_Class.o (I2C_Start)
.\CortexM0\ARM_GCC_484\Debug\PSoC_Master.a(I2C_I2C.o)
                              .\CortexM0\ARM_GCC_484\Debug\PSoC_Master.a(I2C.o) (I2C_I2CInit)
.\CortexM0\ARM_GCC_484\Debug\PSoC_Master.a(I2C_I2C_MASTER.o)
                              .\CortexM0\ARM_GCC_484\Debug\PSoC_Master.a(I2C_I2C.o) (I2C_mstrStatus)
.\CortexM0\ARM_GCC_484\Debug\PSoC_Master.a(I2C_sda.o)
                              .\CortexM0\ARM_GCC_484\Debug\PSoC_Master.a(I2C_I2C_MASTER.o) (I2C_sda_Read)
.\CortexM0\ARM_GCC_484\Debug\PSoC_Master.a(I2C_scl.o)
                              .\CortexM0\ARM_GCC_484\Debug\PSoC_Master.a(I2C_I2C_MASTER.o) (I2C_scl_Write)
.\CortexM0\ARM_GCC_484\Debug\PSoC_Master.a(CyBootAsmGnu.o)
                              .\CortexM0\ARM_GCC_484\Debug\PSoC_Master.a(cyfitter_cfg.o) (CyDelayCycles)
.\CortexM0\ARM_GCC_484\Debug\PSoC_Master.a(CyLib.o)
                              .\CortexM0\ARM_GCC_484\Debug\PSoC_Master.a(cyfitter_cfg.o) (CyDelayUs)
.\CortexM0\ARM_GCC_484\Debug\PSoC_Master.a(I2C_I2C_INT.o)
                              .\CortexM0\ARM_GCC_484\Debug\PSoC_Master.a(I2C_I2C.o) (I2C_I2C_ISR)
c:/program files (x86)/cypress/psoc creator/3.1/psoc creator/import/gnu_cs/arm/4.8.4/bin/../lib/gcc/arm-none-eabi/4.8.4/armv6-m\libgcc.a(_udivsi3.o)
                              .\CortexM0\ARM_GCC_484\Debug\PSoC_Master.a(CyLib.o) (__aeabi_uidiv)
c:/program files (x86)/cypress/psoc creator/3.1/psoc creator/import/gnu_cs/arm/4.8.4/bin/../lib/gcc/arm-none-eabi/4.8.4/armv6-m\libgcc.a(_divsi3.o)
                              .\CortexM0\ARM_GCC_484\Debug\Cm0Start.o (__aeabi_idiv)
c:/program files (x86)/cypress/psoc creator/3.1/psoc creator/import/gnu_cs/arm/4.8.4/bin/../lib/gcc/arm-none-eabi/4.8.4/armv6-m\libgcc.a(_dvmd_tls.o)
                              c:/program files (x86)/cypress/psoc creator/3.1/psoc creator/import/gnu_cs/arm/4.8.4/bin/../lib/gcc/arm-none-eabi/4.8.4/armv6-m\libgcc.a(_udivsi3.o) (__aeabi_idiv0)
c:/program files (x86)/cypress/psoc creator/3.1/psoc creator/import/gnu_cs/arm/4.8.4/bin/../lib/gcc/arm-none-eabi/4.8.4/../../../../arm-none-eabi/lib/armv6-m\libg_s.a(lib_a-errno.o)
                              .\CortexM0\ARM_GCC_484\Debug\Cm0Start.o (__errno)
c:/program files (x86)/cypress/psoc creator/3.1/psoc creator/import/gnu_cs/arm/4.8.4/bin/../lib/gcc/arm-none-eabi/4.8.4/../../../../arm-none-eabi/lib/armv6-m\libg_s.a(lib_a-exit.o)
                              c:/program files (x86)/cypress/psoc creator/3.1/psoc creator/import/gnu_cs/arm/4.8.4/bin/../lib/gcc/arm-none-eabi/4.8.4/../../../../arm-none-eabi/lib/armv6-m/crt0.o (exit)
c:/program files (x86)/cypress/psoc creator/3.1/psoc creator/import/gnu_cs/arm/4.8.4/bin/../lib/gcc/arm-none-eabi/4.8.4/../../../../arm-none-eabi/lib/armv6-m\libg_s.a(lib_a-impure.o)
                              c:/program files (x86)/cypress/psoc creator/3.1/psoc creator/import/gnu_cs/arm/4.8.4/bin/../lib/gcc/arm-none-eabi/4.8.4/../../../../arm-none-eabi/lib/armv6-m\libg_s.a(lib_a-exit.o) (_global_impure_ptr)
c:/program files (x86)/cypress/psoc creator/3.1/psoc creator/import/gnu_cs/arm/4.8.4/bin/../lib/gcc/arm-none-eabi/4.8.4/../../../../arm-none-eabi/lib/armv6-m\libg_s.a(lib_a-init.o)
                              c:/program files (x86)/cypress/psoc creator/3.1/psoc creator/import/gnu_cs/arm/4.8.4/bin/../lib/gcc/arm-none-eabi/4.8.4/../../../../arm-none-eabi/lib/armv6-m/crt0.o (__libc_init_array)
c:/program files (x86)/cypress/psoc creator/3.1/psoc creator/import/gnu_cs/arm/4.8.4/bin/../lib/gcc/arm-none-eabi/4.8.4/../../../../arm-none-eabi/lib/armv6-m\libg_s.a(lib_a-memcpy-stub.o)
                              .\CortexM0\ARM_GCC_484\Debug\PSoC_Master.a(cyfitter_cfg.o) (memcpy)
c:/program files (x86)/cypress/psoc creator/3.1/psoc creator/import/gnu_cs/arm/4.8.4/bin/../lib/gcc/arm-none-eabi/4.8.4/../../../../arm-none-eabi/lib/armv6-m\libg_s.a(lib_a-memset.o)
                              c:/program files (x86)/cypress/psoc creator/3.1/psoc creator/import/gnu_cs/arm/4.8.4/bin/../lib/gcc/arm-none-eabi/4.8.4/../../../../arm-none-eabi/lib/armv6-m/crt0.o (memset)

Allocating common symbols
Common symbol       size              file

humArrayPtr         0x4               .\CortexM0\ARM_GCC_484\Debug\DSP_Class.o
hum                 0x1               .\CortexM0\ARM_GCC_484\Debug\DSP_Class.o
tempArrayPtr        0x4               .\CortexM0\ARM_GCC_484\Debug\DSP_Class.o
tempSoilHum         0xc               .\CortexM0\ARM_GCC_484\Debug\PSoC_Master_Class.o
I2C_mstrWrBufIndexTmp
                    0x4               .\CortexM0\ARM_GCC_484\Debug\PSoC_Master.a(I2C_I2C_MASTER.o)
lightArrayPtr       0x4               .\CortexM0\ARM_GCC_484\Debug\DSP_Class.o
lightArray          0x190             .\CortexM0\ARM_GCC_484\Debug\DSP_Class.o
tempHum             0x4               .\CortexM0\ARM_GCC_484\Debug\PSoC_Master_Class.o
tempLight           0x4               .\CortexM0\ARM_GCC_484\Debug\PSoC_Master_Class.o
temp                0x1               .\CortexM0\ARM_GCC_484\Debug\DSP_Class.o
I2C_state           0x1               .\CortexM0\ARM_GCC_484\Debug\PSoC_Master.a(I2C_I2C.o)
receivedCommand     0x1               .\CortexM0\ARM_GCC_484\Debug\UART_Class.o
I2C_mstrWrBufIndex  0x4               .\CortexM0\ARM_GCC_484\Debug\PSoC_Master.a(I2C_I2C_MASTER.o)
light               0x1               .\CortexM0\ARM_GCC_484\Debug\DSP_Class.o
irrigationStatus    0x1               .\CortexM0\ARM_GCC_484\Debug\I2C_Class.o
I2C_mstrWrBufSize   0x4               .\CortexM0\ARM_GCC_484\Debug\PSoC_Master.a(I2C_I2C_MASTER.o)
soilHum             0x6               .\CortexM0\ARM_GCC_484\Debug\DSP_Class.o
I2C_mstrStatus      0x2               .\CortexM0\ARM_GCC_484\Debug\PSoC_Master.a(I2C_I2C_MASTER.o)
I2C_mstrRdBufPtr    0x4               .\CortexM0\ARM_GCC_484\Debug\PSoC_Master.a(I2C_I2C_MASTER.o)
I2C_mstrControl     0x1               .\CortexM0\ARM_GCC_484\Debug\PSoC_Master.a(I2C_I2C_MASTER.o)
soilHumArray        0x4b0             .\CortexM0\ARM_GCC_484\Debug\DSP_Class.o
I2C_mstrRdBufSize   0x4               .\CortexM0\ARM_GCC_484\Debug\PSoC_Master.a(I2C_I2C_MASTER.o)
I2C_mstrRdBufIndex  0x4               .\CortexM0\ARM_GCC_484\Debug\PSoC_Master.a(I2C_I2C_MASTER.o)
soilHumPtr          0x18              .\CortexM0\ARM_GCC_484\Debug\DSP_Class.o
I2C_mstrWrBufPtr    0x4               .\CortexM0\ARM_GCC_484\Debug\PSoC_Master.a(I2C_I2C_MASTER.o)
tempArray           0x190             .\CortexM0\ARM_GCC_484\Debug\DSP_Class.o
humArray            0x190             .\CortexM0\ARM_GCC_484\Debug\DSP_Class.o
tempTemp            0x4               .\CortexM0\ARM_GCC_484\Debug\PSoC_Master_Class.o

Discarded input sections

 .text          0x00000000        0x0 c:/program files (x86)/cypress/psoc creator/3.1/psoc creator/import/gnu_cs/arm/4.8.4/bin/../lib/gcc/arm-none-eabi/4.8.4/armv6-m/crti.o
 .data          0x00000000        0x0 c:/program files (x86)/cypress/psoc creator/3.1/psoc creator/import/gnu_cs/arm/4.8.4/bin/../lib/gcc/arm-none-eabi/4.8.4/armv6-m/crti.o
 .bss           0x00000000        0x0 c:/program files (x86)/cypress/psoc creator/3.1/psoc creator/import/gnu_cs/arm/4.8.4/bin/../lib/gcc/arm-none-eabi/4.8.4/armv6-m/crti.o
 .data          0x00000000        0x4 c:/program files (x86)/cypress/psoc creator/3.1/psoc creator/import/gnu_cs/arm/4.8.4/bin/../lib/gcc/arm-none-eabi/4.8.4/armv6-m/crtbegin.o
 .text          0x00000000       0x78 c:/program files (x86)/cypress/psoc creator/3.1/psoc creator/import/gnu_cs/arm/4.8.4/bin/../lib/gcc/arm-none-eabi/4.8.4/../../../../arm-none-eabi/lib/armv6-m/crt0.o
 .data          0x00000000        0x0 c:/program files (x86)/cypress/psoc creator/3.1/psoc creator/import/gnu_cs/arm/4.8.4/bin/../lib/gcc/arm-none-eabi/4.8.4/../../../../arm-none-eabi/lib/armv6-m/crt0.o
 .bss           0x00000000        0x0 c:/program files (x86)/cypress/psoc creator/3.1/psoc creator/import/gnu_cs/arm/4.8.4/bin/../lib/gcc/arm-none-eabi/4.8.4/../../../../arm-none-eabi/lib/armv6-m/crt0.o
 .ARM.extab     0x00000000        0x0 c:/program files (x86)/cypress/psoc creator/3.1/psoc creator/import/gnu_cs/arm/4.8.4/bin/../lib/gcc/arm-none-eabi/4.8.4/../../../../arm-none-eabi/lib/armv6-m/crt0.o
 .ARM.exidx     0x00000000        0x8 c:/program files (x86)/cypress/psoc creator/3.1/psoc creator/import/gnu_cs/arm/4.8.4/bin/../lib/gcc/arm-none-eabi/4.8.4/../../../../arm-none-eabi/lib/armv6-m/crt0.o
 .text          0x00000000        0x0 .\CortexM0\ARM_GCC_484\Debug\main.o
 .data          0x00000000        0x0 .\CortexM0\ARM_GCC_484\Debug\main.o
 .bss           0x00000000        0x0 .\CortexM0\ARM_GCC_484\Debug\main.o
 .text          0x00000000        0x0 .\CortexM0\ARM_GCC_484\Debug\DSP_Class.o
 .data          0x00000000        0x0 .\CortexM0\ARM_GCC_484\Debug\DSP_Class.o
 .bss           0x00000000        0x0 .\CortexM0\ARM_GCC_484\Debug\DSP_Class.o
 .text.getTemp_DSP
                0x00000000        0xc .\CortexM0\ARM_GCC_484\Debug\DSP_Class.o
 .text.getHum_DSP
                0x00000000        0xc .\CortexM0\ARM_GCC_484\Debug\DSP_Class.o
 .text.getSoilHum_DSP
                0x00000000       0x20 .\CortexM0\ARM_GCC_484\Debug\DSP_Class.o
 .text.getLight_DSP
                0x00000000        0xc .\CortexM0\ARM_GCC_484\Debug\DSP_Class.o
 .text.avgTemp  0x00000000        0x8 .\CortexM0\ARM_GCC_484\Debug\DSP_Class.o
 .text.avgHum   0x00000000        0x8 .\CortexM0\ARM_GCC_484\Debug\DSP_Class.o
 .text.avgSoilHum
                0x00000000       0x1c .\CortexM0\ARM_GCC_484\Debug\DSP_Class.o
 .text.avgLight
                0x00000000        0x8 .\CortexM0\ARM_GCC_484\Debug\DSP_Class.o
 .text.inputTemp
                0x00000000       0x14 .\CortexM0\ARM_GCC_484\Debug\DSP_Class.o
 .text.inputHum
                0x00000000       0x14 .\CortexM0\ARM_GCC_484\Debug\DSP_Class.o
 .text.inputSoilHum
                0x00000000       0x24 .\CortexM0\ARM_GCC_484\Debug\DSP_Class.o
 .text.inputLight
                0x00000000       0x14 .\CortexM0\ARM_GCC_484\Debug\DSP_Class.o
 COMMON         0x00000000      0x994 .\CortexM0\ARM_GCC_484\Debug\DSP_Class.o
 .text          0x00000000        0x0 .\CortexM0\ARM_GCC_484\Debug\I2C_Class.o
 .data          0x00000000        0x0 .\CortexM0\ARM_GCC_484\Debug\I2C_Class.o
 .bss           0x00000000        0x0 .\CortexM0\ARM_GCC_484\Debug\I2C_Class.o
 .text.adjustHeat
                0x00000000       0x98 .\CortexM0\ARM_GCC_484\Debug\I2C_Class.o
 .text.adjustVentilation
                0x00000000       0x98 .\CortexM0\ARM_GCC_484\Debug\I2C_Class.o
 .text.getTempAndHum
                0x00000000       0x6c .\CortexM0\ARM_GCC_484\Debug\I2C_Class.o
 .text.getLight
                0x00000000       0x60 .\CortexM0\ARM_GCC_484\Debug\I2C_Class.o
 .text.getSoilHum
                0x00000000       0x28 .\CortexM0\ARM_GCC_484\Debug\I2C_Class.o
 .text          0x00000000        0x0 .\CortexM0\ARM_GCC_484\Debug\PSoC_Master_Class.o
 .data          0x00000000        0x0 .\CortexM0\ARM_GCC_484\Debug\PSoC_Master_Class.o
 .bss           0x00000000        0x0 .\CortexM0\ARM_GCC_484\Debug\PSoC_Master_Class.o
 COMMON         0x00000000       0x18 .\CortexM0\ARM_GCC_484\Debug\PSoC_Master_Class.o
 .text          0x00000000        0x0 .\CortexM0\ARM_GCC_484\Debug\UART_Class.o
 .data          0x00000000        0x0 .\CortexM0\ARM_GCC_484\Debug\UART_Class.o
 .bss           0x00000000        0x0 .\CortexM0\ARM_GCC_484\Debug\UART_Class.o
 .text.respondTemp
                0x00000000       0x20 .\CortexM0\ARM_GCC_484\Debug\UART_Class.o
 .text.respondHum
                0x00000000       0x20 .\CortexM0\ARM_GCC_484\Debug\UART_Class.o
 .text.respondLight
                0x00000000       0x20 .\CortexM0\ARM_GCC_484\Debug\UART_Class.o
 .text.respondSoilHum
                0x00000000       0x30 .\CortexM0\ARM_GCC_484\Debug\UART_Class.o
 .text.respondHeat
                0x00000000       0x30 .\CortexM0\ARM_GCC_484\Debug\UART_Class.o
 .text.respondWin
                0x00000000       0x20 .\CortexM0\ARM_GCC_484\Debug\UART_Class.o
 .text.respondVent
                0x00000000       0x20 .\CortexM0\ARM_GCC_484\Debug\UART_Class.o
 .text.respondIrri
                0x00000000       0x20 .\CortexM0\ARM_GCC_484\Debug\UART_Class.o
 .text.dkRequest
                0x00000000        0xc .\CortexM0\ARM_GCC_484\Debug\UART_Class.o
 COMMON         0x00000000        0x1 .\CortexM0\ARM_GCC_484\Debug\UART_Class.o
 .text          0x00000000        0x0 .\CortexM0\ARM_GCC_484\Debug\cymetadata.o
 .data          0x00000000        0x0 .\CortexM0\ARM_GCC_484\Debug\cymetadata.o
 .bss           0x00000000        0x0 .\CortexM0\ARM_GCC_484\Debug\cymetadata.o
 .text          0x00000000        0x0 .\CortexM0\ARM_GCC_484\Debug\Cm0Start.o
 .data          0x00000000        0x4 .\CortexM0\ARM_GCC_484\Debug\Cm0Start.o
 .bss           0x00000000        0x0 .\CortexM0\ARM_GCC_484\Debug\Cm0Start.o
 .text._exit    0x00000000       0x28 .\CortexM0\ARM_GCC_484\Debug\Cm0Start.o
 .text._sbrk    0x00000000       0x50 .\CortexM0\ARM_GCC_484\Debug\Cm0Start.o
 .text          0x00000000        0x0 .\CortexM0\ARM_GCC_484\Debug\PSoC_Master.a(cyfitter_cfg.o)
 .bss           0x00000000        0x0 .\CortexM0\ARM_GCC_484\Debug\PSoC_Master.a(cyfitter_cfg.o)
 .text.CYCONFIGCPY
                0x00000000       0x24 .\CortexM0\ARM_GCC_484\Debug\PSoC_Master.a(cyfitter_cfg.o)
 .text.CYCONFIGCPYCODE
                0x00000000       0x24 .\CortexM0\ARM_GCC_484\Debug\PSoC_Master.a(cyfitter_cfg.o)
 .text          0x00000000        0x0 .\CortexM0\ARM_GCC_484\Debug\PSoC_Master.a(I2C.o)
 .data          0x00000000        0x0 .\CortexM0\ARM_GCC_484\Debug\PSoC_Master.a(I2C.o)
 .text.I2C_Stop
                0x00000000       0x28 .\CortexM0\ARM_GCC_484\Debug\PSoC_Master.a(I2C.o)
 .text.I2C_SetRxFifoLevel
                0x00000000       0x34 .\CortexM0\ARM_GCC_484\Debug\PSoC_Master.a(I2C.o)
 .text.I2C_SetTxFifoLevel
                0x00000000       0x34 .\CortexM0\ARM_GCC_484\Debug\PSoC_Master.a(I2C.o)
 .text.I2C_SetCustomInterruptHandler
                0x00000000       0x18 .\CortexM0\ARM_GCC_484\Debug\PSoC_Master.a(I2C.o)
 .text.I2C_ScbModeStop
                0x00000000        0xc .\CortexM0\ARM_GCC_484\Debug\PSoC_Master.a(I2C.o)
 .text.I2C_I2CSlaveNackGeneration
                0x00000000       0x50 .\CortexM0\ARM_GCC_484\Debug\PSoC_Master.a(I2C.o)
 .text          0x00000000        0x0 .\CortexM0\ARM_GCC_484\Debug\PSoC_Master.a(I2C_I2C.o)
 .data          0x00000000        0x0 .\CortexM0\ARM_GCC_484\Debug\PSoC_Master.a(I2C_I2C.o)
 .bss           0x00000000        0x0 .\CortexM0\ARM_GCC_484\Debug\PSoC_Master.a(I2C_I2C.o)
 .text.I2C_I2CStop
                0x00000000       0x24 .\CortexM0\ARM_GCC_484\Debug\PSoC_Master.a(I2C_I2C.o)
 .text          0x00000000        0x0 .\CortexM0\ARM_GCC_484\Debug\PSoC_Master.a(I2C_I2C_MASTER.o)
 .data          0x00000000        0x0 .\CortexM0\ARM_GCC_484\Debug\PSoC_Master.a(I2C_I2C_MASTER.o)
 .bss           0x00000000        0x0 .\CortexM0\ARM_GCC_484\Debug\PSoC_Master.a(I2C_I2C_MASTER.o)
 .text.I2C_I2CMasterSendStart
                0x00000000      0x110 .\CortexM0\ARM_GCC_484\Debug\PSoC_Master.a(I2C_I2C_MASTER.o)
 .text.I2C_I2CMasterSendRestart
                0x00000000      0x108 .\CortexM0\ARM_GCC_484\Debug\PSoC_Master.a(I2C_I2C_MASTER.o)
 .text.I2C_I2CMasterSendStop
                0x00000000       0xbc .\CortexM0\ARM_GCC_484\Debug\PSoC_Master.a(I2C_I2C_MASTER.o)
 .text.I2C_I2CMasterWriteByte
                0x00000000       0xcc .\CortexM0\ARM_GCC_484\Debug\PSoC_Master.a(I2C_I2C_MASTER.o)
 .text.I2C_I2CMasterReadByte
                0x00000000       0xa8 .\CortexM0\ARM_GCC_484\Debug\PSoC_Master.a(I2C_I2C_MASTER.o)
 .text.I2C_I2CMasterGetReadBufSize
                0x00000000       0x14 .\CortexM0\ARM_GCC_484\Debug\PSoC_Master.a(I2C_I2C_MASTER.o)
 .text.I2C_I2CMasterGetWriteBufSize
                0x00000000       0x14 .\CortexM0\ARM_GCC_484\Debug\PSoC_Master.a(I2C_I2C_MASTER.o)
 .text.I2C_I2CMasterClearReadBuf
                0x00000000       0x34 .\CortexM0\ARM_GCC_484\Debug\PSoC_Master.a(I2C_I2C_MASTER.o)
 .text.I2C_I2CMasterClearWriteBuf
                0x00000000       0x34 .\CortexM0\ARM_GCC_484\Debug\PSoC_Master.a(I2C_I2C_MASTER.o)
 .text.I2C_I2CMasterStatus
                0x00000000       0x44 .\CortexM0\ARM_GCC_484\Debug\PSoC_Master.a(I2C_I2C_MASTER.o)
 .text          0x00000000        0x0 .\CortexM0\ARM_GCC_484\Debug\PSoC_Master.a(I2C_sda.o)
 .data          0x00000000        0x0 .\CortexM0\ARM_GCC_484\Debug\PSoC_Master.a(I2C_sda.o)
 .bss           0x00000000        0x0 .\CortexM0\ARM_GCC_484\Debug\PSoC_Master.a(I2C_sda.o)
 .text.I2C_sda_Write
                0x00000000       0x4c .\CortexM0\ARM_GCC_484\Debug\PSoC_Master.a(I2C_sda.o)
 .text.I2C_sda_SetDriveMode
                0x00000000       0x30 .\CortexM0\ARM_GCC_484\Debug\PSoC_Master.a(I2C_sda.o)
 .text.I2C_sda_ReadDataReg
                0x00000000       0x1c .\CortexM0\ARM_GCC_484\Debug\PSoC_Master.a(I2C_sda.o)
 .text.I2C_sda_ClearInterrupt
                0x00000000       0x30 .\CortexM0\ARM_GCC_484\Debug\PSoC_Master.a(I2C_sda.o)
 .text          0x00000000        0x0 .\CortexM0\ARM_GCC_484\Debug\PSoC_Master.a(I2C_scl.o)
 .data          0x00000000        0x0 .\CortexM0\ARM_GCC_484\Debug\PSoC_Master.a(I2C_scl.o)
 .bss           0x00000000        0x0 .\CortexM0\ARM_GCC_484\Debug\PSoC_Master.a(I2C_scl.o)
 .text.I2C_scl_SetDriveMode
                0x00000000       0x2c .\CortexM0\ARM_GCC_484\Debug\PSoC_Master.a(I2C_scl.o)
 .text.I2C_scl_ReadDataReg
                0x00000000       0x1c .\CortexM0\ARM_GCC_484\Debug\PSoC_Master.a(I2C_scl.o)
 .text.I2C_scl_ClearInterrupt
                0x00000000       0x2c .\CortexM0\ARM_GCC_484\Debug\PSoC_Master.a(I2C_scl.o)
 .data          0x00000000        0x0 .\CortexM0\ARM_GCC_484\Debug\PSoC_Master.a(CyBootAsmGnu.o)
 .bss           0x00000000        0x0 .\CortexM0\ARM_GCC_484\Debug\PSoC_Master.a(CyBootAsmGnu.o)
 .text          0x00000000        0x0 .\CortexM0\ARM_GCC_484\Debug\PSoC_Master.a(CyLib.o)
 .bss           0x00000000       0x24 .\CortexM0\ARM_GCC_484\Debug\PSoC_Master.a(CyLib.o)
 .rodata        0x00000000       0x30 .\CortexM0\ARM_GCC_484\Debug\PSoC_Master.a(CyLib.o)
 .text.CySysClkImoStart
                0x00000000       0x1c .\CortexM0\ARM_GCC_484\Debug\PSoC_Master.a(CyLib.o)
 .text.CySysClkImoStop
                0x00000000       0x18 .\CortexM0\ARM_GCC_484\Debug\PSoC_Master.a(CyLib.o)
 .text.CySysClkIloStart
                0x00000000       0x1c .\CortexM0\ARM_GCC_484\Debug\PSoC_Master.a(CyLib.o)
 .text.CySysClkIloStop
                0x00000000       0x4c .\CortexM0\ARM_GCC_484\Debug\PSoC_Master.a(CyLib.o)
 .text.CySysClkIloEnabled
                0x00000000       0x1c .\CortexM0\ARM_GCC_484\Debug\PSoC_Master.a(CyLib.o)
 .text.CySysClkWriteHfclkDirect
                0x00000000       0x44 .\CortexM0\ARM_GCC_484\Debug\PSoC_Master.a(CyLib.o)
 .text.CySysClkWriteSysclkDiv
                0x00000000       0x44 .\CortexM0\ARM_GCC_484\Debug\PSoC_Master.a(CyLib.o)
 .text.CySysClkWriteImoFreq
                0x00000000      0x1e0 .\CortexM0\ARM_GCC_484\Debug\PSoC_Master.a(CyLib.o)
 .text.CySysWdtLock
                0x00000000       0x34 .\CortexM0\ARM_GCC_484\Debug\PSoC_Master.a(CyLib.o)
 .text.CySysWdtLocked
                0x00000000       0x20 .\CortexM0\ARM_GCC_484\Debug\PSoC_Master.a(CyLib.o)
 .text.CySysWdtUnlock
                0x00000000       0x4c .\CortexM0\ARM_GCC_484\Debug\PSoC_Master.a(CyLib.o)
 .text.CySysWdtReadEnabledStatus
                0x00000000       0x30 .\CortexM0\ARM_GCC_484\Debug\PSoC_Master.a(CyLib.o)
 .text.CySysWdtWriteMode
                0x00000000       0x60 .\CortexM0\ARM_GCC_484\Debug\PSoC_Master.a(CyLib.o)
 .text.CySysWdtReadMode
                0x00000000       0x24 .\CortexM0\ARM_GCC_484\Debug\PSoC_Master.a(CyLib.o)
 .text.CySysWdtWriteClearOnMatch
                0x00000000       0x70 .\CortexM0\ARM_GCC_484\Debug\PSoC_Master.a(CyLib.o)
 .text.CySysWdtReadClearOnMatch
                0x00000000       0x40 .\CortexM0\ARM_GCC_484\Debug\PSoC_Master.a(CyLib.o)
 .text.CySysWdtEnable
                0x00000000       0x68 .\CortexM0\ARM_GCC_484\Debug\PSoC_Master.a(CyLib.o)
 .text.CySysWdtDisable
                0x00000000       0x68 .\CortexM0\ARM_GCC_484\Debug\PSoC_Master.a(CyLib.o)
 .text.CySysWdtWriteCascade
                0x00000000       0x58 .\CortexM0\ARM_GCC_484\Debug\PSoC_Master.a(CyLib.o)
 .text.CySysWdtReadCascade
                0x00000000       0x1c .\CortexM0\ARM_GCC_484\Debug\PSoC_Master.a(CyLib.o)
 .text.CySysWdtWriteMatch
                0x00000000       0x6c .\CortexM0\ARM_GCC_484\Debug\PSoC_Master.a(CyLib.o)
 .text.CySysWdtWriteToggleBit
                0x00000000       0x44 .\CortexM0\ARM_GCC_484\Debug\PSoC_Master.a(CyLib.o)
 .text.CySysWdtReadToggleBit
                0x00000000       0x18 .\CortexM0\ARM_GCC_484\Debug\PSoC_Master.a(CyLib.o)
 .text.CySysWdtReadMatch
                0x00000000       0x44 .\CortexM0\ARM_GCC_484\Debug\PSoC_Master.a(CyLib.o)
 .text.CySysWdtReadCount
                0x00000000       0x54 .\CortexM0\ARM_GCC_484\Debug\PSoC_Master.a(CyLib.o)
 .text.CySysWdtGetInterruptSource
                0x00000000       0x1c .\CortexM0\ARM_GCC_484\Debug\PSoC_Master.a(CyLib.o)
 .text.CySysWdtClearInterrupt
                0x00000000       0x6c .\CortexM0\ARM_GCC_484\Debug\PSoC_Master.a(CyLib.o)
 .text.CySysWdtResetCounters
                0x00000000       0x28 .\CortexM0\ARM_GCC_484\Debug\PSoC_Master.a(CyLib.o)
 .text.CySysClkLfclkPosedgeCatch
                0x00000000       0x9c .\CortexM0\ARM_GCC_484\Debug\PSoC_Master.a(CyLib.o)
 .text.CySysClkLfclkPosedgeRestore
                0x00000000       0x3c .\CortexM0\ARM_GCC_484\Debug\PSoC_Master.a(CyLib.o)
 .text.CySysLvdEnable
                0x00000000       0x48 .\CortexM0\ARM_GCC_484\Debug\PSoC_Master.a(CyLib.o)
 .text.CySysLvdDisable
                0x00000000       0x28 .\CortexM0\ARM_GCC_484\Debug\PSoC_Master.a(CyLib.o)
 .text.CySysLvdGetInterruptSource
                0x00000000       0x18 .\CortexM0\ARM_GCC_484\Debug\PSoC_Master.a(CyLib.o)
 .text.CySysLvdClearInterrupt
                0x00000000       0x14 .\CortexM0\ARM_GCC_484\Debug\PSoC_Master.a(CyLib.o)
 .text.CySysGetResetReason
                0x00000000       0x30 .\CortexM0\ARM_GCC_484\Debug\PSoC_Master.a(CyLib.o)
 .text.CyDisableInts
                0x00000000       0x24 .\CortexM0\ARM_GCC_484\Debug\PSoC_Master.a(CyLib.o)
 .text.CyEnableInts
                0x00000000       0x18 .\CortexM0\ARM_GCC_484\Debug\PSoC_Master.a(CyLib.o)
 .text.CyIntSetSysVector
                0x00000000       0x48 .\CortexM0\ARM_GCC_484\Debug\PSoC_Master.a(CyLib.o)
 .text.CyIntGetSysVector
                0x00000000       0x34 .\CortexM0\ARM_GCC_484\Debug\PSoC_Master.a(CyLib.o)
 .text.CyIntGetVector
                0x00000000       0x38 .\CortexM0\ARM_GCC_484\Debug\PSoC_Master.a(CyLib.o)
 .text.CyIntGetPriority
                0x00000000       0x58 .\CortexM0\ARM_GCC_484\Debug\PSoC_Master.a(CyLib.o)
 .text.CyIntGetState
                0x00000000       0x34 .\CortexM0\ARM_GCC_484\Debug\PSoC_Master.a(CyLib.o)
 .text.CyIntSetPending
                0x00000000       0x2c .\CortexM0\ARM_GCC_484\Debug\PSoC_Master.a(CyLib.o)
 .text.CyIntClearPending
                0x00000000       0x2c .\CortexM0\ARM_GCC_484\Debug\PSoC_Master.a(CyLib.o)
 .text.CySoftwareReset
                0x00000000       0x20 .\CortexM0\ARM_GCC_484\Debug\PSoC_Master.a(CyLib.o)
 .text.CyDelayFreq
                0x00000000       0x80 .\CortexM0\ARM_GCC_484\Debug\PSoC_Master.a(CyLib.o)
 .text.CySysTickStart
                0x00000000       0x24 .\CortexM0\ARM_GCC_484\Debug\PSoC_Master.a(CyLib.o)
 .text.CySysTickInit
                0x00000000       0x60 .\CortexM0\ARM_GCC_484\Debug\PSoC_Master.a(CyLib.o)
 .text.CySysTickEnable
                0x00000000       0x1c .\CortexM0\ARM_GCC_484\Debug\PSoC_Master.a(CyLib.o)
 .text.CySysTickStop
                0x00000000       0x18 .\CortexM0\ARM_GCC_484\Debug\PSoC_Master.a(CyLib.o)
 .text.CySysTickEnableInterrupt
                0x00000000       0x18 .\CortexM0\ARM_GCC_484\Debug\PSoC_Master.a(CyLib.o)
 .text.CySysTickDisableInterrupt
                0x00000000       0x18 .\CortexM0\ARM_GCC_484\Debug\PSoC_Master.a(CyLib.o)
 .text.CySysTickSetReload
                0x00000000       0x1c .\CortexM0\ARM_GCC_484\Debug\PSoC_Master.a(CyLib.o)
 .text.CySysTickGetReload
                0x00000000       0x18 .\CortexM0\ARM_GCC_484\Debug\PSoC_Master.a(CyLib.o)
 .text.CySysTickGetValue
                0x00000000       0x1c .\CortexM0\ARM_GCC_484\Debug\PSoC_Master.a(CyLib.o)
 .text.CySysTickGetCountFlag
                0x00000000       0x18 .\CortexM0\ARM_GCC_484\Debug\PSoC_Master.a(CyLib.o)
 .text.CySysTickClear
                0x00000000       0x14 .\CortexM0\ARM_GCC_484\Debug\PSoC_Master.a(CyLib.o)
 .text.CySysTickSetCallback
                0x00000000       0x2c .\CortexM0\ARM_GCC_484\Debug\PSoC_Master.a(CyLib.o)
 .text.CySysTickGetCallback
                0x00000000       0x1c .\CortexM0\ARM_GCC_484\Debug\PSoC_Master.a(CyLib.o)
 .text.CySysTickServiceCallbacks
                0x00000000       0x44 .\CortexM0\ARM_GCC_484\Debug\PSoC_Master.a(CyLib.o)
 .text          0x00000000        0x0 .\CortexM0\ARM_GCC_484\Debug\PSoC_Master.a(I2C_I2C_INT.o)
 .data          0x00000000        0x0 .\CortexM0\ARM_GCC_484\Debug\PSoC_Master.a(I2C_I2C_INT.o)
 .bss           0x00000000        0x0 .\CortexM0\ARM_GCC_484\Debug\PSoC_Master.a(I2C_I2C_INT.o)
 .text          0x00000000       0x9c c:/program files (x86)/cypress/psoc creator/3.1/psoc creator/import/gnu_cs/arm/4.8.4/bin/../lib/gcc/arm-none-eabi/4.8.4/armv6-m\libgcc.a(_udivsi3.o)
 .data          0x00000000        0x0 c:/program files (x86)/cypress/psoc creator/3.1/psoc creator/import/gnu_cs/arm/4.8.4/bin/../lib/gcc/arm-none-eabi/4.8.4/armv6-m\libgcc.a(_udivsi3.o)
 .bss           0x00000000        0x0 c:/program files (x86)/cypress/psoc creator/3.1/psoc creator/import/gnu_cs/arm/4.8.4/bin/../lib/gcc/arm-none-eabi/4.8.4/armv6-m\libgcc.a(_udivsi3.o)
 .text          0x00000000       0xc0 c:/program files (x86)/cypress/psoc creator/3.1/psoc creator/import/gnu_cs/arm/4.8.4/bin/../lib/gcc/arm-none-eabi/4.8.4/armv6-m\libgcc.a(_divsi3.o)
 .data          0x00000000        0x0 c:/program files (x86)/cypress/psoc creator/3.1/psoc creator/import/gnu_cs/arm/4.8.4/bin/../lib/gcc/arm-none-eabi/4.8.4/armv6-m\libgcc.a(_divsi3.o)
 .bss           0x00000000        0x0 c:/program files (x86)/cypress/psoc creator/3.1/psoc creator/import/gnu_cs/arm/4.8.4/bin/../lib/gcc/arm-none-eabi/4.8.4/armv6-m\libgcc.a(_divsi3.o)
 .text          0x00000000        0x4 c:/program files (x86)/cypress/psoc creator/3.1/psoc creator/import/gnu_cs/arm/4.8.4/bin/../lib/gcc/arm-none-eabi/4.8.4/armv6-m\libgcc.a(_dvmd_tls.o)
 .data          0x00000000        0x0 c:/program files (x86)/cypress/psoc creator/3.1/psoc creator/import/gnu_cs/arm/4.8.4/bin/../lib/gcc/arm-none-eabi/4.8.4/armv6-m\libgcc.a(_dvmd_tls.o)
 .bss           0x00000000        0x0 c:/program files (x86)/cypress/psoc creator/3.1/psoc creator/import/gnu_cs/arm/4.8.4/bin/../lib/gcc/arm-none-eabi/4.8.4/armv6-m\libgcc.a(_dvmd_tls.o)
 .text          0x00000000        0x0 c:/program files (x86)/cypress/psoc creator/3.1/psoc creator/import/gnu_cs/arm/4.8.4/bin/../lib/gcc/arm-none-eabi/4.8.4/../../../../arm-none-eabi/lib/armv6-m\libg_s.a(lib_a-errno.o)
 .data          0x00000000        0x0 c:/program files (x86)/cypress/psoc creator/3.1/psoc creator/import/gnu_cs/arm/4.8.4/bin/../lib/gcc/arm-none-eabi/4.8.4/../../../../arm-none-eabi/lib/armv6-m\libg_s.a(lib_a-errno.o)
 .bss           0x00000000        0x0 c:/program files (x86)/cypress/psoc creator/3.1/psoc creator/import/gnu_cs/arm/4.8.4/bin/../lib/gcc/arm-none-eabi/4.8.4/../../../../arm-none-eabi/lib/armv6-m\libg_s.a(lib_a-errno.o)
 .text.__errno  0x00000000        0xc c:/program files (x86)/cypress/psoc creator/3.1/psoc creator/import/gnu_cs/arm/4.8.4/bin/../lib/gcc/arm-none-eabi/4.8.4/../../../../arm-none-eabi/lib/armv6-m\libg_s.a(lib_a-errno.o)
 .text          0x00000000        0x0 c:/program files (x86)/cypress/psoc creator/3.1/psoc creator/import/gnu_cs/arm/4.8.4/bin/../lib/gcc/arm-none-eabi/4.8.4/../../../../arm-none-eabi/lib/armv6-m\libg_s.a(lib_a-exit.o)
 .data          0x00000000        0x0 c:/program files (x86)/cypress/psoc creator/3.1/psoc creator/import/gnu_cs/arm/4.8.4/bin/../lib/gcc/arm-none-eabi/4.8.4/../../../../arm-none-eabi/lib/armv6-m\libg_s.a(lib_a-exit.o)
 .bss           0x00000000        0x0 c:/program files (x86)/cypress/psoc creator/3.1/psoc creator/import/gnu_cs/arm/4.8.4/bin/../lib/gcc/arm-none-eabi/4.8.4/../../../../arm-none-eabi/lib/armv6-m\libg_s.a(lib_a-exit.o)
 .text.exit     0x00000000       0x2c c:/program files (x86)/cypress/psoc creator/3.1/psoc creator/import/gnu_cs/arm/4.8.4/bin/../lib/gcc/arm-none-eabi/4.8.4/../../../../arm-none-eabi/lib/armv6-m\libg_s.a(lib_a-exit.o)
 .text          0x00000000        0x0 c:/program files (x86)/cypress/psoc creator/3.1/psoc creator/import/gnu_cs/arm/4.8.4/bin/../lib/gcc/arm-none-eabi/4.8.4/../../../../arm-none-eabi/lib/armv6-m\libg_s.a(lib_a-impure.o)
 .data          0x00000000        0x0 c:/program files (x86)/cypress/psoc creator/3.1/psoc creator/import/gnu_cs/arm/4.8.4/bin/../lib/gcc/arm-none-eabi/4.8.4/../../../../arm-none-eabi/lib/armv6-m\libg_s.a(lib_a-impure.o)
 .bss           0x00000000        0x0 c:/program files (x86)/cypress/psoc creator/3.1/psoc creator/import/gnu_cs/arm/4.8.4/bin/../lib/gcc/arm-none-eabi/4.8.4/../../../../arm-none-eabi/lib/armv6-m\libg_s.a(lib_a-impure.o)
 .data.impure_data
                0x00000000       0x60 c:/program files (x86)/cypress/psoc creator/3.1/psoc creator/import/gnu_cs/arm/4.8.4/bin/../lib/gcc/arm-none-eabi/4.8.4/../../../../arm-none-eabi/lib/armv6-m\libg_s.a(lib_a-impure.o)
 .data._impure_ptr
                0x00000000        0x4 c:/program files (x86)/cypress/psoc creator/3.1/psoc creator/import/gnu_cs/arm/4.8.4/bin/../lib/gcc/arm-none-eabi/4.8.4/../../../../arm-none-eabi/lib/armv6-m\libg_s.a(lib_a-impure.o)
 .rodata.str1.1
                0x00000000        0x2 c:/program files (x86)/cypress/psoc creator/3.1/psoc creator/import/gnu_cs/arm/4.8.4/bin/../lib/gcc/arm-none-eabi/4.8.4/../../../../arm-none-eabi/lib/armv6-m\libg_s.a(lib_a-impure.o)
 .rodata._global_impure_ptr
                0x00000000        0x4 c:/program files (x86)/cypress/psoc creator/3.1/psoc creator/import/gnu_cs/arm/4.8.4/bin/../lib/gcc/arm-none-eabi/4.8.4/../../../../arm-none-eabi/lib/armv6-m\libg_s.a(lib_a-impure.o)
 .text          0x00000000        0x0 c:/program files (x86)/cypress/psoc creator/3.1/psoc creator/import/gnu_cs/arm/4.8.4/bin/../lib/gcc/arm-none-eabi/4.8.4/../../../../arm-none-eabi/lib/armv6-m\libg_s.a(lib_a-init.o)
 .data          0x00000000        0x0 c:/program files (x86)/cypress/psoc creator/3.1/psoc creator/import/gnu_cs/arm/4.8.4/bin/../lib/gcc/arm-none-eabi/4.8.4/../../../../arm-none-eabi/lib/armv6-m\libg_s.a(lib_a-init.o)
 .bss           0x00000000        0x0 c:/program files (x86)/cypress/psoc creator/3.1/psoc creator/import/gnu_cs/arm/4.8.4/bin/../lib/gcc/arm-none-eabi/4.8.4/../../../../arm-none-eabi/lib/armv6-m\libg_s.a(lib_a-init.o)
 .text          0x00000000        0x0 c:/program files (x86)/cypress/psoc creator/3.1/psoc creator/import/gnu_cs/arm/4.8.4/bin/../lib/gcc/arm-none-eabi/4.8.4/../../../../arm-none-eabi/lib/armv6-m\libg_s.a(lib_a-memcpy-stub.o)
 .data          0x00000000        0x0 c:/program files (x86)/cypress/psoc creator/3.1/psoc creator/import/gnu_cs/arm/4.8.4/bin/../lib/gcc/arm-none-eabi/4.8.4/../../../../arm-none-eabi/lib/armv6-m\libg_s.a(lib_a-memcpy-stub.o)
 .bss           0x00000000        0x0 c:/program files (x86)/cypress/psoc creator/3.1/psoc creator/import/gnu_cs/arm/4.8.4/bin/../lib/gcc/arm-none-eabi/4.8.4/../../../../arm-none-eabi/lib/armv6-m\libg_s.a(lib_a-memcpy-stub.o)
 .text.memcpy   0x00000000       0x12 c:/program files (x86)/cypress/psoc creator/3.1/psoc creator/import/gnu_cs/arm/4.8.4/bin/../lib/gcc/arm-none-eabi/4.8.4/../../../../arm-none-eabi/lib/armv6-m\libg_s.a(lib_a-memcpy-stub.o)
 .text          0x00000000        0x0 c:/program files (x86)/cypress/psoc creator/3.1/psoc creator/import/gnu_cs/arm/4.8.4/bin/../lib/gcc/arm-none-eabi/4.8.4/../../../../arm-none-eabi/lib/armv6-m\libg_s.a(lib_a-memset.o)
 .data          0x00000000        0x0 c:/program files (x86)/cypress/psoc creator/3.1/psoc creator/import/gnu_cs/arm/4.8.4/bin/../lib/gcc/arm-none-eabi/4.8.4/../../../../arm-none-eabi/lib/armv6-m\libg_s.a(lib_a-memset.o)
 .bss           0x00000000        0x0 c:/program files (x86)/cypress/psoc creator/3.1/psoc creator/import/gnu_cs/arm/4.8.4/bin/../lib/gcc/arm-none-eabi/4.8.4/../../../../arm-none-eabi/lib/armv6-m\libg_s.a(lib_a-memset.o)
 .text          0x00000000        0x0 c:/program files (x86)/cypress/psoc creator/3.1/psoc creator/import/gnu_cs/arm/4.8.4/bin/../lib/gcc/arm-none-eabi/4.8.4/armv6-m/crtend.o
 .data          0x00000000        0x0 c:/program files (x86)/cypress/psoc creator/3.1/psoc creator/import/gnu_cs/arm/4.8.4/bin/../lib/gcc/arm-none-eabi/4.8.4/armv6-m/crtend.o
 .bss           0x00000000        0x0 c:/program files (x86)/cypress/psoc creator/3.1/psoc creator/import/gnu_cs/arm/4.8.4/bin/../lib/gcc/arm-none-eabi/4.8.4/armv6-m/crtend.o
 .text          0x00000000        0x0 c:/program files (x86)/cypress/psoc creator/3.1/psoc creator/import/gnu_cs/arm/4.8.4/bin/../lib/gcc/arm-none-eabi/4.8.4/armv6-m/crtn.o
 .data          0x00000000        0x0 c:/program files (x86)/cypress/psoc creator/3.1/psoc creator/import/gnu_cs/arm/4.8.4/bin/../lib/gcc/arm-none-eabi/4.8.4/armv6-m/crtn.o
 .bss           0x00000000        0x0 c:/program files (x86)/cypress/psoc creator/3.1/psoc creator/import/gnu_cs/arm/4.8.4/bin/../lib/gcc/arm-none-eabi/4.8.4/armv6-m/crtn.o

Memory Configuration

Name             Origin             Length             Attributes
rom              0x00000000         0x00008000         xr
ram              0x20000000         0x00001000         xrw
*default*        0x00000000         0xffffffff

Linker script and memory map

LOAD c:/program files (x86)/cypress/psoc creator/3.1/psoc creator/import/gnu_cs/arm/4.8.4/bin/../lib/gcc/arm-none-eabi/4.8.4/armv6-m/crti.o
LOAD c:/program files (x86)/cypress/psoc creator/3.1/psoc creator/import/gnu_cs/arm/4.8.4/bin/../lib/gcc/arm-none-eabi/4.8.4/armv6-m/crtbegin.o
LOAD c:/program files (x86)/cypress/psoc creator/3.1/psoc creator/import/gnu_cs/arm/4.8.4/bin/../lib/gcc/arm-none-eabi/4.8.4/../../../../arm-none-eabi/lib/armv6-m/crt0.o
START GROUP
LOAD .\CortexM0\ARM_GCC_484\Debug\main.o
LOAD .\CortexM0\ARM_GCC_484\Debug\DSP_Class.o
LOAD .\CortexM0\ARM_GCC_484\Debug\I2C_Class.o
LOAD .\CortexM0\ARM_GCC_484\Debug\PSoC_Master_Class.o
LOAD .\CortexM0\ARM_GCC_484\Debug\UART_Class.o
LOAD .\CortexM0\ARM_GCC_484\Debug\cymetadata.o
LOAD .\CortexM0\ARM_GCC_484\Debug\Cm0Start.o
LOAD .\CortexM0\ARM_GCC_484\Debug\PSoC_Master.a
LOAD C:\Program Files (x86)\Cypress\PSoC Creator\3.1\PSoC Creator\psoc\content\cycomponentlibrary\CyComponentLibrary.cylib\CortexM0\ARM_GCC_484\Debug\CyComponentLibrary.a
END GROUP
START GROUP
LOAD c:/program files (x86)/cypress/psoc creator/3.1/psoc creator/import/gnu_cs/arm/4.8.4/bin/../lib/gcc/arm-none-eabi/4.8.4/armv6-m\libgcc.a
LOAD c:/program files (x86)/cypress/psoc creator/3.1/psoc creator/import/gnu_cs/arm/4.8.4/bin/../lib/gcc/arm-none-eabi/4.8.4/../../../../arm-none-eabi/lib/armv6-m\libg_s.a
LOAD c:/program files (x86)/cypress/psoc creator/3.1/psoc creator/import/gnu_cs/arm/4.8.4/bin/../lib/gcc/arm-none-eabi/4.8.4/../../../../arm-none-eabi/lib/armv6-m\libc_s.a
END GROUP
START GROUP
LOAD c:/program files (x86)/cypress/psoc creator/3.1/psoc creator/import/gnu_cs/arm/4.8.4/bin/../lib/gcc/arm-none-eabi/4.8.4/armv6-m\libgcc.a
LOAD c:/program files (x86)/cypress/psoc creator/3.1/psoc creator/import/gnu_cs/arm/4.8.4/bin/../lib/gcc/arm-none-eabi/4.8.4/../../../../arm-none-eabi/lib/armv6-m\libc_s.a
END GROUP
LOAD c:/program files (x86)/cypress/psoc creator/3.1/psoc creator/import/gnu_cs/arm/4.8.4/bin/../lib/gcc/arm-none-eabi/4.8.4/armv6-m/crtend.o
LOAD c:/program files (x86)/cypress/psoc creator/3.1/psoc creator/import/gnu_cs/arm/4.8.4/bin/../lib/gcc/arm-none-eabi/4.8.4/armv6-m/crtn.o
START GROUP
LOAD c:/program files (x86)/cypress/psoc creator/3.1/psoc creator/import/gnu_cs/arm/4.8.4/bin/../lib/gcc/arm-none-eabi/4.8.4/armv6-m\libgcc.a
LOAD c:/program files (x86)/cypress/psoc creator/3.1/psoc creator/import/gnu_cs/arm/4.8.4/bin/../lib/gcc/arm-none-eabi/4.8.4/../../../../arm-none-eabi/lib/armv6-m\libc.a
LOAD c:/program files (x86)/cypress/psoc creator/3.1/psoc creator/import/gnu_cs/arm/4.8.4/bin/../lib/gcc/arm-none-eabi/4.8.4/../../../../arm-none-eabi/lib/armv6-m\libnosys.a
END GROUP
                0x00000000                CY_APPL_ORIGIN = 0x0
                0x00000080                CY_FLASH_ROW_SIZE = 0x80
                0x00000001                CY_APPL_NUM = 0x1
                0x00000040                CY_METADATA_SIZE = 0x40
                0x20000130                PROVIDE (__cy_heap_start, _end)
                0x00000001                PROVIDE (__cy_region_num, ((__cy_regions_end - __cy_regions) / 0x10))
                0x20001000                PROVIDE (__cy_stack, (ORIGIN (ram) + 0x1000))
                0x20000c00                PROVIDE (__cy_heap_end, (__cy_stack - 0x400))

.cybootloader   0x00000000        0x0
 *(.cybootloader)
                0x00000000                appl1_start = CY_APPL_ORIGIN?CY_APPL_ORIGIN:ALIGN (CY_FLASH_ROW_SIZE)
                0x00003f80                appl2_start = (appl1_start + ALIGN ((((0x8000 - appl1_start) - (0x2 * CY_FLASH_ROW_SIZE)) / 0x2), CY_FLASH_ROW_SIZE))
                0x00000000                appl_start = (CY_APPL_NUM == 0x1)?appl1_start:appl2_start

.text           0x00000000     0x1320
 CREATE_OBJECT_SYMBOLS
                0x00000000                PROVIDE (__cy_interrupt_vector, RomVectors)
 *(.romvectors)
 .romvectors    0x00000000       0x10 .\CortexM0\ARM_GCC_484\Debug\Cm0Start.o
                0x00000000                RomVectors
                0x00000001                ASSERT ((. != __cy_interrupt_vector), No interrupt vector)
                0x00000001                ASSERT (CY_APPL_ORIGIN?(SIZEOF (.cybootloader) <= CY_APPL_ORIGIN):0x1, Wrong image location)
                0x00000010                PROVIDE (__cy_reset, Reset)
 *(.text.Reset)
 .text.Reset    0x00000010        0x8 .\CortexM0\ARM_GCC_484\Debug\Cm0Start.o
                0x00000010                Reset
                0x00000001                ASSERT ((. != __cy_reset), No reset code)
 *(.psocinit)
 .psocinit      0x00000018      0x2a4 .\CortexM0\ARM_GCC_484\Debug\PSoC_Master.a(cyfitter_cfg.o)
                0x00000178                cyfitter_cfg
                0x000002bc                . = MAX (., 0x100)
 *(.text .text.* .gnu.linkonce.t.*)
 .text          0x000002bc       0x60 c:/program files (x86)/cypress/psoc creator/3.1/psoc creator/import/gnu_cs/arm/4.8.4/bin/../lib/gcc/arm-none-eabi/4.8.4/armv6-m/crtbegin.o
 .text.main     0x0000031c       0x40 .\CortexM0\ARM_GCC_484\Debug\main.o
                0x0000031c                main
 .text.initDSP  0x0000035c        0x8 .\CortexM0\ARM_GCC_484\Debug\DSP_Class.o
                0x0000035c                initDSP
 .text.initI2C  0x00000364       0x10 .\CortexM0\ARM_GCC_484\Debug\I2C_Class.o
                0x00000364                initI2C
 .text.adjustWindow
                0x00000374       0x98 .\CortexM0\ARM_GCC_484\Debug\I2C_Class.o
                0x00000374                adjustWindow
 .text.adjustIrrigation
                0x0000040c       0xe4 .\CortexM0\ARM_GCC_484\Debug\I2C_Class.o
                0x0000040c                adjustIrrigation
 .text.getActuatorStatus
                0x000004f0       0xc4 .\CortexM0\ARM_GCC_484\Debug\I2C_Class.o
                0x000004f0                getActuatorStatus
 .text.initPSoC_Master
                0x000005b4        0x8 .\CortexM0\ARM_GCC_484\Debug\PSoC_Master_Class.o
                0x000005b4                initPSoC_Master
 .text.initUART
                0x000005bc        0x8 .\CortexM0\ARM_GCC_484\Debug\UART_Class.o
                0x000005bc                initUART
 .text.IntDefaultHandler
                0x000005c4        0x8 .\CortexM0\ARM_GCC_484\Debug\Cm0Start.o
                0x000005c4                IntDefaultHandler
 .text.Start_c  0x000005cc       0x98 .\CortexM0\ARM_GCC_484\Debug\Cm0Start.o
                0x000005cc                Start_c
 .text.initialize_psoc
                0x00000664       0x64 .\CortexM0\ARM_GCC_484\Debug\Cm0Start.o
                0x00000664                initialize_psoc
 .text.CYMEMZERO
                0x000006c8       0x20 .\CortexM0\ARM_GCC_484\Debug\PSoC_Master.a(cyfitter_cfg.o)
 .text.AnalogSetDefault
                0x000006e8        0x8 .\CortexM0\ARM_GCC_484\Debug\PSoC_Master.a(cyfitter_cfg.o)
 .text.I2C_Init
                0x000006f0        0xc .\CortexM0\ARM_GCC_484\Debug\PSoC_Master.a(I2C.o)
                0x000006f0                I2C_Init
 .text.I2C_Enable
                0x000006fc       0x20 .\CortexM0\ARM_GCC_484\Debug\PSoC_Master.a(I2C.o)
                0x000006fc                I2C_Enable
 .text.I2C_Start
                0x0000071c       0x24 .\CortexM0\ARM_GCC_484\Debug\PSoC_Master.a(I2C.o)
                0x0000071c                I2C_Start
 .text.I2C_ScbEnableIntr
                0x00000740       0x10 .\CortexM0\ARM_GCC_484\Debug\PSoC_Master.a(I2C.o)
 .text.I2C_I2CInit
                0x00000750       0xe8 .\CortexM0\ARM_GCC_484\Debug\PSoC_Master.a(I2C_I2C.o)
                0x00000750                I2C_I2CInit
 .text.I2C_I2CMasterWriteBuf
                0x00000838      0x11c .\CortexM0\ARM_GCC_484\Debug\PSoC_Master.a(I2C_I2C_MASTER.o)
                0x00000838                I2C_I2CMasterWriteBuf
 .text.I2C_I2CMasterReadBuf
                0x00000954      0x12c .\CortexM0\ARM_GCC_484\Debug\PSoC_Master.a(I2C_I2C_MASTER.o)
                0x00000954                I2C_I2CMasterReadBuf
 .text.I2C_I2CMasterClearStatus
                0x00000a80       0x30 .\CortexM0\ARM_GCC_484\Debug\PSoC_Master.a(I2C_I2C_MASTER.o)
                0x00000a80                I2C_I2CMasterClearStatus
 .text.I2C_I2CReStartGeneration
                0x00000ab0       0xb0 .\CortexM0\ARM_GCC_484\Debug\PSoC_Master.a(I2C_I2C_MASTER.o)
                0x00000ab0                I2C_I2CReStartGeneration
 .text.I2C_sda_Read
                0x00000b60       0x1c .\CortexM0\ARM_GCC_484\Debug\PSoC_Master.a(I2C_sda.o)
                0x00000b60                I2C_sda_Read
 .text.I2C_scl_Write
                0x00000b7c       0x48 .\CortexM0\ARM_GCC_484\Debug\PSoC_Master.a(I2C_scl.o)
                0x00000b7c                I2C_scl_Write
 .text.I2C_scl_Read
                0x00000bc4       0x1c .\CortexM0\ARM_GCC_484\Debug\PSoC_Master.a(I2C_scl.o)
                0x00000bc4                I2C_scl_Read
 .text          0x00000be0       0x28 .\CortexM0\ARM_GCC_484\Debug\PSoC_Master.a(CyBootAsmGnu.o)
                0x00000be0                CyDelayCycles
                0x00000bf4                CyEnterCriticalSection
                0x00000bfc                CyExitCriticalSection
 .text.CyIntSetVector
                0x00000c08       0x4c .\CortexM0\ARM_GCC_484\Debug\PSoC_Master.a(CyLib.o)
                0x00000c08                CyIntSetVector
 .text.CyIntSetPriority
                0x00000c54       0xa8 .\CortexM0\ARM_GCC_484\Debug\PSoC_Master.a(CyLib.o)
                0x00000c54                CyIntSetPriority
 .text.CyIntEnable
                0x00000cfc       0x2c .\CortexM0\ARM_GCC_484\Debug\PSoC_Master.a(CyLib.o)
                0x00000cfc                CyIntEnable
 .text.CyIntDisable
                0x00000d28       0x2c .\CortexM0\ARM_GCC_484\Debug\PSoC_Master.a(CyLib.o)
                0x00000d28                CyIntDisable
 .text.CyHalt   0x00000d54       0x14 .\CortexM0\ARM_GCC_484\Debug\PSoC_Master.a(CyLib.o)
                0x00000d54                CyHalt
 .text.CyDelay  0x00000d68       0x48 .\CortexM0\ARM_GCC_484\Debug\PSoC_Master.a(CyLib.o)
                0x00000d68                CyDelay
 .text.CyDelayUs
                0x00000db0       0x28 .\CortexM0\ARM_GCC_484\Debug\PSoC_Master.a(CyLib.o)
                0x00000db0                CyDelayUs
 .text.I2C_I2C_ISR
                0x00000dd8      0x4ec .\CortexM0\ARM_GCC_484\Debug\PSoC_Master.a(I2C_I2C_INT.o)
                0x00000dd8                I2C_I2C_ISR
 .text.__libc_init_array
                0x000012c4       0x4c c:/program files (x86)/cypress/psoc creator/3.1/psoc creator/import/gnu_cs/arm/4.8.4/bin/../lib/gcc/arm-none-eabi/4.8.4/../../../../arm-none-eabi/lib/armv6-m\libg_s.a(lib_a-init.o)
                0x000012c4                __libc_init_array
 .text.memset   0x00001310       0x10 c:/program files (x86)/cypress/psoc creator/3.1/psoc creator/import/gnu_cs/arm/4.8.4/bin/../lib/gcc/arm-none-eabi/4.8.4/../../../../arm-none-eabi/lib/armv6-m\libg_s.a(lib_a-memset.o)
                0x00001310                memset
 *(.plt)
 *(.gnu.warning)
 *(.glue_7t)
 .glue_7t       0x00000000        0x0 linker stubs
 *(.glue_7)
 .glue_7        0x00000000        0x0 linker stubs
 *(.vfp11_veneer)
 .vfp11_veneer  0x00000000        0x0 linker stubs
 *(.bootloader)
 *(.ARM.extab* .gnu.linkonce.armextab.*)
 *(.gcc_except_table)

.v4_bx          0x00001320        0x0
 .v4_bx         0x00000000        0x0 linker stubs

.iplt           0x00001320        0x0
 .iplt          0x00000000        0x0 c:/program files (x86)/cypress/psoc creator/3.1/psoc creator/import/gnu_cs/arm/4.8.4/bin/../lib/gcc/arm-none-eabi/4.8.4/armv6-m/crtbegin.o

.eh_frame_hdr
 *(.eh_frame_hdr)

.eh_frame       0x00001320        0x4
 *(.eh_frame)
 .eh_frame      0x00001320        0x0 c:/program files (x86)/cypress/psoc creator/3.1/psoc creator/import/gnu_cs/arm/4.8.4/bin/../lib/gcc/arm-none-eabi/4.8.4/armv6-m/crtbegin.o
 .eh_frame      0x00001320        0x4 c:/program files (x86)/cypress/psoc creator/3.1/psoc creator/import/gnu_cs/arm/4.8.4/bin/../lib/gcc/arm-none-eabi/4.8.4/armv6-m/crtend.o
                0x00001324                PROVIDE (__exidx_start, .)

.ARM.exidx
 *(.ARM.exidx* .gnu.linkonce.armexidx.*)
                0x00001324                __exidx_end = .

.rodata         0x00001324       0x44
 *(.rodata .rodata.* .gnu.linkonce.r.*)
 .rodata        0x00001324       0x10 .\CortexM0\ARM_GCC_484\Debug\PSoC_Master.a(cyfitter_cfg.o)
                0x00001334                . = ALIGN (0x4)
 *(.init)
 .init          0x00001334        0x4 c:/program files (x86)/cypress/psoc creator/3.1/psoc creator/import/gnu_cs/arm/4.8.4/bin/../lib/gcc/arm-none-eabi/4.8.4/armv6-m/crti.o
                0x00001334                _init
 .init          0x00001338        0x8 c:/program files (x86)/cypress/psoc creator/3.1/psoc creator/import/gnu_cs/arm/4.8.4/bin/../lib/gcc/arm-none-eabi/4.8.4/armv6-m/crtn.o
                0x00001340                . = ALIGN (0x4)
                0x00001340                __preinit_array_start = .
 *(.preinit_array)
                0x00001340                __preinit_array_end = .
                0x00001340                . = ALIGN (0x4)
                0x00001340                __init_array_start = .
 *(SORT(.init_array.*))
 *(.init_array)
 .init_array    0x00001340        0x4 c:/program files (x86)/cypress/psoc creator/3.1/psoc creator/import/gnu_cs/arm/4.8.4/bin/../lib/gcc/arm-none-eabi/4.8.4/armv6-m/crtbegin.o
 .init_array    0x00001344        0x4 .\CortexM0\ARM_GCC_484\Debug\Cm0Start.o
                0x00001348                __init_array_end = .
                0x00001348                . = ALIGN (0x4)
 *(.fini)
 .fini          0x00001348        0x4 c:/program files (x86)/cypress/psoc creator/3.1/psoc creator/import/gnu_cs/arm/4.8.4/bin/../lib/gcc/arm-none-eabi/4.8.4/armv6-m/crti.o
                0x00001348                _fini
 .fini          0x0000134c        0x8 c:/program files (x86)/cypress/psoc creator/3.1/psoc creator/import/gnu_cs/arm/4.8.4/bin/../lib/gcc/arm-none-eabi/4.8.4/armv6-m/crtn.o
                0x00001354                . = ALIGN (0x4)
                0x00001354                __fini_array_start = .
 *(.fini_array)
 .fini_array    0x00001354        0x4 c:/program files (x86)/cypress/psoc creator/3.1/psoc creator/import/gnu_cs/arm/4.8.4/bin/../lib/gcc/arm-none-eabi/4.8.4/armv6-m/crtbegin.o
 *(SORT(.fini_array.*))
                0x00001358                __fini_array_end = .
                0x00001358                . = ALIGN (0x4)
 *crtbegin.o(.ctors)
 *(EXCLUDE_FILE(*crtend.o) .ctors)
 *(SORT(.ctors.*))
 *crtend.o(.ctors)
                0x00001358                . = ALIGN (0x4)
 *crtbegin.o(.dtors)
 *(EXCLUDE_FILE(*crtend.o) .dtors)
 *(SORT(.dtors.*))
 *crtend.o(.dtors)
                0x00001358                . = ALIGN (0x4)
                0x00001358                __cy_regions = .
                0x00001358        0x4 LONG 0x1368 __cy_region_init_ram
                0x0000135c        0x4 LONG 0x200000c8 __cy_region_start_data
                0x00001360        0x4 LONG 0x18 __cy_region_init_size_ram
                0x00001364        0x4 LONG 0x50 __cy_region_zero_size_ram
                0x00001368                __cy_regions_end = .
                0x00001368                . = ALIGN (0x8)
                0x00001368                _etext = .

.ramvectors     0x20000000       0xc0
                0x20000000                __cy_region_start_ram = .
 *(.ramvectors)
 .ramvectors    0x20000000       0xc0 .\CortexM0\ARM_GCC_484\Debug\Cm0Start.o
                0x20000000                CyRamVectors

.noinit         0x200000c0        0x4
 *(.noinit)
 .noinit        0x200000c0        0x4 .\CortexM0\ARM_GCC_484\Debug\Cm0Start.o

.data           0x200000c8       0x18 load address 0x00001368
                0x200000c8                __cy_region_start_data = .
 *(.jcr)
 .jcr           0x200000c8        0x0 c:/program files (x86)/cypress/psoc creator/3.1/psoc creator/import/gnu_cs/arm/4.8.4/bin/../lib/gcc/arm-none-eabi/4.8.4/armv6-m/crtbegin.o
 .jcr           0x200000c8        0x4 c:/program files (x86)/cypress/psoc creator/3.1/psoc creator/import/gnu_cs/arm/4.8.4/bin/../lib/gcc/arm-none-eabi/4.8.4/armv6-m/crtend.o
 *(.got.plt)
 *(.got)
 *(.shdata)
 *(.data .data.* .gnu.linkonce.d.*)
 .data          0x200000cc        0x4 .\CortexM0\ARM_GCC_484\Debug\PSoC_Master.a(cyfitter_cfg.o)
 .data          0x200000d0       0x10 .\CortexM0\ARM_GCC_484\Debug\PSoC_Master.a(CyLib.o)
                0x200000d0                cydelayFreqHz
                0x200000d4                cydelayFreqKhz
                0x200000d8                cydelayFreqMhz
                0x200000dc                cydelay32kMs
                0x200000e0                . = ALIGN (0x8)
 *(.ram)
                0x200000e0                _edata = .

.igot.plt       0x200000e0        0x0 load address 0x00001380
 .igot.plt      0x00000000        0x0 c:/program files (x86)/cypress/psoc creator/3.1/psoc creator/import/gnu_cs/arm/4.8.4/bin/../lib/gcc/arm-none-eabi/4.8.4/armv6-m/crtbegin.o

.bss            0x200000e0       0x50 load address 0x00001380
                0x200000e0                PROVIDE (__bss_start__, .)
 *(.shbss)
 *(.bss .bss.* .gnu.linkonce.b.*)
 .bss           0x200000e0       0x1c c:/program files (x86)/cypress/psoc creator/3.1/psoc creator/import/gnu_cs/arm/4.8.4/bin/../lib/gcc/arm-none-eabi/4.8.4/armv6-m/crtbegin.o
 .bss           0x200000fc        0x8 .\CortexM0\ARM_GCC_484\Debug\PSoC_Master.a(I2C.o)
                0x200000fc                I2C_initVar
                0x20000100                I2C_customIntrHandler
 *(COMMON)
 COMMON         0x20000104        0x1 .\CortexM0\ARM_GCC_484\Debug\I2C_Class.o
                0x20000104                irrigationStatus
 COMMON         0x20000105        0x1 .\CortexM0\ARM_GCC_484\Debug\PSoC_Master.a(I2C_I2C.o)
                0x20000105                I2C_state
 *fill*         0x20000106        0x2 
 COMMON         0x20000108       0x24 .\CortexM0\ARM_GCC_484\Debug\PSoC_Master.a(I2C_I2C_MASTER.o)
                0x20000108                I2C_mstrWrBufIndexTmp
                0x2000010c                I2C_mstrWrBufIndex
                0x20000110                I2C_mstrWrBufSize
                0x20000114                I2C_mstrStatus
                0x20000118                I2C_mstrRdBufPtr
                0x2000011c                I2C_mstrControl
                0x20000120                I2C_mstrRdBufSize
                0x20000124                I2C_mstrRdBufIndex
                0x20000128                I2C_mstrWrBufPtr
                0x20000130                . = ALIGN (0x8)
 *fill*         0x2000012c        0x4 
 *(.ram.b)
                0x20000130                _end = .
                0x20000130                __end = .
                0x20000130                PROVIDE (end, .)
                0x20000130                PROVIDE (__bss_end__, .)
                0x00001368                __cy_region_init_ram = LOADADDR (.data)
                0x00000018                __cy_region_init_size_ram = (_edata - ADDR (.data))
                0x00000050                __cy_region_zero_size_ram = (_end - _edata)

.heap           0x20000130       0x80 load address 0x00001380
                0x20000130                . = _end
                0x200001b0                . = (. + 0x80)
 *fill*         0x20000130       0x80 
                0x200001b0                __cy_heap_limit = .

.stack          0x20000c00      0x400
                0x20000c00                __cy_stack_limit = .
                0x20001000                . = (. + 0x400)
 *fill*         0x20000c00      0x400 
                0x00000001                ASSERT ((__cy_stack_limit >= __cy_heap_limit), region RAM overflowed with stack)

.cyloadermeta
 *(.cyloadermeta)

.cyloadablemeta
 *(.cyloadablemeta)

.cyflashprotect
                0x90400000       0x20
 *(.cyflashprotect)
 .cyflashprotect
                0x90400000       0x20 .\CortexM0\ARM_GCC_484\Debug\cymetadata.o
                0x90400000                cy_meta_flashprotect

.cymeta         0x90500000        0xc
 *(.cymeta)
 .cymeta        0x90500000        0xc .\CortexM0\ARM_GCC_484\Debug\cymetadata.o
                0x90500000                cy_metadata

.cychipprotect  0x90600000        0x4
 *(.cychipprotect)
 .cychipprotect
                0x90600000        0x4 .\CortexM0\ARM_GCC_484\Debug\cymetadata.o
                0x90600000                cy_meta_chipprotect

.rel.dyn        0x00001380        0x0 load address 0x90600004
 .rel.iplt      0x00000000        0x0 c:/program files (x86)/cypress/psoc creator/3.1/psoc creator/import/gnu_cs/arm/4.8.4/bin/../lib/gcc/arm-none-eabi/4.8.4/armv6-m/crtbegin.o

.stab
 *(.stab)

.stabstr
 *(.stabstr)

.debug
 *(.debug)

.line
 *(.line)

.debug_srcinfo
 *(.debug_srcinfo)

.debug_sfnames
 *(.debug_sfnames)

.debug_aranges  0x00000000      0x640
 *(.debug_aranges)
 .debug_aranges
                0x00000000       0x20 .\CortexM0\ARM_GCC_484\Debug\main.o
 .debug_aranges
                0x00000020       0x80 .\CortexM0\ARM_GCC_484\Debug\DSP_Class.o
 .debug_aranges
                0x000000a0       0x60 .\CortexM0\ARM_GCC_484\Debug\I2C_Class.o
 .debug_aranges
                0x00000100       0x20 .\CortexM0\ARM_GCC_484\Debug\PSoC_Master_Class.o
 .debug_aranges
                0x00000120       0x68 .\CortexM0\ARM_GCC_484\Debug\UART_Class.o
 .debug_aranges
                0x00000188       0x18 .\CortexM0\ARM_GCC_484\Debug\cymetadata.o
 .debug_aranges
                0x000001a0       0x48 .\CortexM0\ARM_GCC_484\Debug\Cm0Start.o
 .debug_aranges
                0x000001e8       0x50 .\CortexM0\ARM_GCC_484\Debug\PSoC_Master.a(cyfitter_cfg.o)
 .debug_aranges
                0x00000238       0x68 .\CortexM0\ARM_GCC_484\Debug\PSoC_Master.a(I2C.o)
 .debug_aranges
                0x000002a0       0x28 .\CortexM0\ARM_GCC_484\Debug\PSoC_Master.a(I2C_I2C.o)
 .debug_aranges
                0x000002c8       0x88 .\CortexM0\ARM_GCC_484\Debug\PSoC_Master.a(I2C_I2C_MASTER.o)
 .debug_aranges
                0x00000350       0x40 .\CortexM0\ARM_GCC_484\Debug\PSoC_Master.a(I2C_sda.o)
 .debug_aranges
                0x00000390       0x40 .\CortexM0\ARM_GCC_484\Debug\PSoC_Master.a(I2C_scl.o)
 .debug_aranges
                0x000003d0       0x20 .\CortexM0\ARM_GCC_484\Debug\PSoC_Master.a(CyBootAsmGnu.o)
 .debug_aranges
                0x000003f0      0x230 .\CortexM0\ARM_GCC_484\Debug\PSoC_Master.a(CyLib.o)
 .debug_aranges
                0x00000620       0x20 .\CortexM0\ARM_GCC_484\Debug\PSoC_Master.a(I2C_I2C_INT.o)

.debug_pubnames
 *(.debug_pubnames)

.debug_info     0x00000000     0x2a84
 *(.debug_info .gnu.linkonce.wi.*)
 .debug_info    0x00000000       0x9d .\CortexM0\ARM_GCC_484\Debug\main.o
 .debug_info    0x0000009d      0x334 .\CortexM0\ARM_GCC_484\Debug\DSP_Class.o
 .debug_info    0x000003d1      0x3c2 .\CortexM0\ARM_GCC_484\Debug\I2C_Class.o
 .debug_info    0x00000793      0x103 .\CortexM0\ARM_GCC_484\Debug\PSoC_Master_Class.o
 .debug_info    0x00000896      0x231 .\CortexM0\ARM_GCC_484\Debug\UART_Class.o
 .debug_info    0x00000ac7       0xfd .\CortexM0\ARM_GCC_484\Debug\cymetadata.o
 .debug_info    0x00000bc4      0x2ff .\CortexM0\ARM_GCC_484\Debug\Cm0Start.o
 .debug_info    0x00000ec3      0x342 .\CortexM0\ARM_GCC_484\Debug\PSoC_Master.a(cyfitter_cfg.o)
 .debug_info    0x00001205      0x1eb .\CortexM0\ARM_GCC_484\Debug\PSoC_Master.a(I2C.o)
 .debug_info    0x000013f0      0x119 .\CortexM0\ARM_GCC_484\Debug\PSoC_Master.a(I2C_I2C.o)
 .debug_info    0x00001509      0x466 .\CortexM0\ARM_GCC_484\Debug\PSoC_Master.a(I2C_I2C_MASTER.o)
 .debug_info    0x0000196f      0x14c .\CortexM0\ARM_GCC_484\Debug\PSoC_Master.a(I2C_sda.o)
 .debug_info    0x00001abb      0x14c .\CortexM0\ARM_GCC_484\Debug\PSoC_Master.a(I2C_scl.o)
 .debug_info    0x00001c07       0x9a .\CortexM0\ARM_GCC_484\Debug\PSoC_Master.a(CyBootAsmGnu.o)
 .debug_info    0x00001ca1      0xc5b .\CortexM0\ARM_GCC_484\Debug\PSoC_Master.a(CyLib.o)
 .debug_info    0x000028fc      0x188 .\CortexM0\ARM_GCC_484\Debug\PSoC_Master.a(I2C_I2C_INT.o)

.debug_abbrev   0x00000000      0xe0a
 *(.debug_abbrev)
 .debug_abbrev  0x00000000       0x42 .\CortexM0\ARM_GCC_484\Debug\main.o
 .debug_abbrev  0x00000042       0xfa .\CortexM0\ARM_GCC_484\Debug\DSP_Class.o
 .debug_abbrev  0x0000013c       0xe0 .\CortexM0\ARM_GCC_484\Debug\I2C_Class.o
 .debug_abbrev  0x0000021c       0x72 .\CortexM0\ARM_GCC_484\Debug\PSoC_Master_Class.o
 .debug_abbrev  0x0000028e       0xb4 .\CortexM0\ARM_GCC_484\Debug\UART_Class.o
 .debug_abbrev  0x00000342       0x5d .\CortexM0\ARM_GCC_484\Debug\cymetadata.o
 .debug_abbrev  0x0000039f      0x1b4 .\CortexM0\ARM_GCC_484\Debug\Cm0Start.o
 .debug_abbrev  0x00000553      0x179 .\CortexM0\ARM_GCC_484\Debug\PSoC_Master.a(cyfitter_cfg.o)
 .debug_abbrev  0x000006cc      0x122 .\CortexM0\ARM_GCC_484\Debug\PSoC_Master.a(I2C.o)
 .debug_abbrev  0x000007ee       0x9d .\CortexM0\ARM_GCC_484\Debug\PSoC_Master.a(I2C_I2C.o)
 .debug_abbrev  0x0000088b      0x161 .\CortexM0\ARM_GCC_484\Debug\PSoC_Master.a(I2C_I2C_MASTER.o)
 .debug_abbrev  0x000009ec       0xb7 .\CortexM0\ARM_GCC_484\Debug\PSoC_Master.a(I2C_sda.o)
 .debug_abbrev  0x00000aa3       0xb7 .\CortexM0\ARM_GCC_484\Debug\PSoC_Master.a(I2C_scl.o)
 .debug_abbrev  0x00000b5a       0x14 .\CortexM0\ARM_GCC_484\Debug\PSoC_Master.a(CyBootAsmGnu.o)
 .debug_abbrev  0x00000b6e      0x207 .\CortexM0\ARM_GCC_484\Debug\PSoC_Master.a(CyLib.o)
 .debug_abbrev  0x00000d75       0x95 .\CortexM0\ARM_GCC_484\Debug\PSoC_Master.a(I2C_I2C_INT.o)

.debug_line     0x00000000     0x168a
 *(.debug_line)
 .debug_line    0x00000000       0x46 .\CortexM0\ARM_GCC_484\Debug\main.o
 .debug_line    0x00000046      0x134 .\CortexM0\ARM_GCC_484\Debug\DSP_Class.o
 .debug_line    0x0000017a      0x140 .\CortexM0\ARM_GCC_484\Debug\I2C_Class.o
 .debug_line    0x000002ba       0x6c .\CortexM0\ARM_GCC_484\Debug\PSoC_Master_Class.o
 .debug_line    0x00000326      0x109 .\CortexM0\ARM_GCC_484\Debug\UART_Class.o
 .debug_line    0x0000042f       0x53 .\CortexM0\ARM_GCC_484\Debug\cymetadata.o
 .debug_line    0x00000482      0x1bb .\CortexM0\ARM_GCC_484\Debug\Cm0Start.o
 .debug_line    0x0000063d      0x187 .\CortexM0\ARM_GCC_484\Debug\PSoC_Master.a(cyfitter_cfg.o)
 .debug_line    0x000007c4      0x126 .\CortexM0\ARM_GCC_484\Debug\PSoC_Master.a(I2C.o)
 .debug_line    0x000008ea       0x9d .\CortexM0\ARM_GCC_484\Debug\PSoC_Master.a(I2C_I2C.o)
 .debug_line    0x00000987      0x2a4 .\CortexM0\ARM_GCC_484\Debug\PSoC_Master.a(I2C_I2C_MASTER.o)
 .debug_line    0x00000c2b       0xad .\CortexM0\ARM_GCC_484\Debug\PSoC_Master.a(I2C_sda.o)
 .debug_line    0x00000cd8       0xad .\CortexM0\ARM_GCC_484\Debug\PSoC_Master.a(I2C_scl.o)
 .debug_line    0x00000d85       0x69 .\CortexM0\ARM_GCC_484\Debug\PSoC_Master.a(CyBootAsmGnu.o)
 .debug_line    0x00000dee      0x703 .\CortexM0\ARM_GCC_484\Debug\PSoC_Master.a(CyLib.o)
 .debug_line    0x000014f1      0x199 .\CortexM0\ARM_GCC_484\Debug\PSoC_Master.a(I2C_I2C_INT.o)

.debug_frame    0x00000000     0x1404
 *(.debug_frame)
 .debug_frame   0x00000000       0x2c .\CortexM0\ARM_GCC_484\Debug\main.o
 .debug_frame   0x0000002c      0x194 .\CortexM0\ARM_GCC_484\Debug\DSP_Class.o
 .debug_frame   0x000001c0      0x12c .\CortexM0\ARM_GCC_484\Debug\I2C_Class.o
 .debug_frame   0x000002ec       0x2c .\CortexM0\ARM_GCC_484\Debug\PSoC_Master_Class.o
 .debug_frame   0x00000318      0x148 .\CortexM0\ARM_GCC_484\Debug\UART_Class.o
 .debug_frame   0x00000460       0xc8 .\CortexM0\ARM_GCC_484\Debug\Cm0Start.o
 .debug_frame   0x00000528       0xe8 .\CortexM0\ARM_GCC_484\Debug\PSoC_Master.a(cyfitter_cfg.o)
 .debug_frame   0x00000610      0x134 .\CortexM0\ARM_GCC_484\Debug\PSoC_Master.a(I2C.o)
 .debug_frame   0x00000744       0x48 .\CortexM0\ARM_GCC_484\Debug\PSoC_Master.a(I2C_I2C.o)
 .debug_frame   0x0000078c      0x1c0 .\CortexM0\ARM_GCC_484\Debug\PSoC_Master.a(I2C_I2C_MASTER.o)
 .debug_frame   0x0000094c       0xa8 .\CortexM0\ARM_GCC_484\Debug\PSoC_Master.a(I2C_sda.o)
 .debug_frame   0x000009f4       0xa8 .\CortexM0\ARM_GCC_484\Debug\PSoC_Master.a(I2C_scl.o)
 .debug_frame   0x00000a9c      0x83c .\CortexM0\ARM_GCC_484\Debug\PSoC_Master.a(CyLib.o)
 .debug_frame   0x000012d8       0x30 .\CortexM0\ARM_GCC_484\Debug\PSoC_Master.a(I2C_I2C_INT.o)
 .debug_frame   0x00001308       0x20 c:/program files (x86)/cypress/psoc creator/3.1/psoc creator/import/gnu_cs/arm/4.8.4/bin/../lib/gcc/arm-none-eabi/4.8.4/armv6-m\libgcc.a(_udivsi3.o)
 .debug_frame   0x00001328       0x20 c:/program files (x86)/cypress/psoc creator/3.1/psoc creator/import/gnu_cs/arm/4.8.4/bin/../lib/gcc/arm-none-eabi/4.8.4/armv6-m\libgcc.a(_divsi3.o)
 .debug_frame   0x00001348       0x20 c:/program files (x86)/cypress/psoc creator/3.1/psoc creator/import/gnu_cs/arm/4.8.4/bin/../lib/gcc/arm-none-eabi/4.8.4/../../../../arm-none-eabi/lib/armv6-m\libg_s.a(lib_a-errno.o)
 .debug_frame   0x00001368       0x28 c:/program files (x86)/cypress/psoc creator/3.1/psoc creator/import/gnu_cs/arm/4.8.4/bin/../lib/gcc/arm-none-eabi/4.8.4/../../../../arm-none-eabi/lib/armv6-m\libg_s.a(lib_a-exit.o)
 .debug_frame   0x00001390       0x2c c:/program files (x86)/cypress/psoc creator/3.1/psoc creator/import/gnu_cs/arm/4.8.4/bin/../lib/gcc/arm-none-eabi/4.8.4/../../../../arm-none-eabi/lib/armv6-m\libg_s.a(lib_a-init.o)
 .debug_frame   0x000013bc       0x28 c:/program files (x86)/cypress/psoc creator/3.1/psoc creator/import/gnu_cs/arm/4.8.4/bin/../lib/gcc/arm-none-eabi/4.8.4/../../../../arm-none-eabi/lib/armv6-m\libg_s.a(lib_a-memcpy-stub.o)
 .debug_frame   0x000013e4       0x20 c:/program files (x86)/cypress/psoc creator/3.1/psoc creator/import/gnu_cs/arm/4.8.4/bin/../lib/gcc/arm-none-eabi/4.8.4/../../../../arm-none-eabi/lib/armv6-m\libg_s.a(lib_a-memset.o)

.debug_str      0x00000000     0x1394
 *(.debug_str)
 .debug_str     0x00000000      0x13a .\CortexM0\ARM_GCC_484\Debug\main.o
                                0x173 (size before relaxing)
 .debug_str     0x0000013a      0x113 .\CortexM0\ARM_GCC_484\Debug\DSP_Class.o
                                0x284 (size before relaxing)
 .debug_str     0x0000024d      0x133 .\CortexM0\ARM_GCC_484\Debug\I2C_Class.o
                                0x2c8 (size before relaxing)
 .debug_str     0x00000380       0x4d .\CortexM0\ARM_GCC_484\Debug\PSoC_Master_Class.o
                                0x1be (size before relaxing)
 .debug_str     0x000003cd       0xbf .\CortexM0\ARM_GCC_484\Debug\UART_Class.o
                                0x24e (size before relaxing)
 .debug_str     0x0000048c       0x5b .\CortexM0\ARM_GCC_484\Debug\cymetadata.o
                                0x1c6 (size before relaxing)
 .debug_str     0x000004e7      0x13c .\CortexM0\ARM_GCC_484\Debug\Cm0Start.o
                                0x2b4 (size before relaxing)
 .debug_str     0x00000623      0x141 .\CortexM0\ARM_GCC_484\Debug\PSoC_Master.a(cyfitter_cfg.o)
                                0x2d3 (size before relaxing)
 .debug_str     0x00000764      0x10a .\CortexM0\ARM_GCC_484\Debug\PSoC_Master.a(I2C.o)
                                0x28f (size before relaxing)
 .debug_str     0x0000086e       0x7a .\CortexM0\ARM_GCC_484\Debug\PSoC_Master.a(I2C_I2C.o)
                                0x1f9 (size before relaxing)
 .debug_str     0x000008e8      0x231 .\CortexM0\ARM_GCC_484\Debug\PSoC_Master.a(I2C_I2C_MASTER.o)
                                0x3f6 (size before relaxing)
 .debug_str     0x00000b19       0x97 .\CortexM0\ARM_GCC_484\Debug\PSoC_Master.a(I2C_sda.o)
                                0x20b (size before relaxing)
 .debug_str     0x00000bb0       0x7e .\CortexM0\ARM_GCC_484\Debug\PSoC_Master.a(I2C_scl.o)
                                0x20b (size before relaxing)
 .debug_str     0x00000c2e      0x71d .\CortexM0\ARM_GCC_484\Debug\PSoC_Master.a(CyLib.o)
                                0x8cd (size before relaxing)
 .debug_str     0x0000134b       0x49 .\CortexM0\ARM_GCC_484\Debug\PSoC_Master.a(I2C_I2C_INT.o)
                                0x296 (size before relaxing)

.debug_loc
 *(.debug_loc)

.debug_macinfo
 *(.debug_macinfo)

.debug_ranges   0x00000000      0x528
 *(.debug_ranges)
 .debug_ranges  0x00000000       0x10 .\CortexM0\ARM_GCC_484\Debug\main.o
 .debug_ranges  0x00000010       0x70 .\CortexM0\ARM_GCC_484\Debug\DSP_Class.o
 .debug_ranges  0x00000080       0x50 .\CortexM0\ARM_GCC_484\Debug\I2C_Class.o
 .debug_ranges  0x000000d0       0x10 .\CortexM0\ARM_GCC_484\Debug\PSoC_Master_Class.o
 .debug_ranges  0x000000e0       0x58 .\CortexM0\ARM_GCC_484\Debug\UART_Class.o
 .debug_ranges  0x00000138       0x38 .\CortexM0\ARM_GCC_484\Debug\Cm0Start.o
 .debug_ranges  0x00000170       0x40 .\CortexM0\ARM_GCC_484\Debug\PSoC_Master.a(cyfitter_cfg.o)
 .debug_ranges  0x000001b0       0x58 .\CortexM0\ARM_GCC_484\Debug\PSoC_Master.a(I2C.o)
 .debug_ranges  0x00000208       0x18 .\CortexM0\ARM_GCC_484\Debug\PSoC_Master.a(I2C_I2C.o)
 .debug_ranges  0x00000220       0x78 .\CortexM0\ARM_GCC_484\Debug\PSoC_Master.a(I2C_I2C_MASTER.o)
 .debug_ranges  0x00000298       0x30 .\CortexM0\ARM_GCC_484\Debug\PSoC_Master.a(I2C_sda.o)
 .debug_ranges  0x000002c8       0x30 .\CortexM0\ARM_GCC_484\Debug\PSoC_Master.a(I2C_scl.o)
 .debug_ranges  0x000002f8      0x220 .\CortexM0\ARM_GCC_484\Debug\PSoC_Master.a(CyLib.o)
 .debug_ranges  0x00000518       0x10 .\CortexM0\ARM_GCC_484\Debug\PSoC_Master.a(I2C_I2C_INT.o)

.comment        0x00000000       0x70
 .comment       0x00000000       0x70 .\CortexM0\ARM_GCC_484\Debug\main.o
                                 0x71 (size before relaxing)
 .comment       0x00000000       0x71 .\CortexM0\ARM_GCC_484\Debug\DSP_Class.o
 .comment       0x00000000       0x71 .\CortexM0\ARM_GCC_484\Debug\I2C_Class.o
 .comment       0x00000000       0x71 .\CortexM0\ARM_GCC_484\Debug\PSoC_Master_Class.o
 .comment       0x00000000       0x71 .\CortexM0\ARM_GCC_484\Debug\UART_Class.o
 .comment       0x00000000       0x71 .\CortexM0\ARM_GCC_484\Debug\cymetadata.o
 .comment       0x00000000       0x71 .\CortexM0\ARM_GCC_484\Debug\Cm0Start.o
 .comment       0x00000000       0x71 .\CortexM0\ARM_GCC_484\Debug\PSoC_Master.a(cyfitter_cfg.o)
 .comment       0x00000000       0x71 .\CortexM0\ARM_GCC_484\Debug\PSoC_Master.a(I2C.o)
 .comment       0x00000000       0x71 .\CortexM0\ARM_GCC_484\Debug\PSoC_Master.a(I2C_I2C.o)
 .comment       0x00000000       0x71 .\CortexM0\ARM_GCC_484\Debug\PSoC_Master.a(I2C_I2C_MASTER.o)
 .comment       0x00000000       0x71 .\CortexM0\ARM_GCC_484\Debug\PSoC_Master.a(I2C_sda.o)
 .comment       0x00000000       0x71 .\CortexM0\ARM_GCC_484\Debug\PSoC_Master.a(I2C_scl.o)
 .comment       0x00000000       0x71 .\CortexM0\ARM_GCC_484\Debug\PSoC_Master.a(CyLib.o)
 .comment       0x00000000       0x71 .\CortexM0\ARM_GCC_484\Debug\PSoC_Master.a(I2C_I2C_INT.o)

.debug_weaknames
 *(.debug_weaknames)

.debug_funcnames
 *(.debug_funcnames)

.debug_typenames
 *(.debug_typenames)

.debug_varnames
 *(.debug_varnames)

.note.gnu.arm.ident
 *(.note.gnu.arm.ident)

.ARM.attributes
                0x00000000       0x28
 *(.ARM.attributes)
 .ARM.attributes
                0x00000000       0x1e c:/program files (x86)/cypress/psoc creator/3.1/psoc creator/import/gnu_cs/arm/4.8.4/bin/../lib/gcc/arm-none-eabi/4.8.4/armv6-m/crti.o
 .ARM.attributes
                0x0000001e       0x2c c:/program files (x86)/cypress/psoc creator/3.1/psoc creator/import/gnu_cs/arm/4.8.4/bin/../lib/gcc/arm-none-eabi/4.8.4/armv6-m/crtbegin.o
 .ARM.attributes
                0x0000004a       0x1b c:/program files (x86)/cypress/psoc creator/3.1/psoc creator/import/gnu_cs/arm/4.8.4/bin/../lib/gcc/arm-none-eabi/4.8.4/../../../../arm-none-eabi/lib/armv6-m/crt0.o
 .ARM.attributes
                0x00000065       0x31 .\CortexM0\ARM_GCC_484\Debug\main.o
 .ARM.attributes
                0x00000096       0x31 .\CortexM0\ARM_GCC_484\Debug\DSP_Class.o
 .ARM.attributes
                0x000000c7       0x31 .\CortexM0\ARM_GCC_484\Debug\I2C_Class.o
 .ARM.attributes
                0x000000f8       0x31 .\CortexM0\ARM_GCC_484\Debug\PSoC_Master_Class.o
 .ARM.attributes
                0x00000129       0x31 .\CortexM0\ARM_GCC_484\Debug\UART_Class.o
 .ARM.attributes
                0x0000015a       0x31 .\CortexM0\ARM_GCC_484\Debug\cymetadata.o
 .ARM.attributes
                0x0000018b       0x31 .\CortexM0\ARM_GCC_484\Debug\Cm0Start.o
 .ARM.attributes
                0x000001bc       0x31 .\CortexM0\ARM_GCC_484\Debug\PSoC_Master.a(cyfitter_cfg.o)
 .ARM.attributes
                0x000001ed       0x31 .\CortexM0\ARM_GCC_484\Debug\PSoC_Master.a(I2C.o)
 .ARM.attributes
                0x0000021e       0x31 .\CortexM0\ARM_GCC_484\Debug\PSoC_Master.a(I2C_I2C.o)
 .ARM.attributes
                0x0000024f       0x31 .\CortexM0\ARM_GCC_484\Debug\PSoC_Master.a(I2C_I2C_MASTER.o)
 .ARM.attributes
                0x00000280       0x31 .\CortexM0\ARM_GCC_484\Debug\PSoC_Master.a(I2C_sda.o)
 .ARM.attributes
                0x000002b1       0x31 .\CortexM0\ARM_GCC_484\Debug\PSoC_Master.a(I2C_scl.o)
 .ARM.attributes
                0x000002e2       0x21 .\CortexM0\ARM_GCC_484\Debug\PSoC_Master.a(CyBootAsmGnu.o)
 .ARM.attributes
                0x00000303       0x31 .\CortexM0\ARM_GCC_484\Debug\PSoC_Master.a(CyLib.o)
 .ARM.attributes
                0x00000334       0x31 .\CortexM0\ARM_GCC_484\Debug\PSoC_Master.a(I2C_I2C_INT.o)
 .ARM.attributes
                0x00000365       0x1e c:/program files (x86)/cypress/psoc creator/3.1/psoc creator/import/gnu_cs/arm/4.8.4/bin/../lib/gcc/arm-none-eabi/4.8.4/armv6-m\libgcc.a(_udivsi3.o)
 .ARM.attributes
                0x00000383       0x1e c:/program files (x86)/cypress/psoc creator/3.1/psoc creator/import/gnu_cs/arm/4.8.4/bin/../lib/gcc/arm-none-eabi/4.8.4/armv6-m\libgcc.a(_divsi3.o)
 .ARM.attributes
                0x000003a1       0x1e c:/program files (x86)/cypress/psoc creator/3.1/psoc creator/import/gnu_cs/arm/4.8.4/bin/../lib/gcc/arm-none-eabi/4.8.4/armv6-m\libgcc.a(_dvmd_tls.o)
 .ARM.attributes
                0x000003bf       0x2c c:/program files (x86)/cypress/psoc creator/3.1/psoc creator/import/gnu_cs/arm/4.8.4/bin/../lib/gcc/arm-none-eabi/4.8.4/../../../../arm-none-eabi/lib/armv6-m\libg_s.a(lib_a-errno.o)
 .ARM.attributes
                0x000003eb       0x2c c:/program files (x86)/cypress/psoc creator/3.1/psoc creator/import/gnu_cs/arm/4.8.4/bin/../lib/gcc/arm-none-eabi/4.8.4/../../../../arm-none-eabi/lib/armv6-m\libg_s.a(lib_a-exit.o)
 .ARM.attributes
                0x00000417       0x2c c:/program files (x86)/cypress/psoc creator/3.1/psoc creator/import/gnu_cs/arm/4.8.4/bin/../lib/gcc/arm-none-eabi/4.8.4/../../../../arm-none-eabi/lib/armv6-m\libg_s.a(lib_a-impure.o)
 .ARM.attributes
                0x00000443       0x2c c:/program files (x86)/cypress/psoc creator/3.1/psoc creator/import/gnu_cs/arm/4.8.4/bin/../lib/gcc/arm-none-eabi/4.8.4/../../../../arm-none-eabi/lib/armv6-m\libg_s.a(lib_a-init.o)
 .ARM.attributes
                0x0000046f       0x2c c:/program files (x86)/cypress/psoc creator/3.1/psoc creator/import/gnu_cs/arm/4.8.4/bin/../lib/gcc/arm-none-eabi/4.8.4/../../../../arm-none-eabi/lib/armv6-m\libg_s.a(lib_a-memcpy-stub.o)
 .ARM.attributes
                0x0000049b       0x2c c:/program files (x86)/cypress/psoc creator/3.1/psoc creator/import/gnu_cs/arm/4.8.4/bin/../lib/gcc/arm-none-eabi/4.8.4/../../../../arm-none-eabi/lib/armv6-m\libg_s.a(lib_a-memset.o)
 .ARM.attributes
                0x000004c7       0x2c c:/program files (x86)/cypress/psoc creator/3.1/psoc creator/import/gnu_cs/arm/4.8.4/bin/../lib/gcc/arm-none-eabi/4.8.4/armv6-m/crtend.o
 .ARM.attributes
                0x000004f3       0x1e c:/program files (x86)/cypress/psoc creator/3.1/psoc creator/import/gnu_cs/arm/4.8.4/bin/../lib/gcc/arm-none-eabi/4.8.4/armv6-m/crtn.o

/DISCARD/
 *(.note.GNU-stack)
OUTPUT(.\CortexM0\ARM_GCC_484\Debug\PSoC_Master.elf elf32-littlearm)
