Archive member included because of file (symbol)

.\CortexM0\ARM_GCC_484\Debug\PSoC_Master.a(cyfitter_cfg.o)
                              .\CortexM0\ARM_GCC_484\Debug\Cm0Start.o (cyfitter_cfg)
.\CortexM0\ARM_GCC_484\Debug\PSoC_Master.a(timer_ISR.o)
                              .\CortexM0\ARM_GCC_484\Debug\PSoC_Master_Class.o (timer_ISR_StartEx)
.\CortexM0\ARM_GCC_484\Debug\PSoC_Master.a(Timer.o)
                              .\CortexM0\ARM_GCC_484\Debug\PSoC_Master_Class.o (Timer_Start)
.\CortexM0\ARM_GCC_484\Debug\PSoC_Master.a(RedLED.o)
                              .\CortexM0\ARM_GCC_484\Debug\PSoC_Master_Class.o (RedLED_Write)
.\CortexM0\ARM_GCC_484\Debug\PSoC_Master.a(UART.o)
                              .\CortexM0\ARM_GCC_484\Debug\PSoC_Master_Class.o (UART_Start)
.\CortexM0\ARM_GCC_484\Debug\PSoC_Master.a(UART_SPI_UART.o)
                              .\CortexM0\ARM_GCC_484\Debug\UART_Class.o (UART_SpiUartWriteTxData)
.\CortexM0\ARM_GCC_484\Debug\PSoC_Master.a(UART_UART.o)
                              .\CortexM0\ARM_GCC_484\Debug\PSoC_Master.a(UART.o) (UART_UartInit)
.\CortexM0\ARM_GCC_484\Debug\PSoC_Master.a(UART_ISR.o)
                              .\CortexM0\ARM_GCC_484\Debug\PSoC_Master_Class.o (UART_ISR_StartEx)
.\CortexM0\ARM_GCC_484\Debug\PSoC_Master.a(I2C.o)
                              .\CortexM0\ARM_GCC_484\Debug\I2C_Class.o (I2C_Start)
.\CortexM0\ARM_GCC_484\Debug\PSoC_Master.a(I2C_I2C.o)
                              .\CortexM0\ARM_GCC_484\Debug\PSoC_Master.a(I2C.o) (I2C_I2CInit)
.\CortexM0\ARM_GCC_484\Debug\PSoC_Master.a(I2C_I2C_MASTER.o)
                              .\CortexM0\ARM_GCC_484\Debug\PSoC_Master.a(I2C_I2C.o) (I2C_mstrStatus)
.\CortexM0\ARM_GCC_484\Debug\PSoC_Master.a(I2C_sda.o)
                              .\CortexM0\ARM_GCC_484\Debug\PSoC_Master.a(I2C_I2C_MASTER.o) (I2C_sda_Read)
.\CortexM0\ARM_GCC_484\Debug\PSoC_Master.a(I2C_scl.o)
                              .\CortexM0\ARM_GCC_484\Debug\PSoC_Master.a(I2C_I2C_MASTER.o) (I2C_scl_Write)
.\CortexM0\ARM_GCC_484\Debug\PSoC_Master.a(CyBootAsmGnu.o)
                              .\CortexM0\ARM_GCC_484\Debug\PSoC_Master.a(cyfitter_cfg.o) (CyDelayCycles)
.\CortexM0\ARM_GCC_484\Debug\PSoC_Master.a(CyLib.o)
                              .\CortexM0\ARM_GCC_484\Debug\PSoC_Master.a(cyfitter_cfg.o) (CyDelayUs)
.\CortexM0\ARM_GCC_484\Debug\PSoC_Master.a(BlueLED.o)
                              .\CortexM0\ARM_GCC_484\Debug\PSoC_Master_Class.o (BlueLED_Write)
.\CortexM0\ARM_GCC_484\Debug\PSoC_Master.a(I2C_I2C_INT.o)
                              .\CortexM0\ARM_GCC_484\Debug\PSoC_Master.a(I2C_I2C.o) (I2C_I2C_ISR)
c:/program files (x86)/cypress/psoc creator/3.1/psoc creator/import/gnu_cs/arm/4.8.4/bin/../lib/gcc/arm-none-eabi/4.8.4/armv6-m\libgcc.a(_udivsi3.o)
                              .\CortexM0\ARM_GCC_484\Debug\DSP_Class.o (__aeabi_uidiv)
c:/program files (x86)/cypress/psoc creator/3.1/psoc creator/import/gnu_cs/arm/4.8.4/bin/../lib/gcc/arm-none-eabi/4.8.4/armv6-m\libgcc.a(_divsi3.o)
                              .\CortexM0\ARM_GCC_484\Debug\DSP_Class.o (__aeabi_idiv)
c:/program files (x86)/cypress/psoc creator/3.1/psoc creator/import/gnu_cs/arm/4.8.4/bin/../lib/gcc/arm-none-eabi/4.8.4/armv6-m\libgcc.a(_dvmd_tls.o)
                              c:/program files (x86)/cypress/psoc creator/3.1/psoc creator/import/gnu_cs/arm/4.8.4/bin/../lib/gcc/arm-none-eabi/4.8.4/armv6-m\libgcc.a(_udivsi3.o) (__aeabi_idiv0)
c:/program files (x86)/cypress/psoc creator/3.1/psoc creator/import/gnu_cs/arm/4.8.4/bin/../lib/gcc/arm-none-eabi/4.8.4/armv6-m\libgcc.a(_arm_cmpsf2.o)
                              .\CortexM0\ARM_GCC_484\Debug\DSP_Class.o (__aeabi_fcmple)
c:/program files (x86)/cypress/psoc creator/3.1/psoc creator/import/gnu_cs/arm/4.8.4/bin/../lib/gcc/arm-none-eabi/4.8.4/armv6-m\libgcc.a(_aeabi_ldivmod.o)
                              .\CortexM0\ARM_GCC_484\Debug\DSP_Class.o (__aeabi_ldivmod)
c:/program files (x86)/cypress/psoc creator/3.1/psoc creator/import/gnu_cs/arm/4.8.4/bin/../lib/gcc/arm-none-eabi/4.8.4/armv6-m\libgcc.a(_fixunssfsi.o)
                              .\CortexM0\ARM_GCC_484\Debug\DSP_Class.o (__aeabi_f2uiz)
c:/program files (x86)/cypress/psoc creator/3.1/psoc creator/import/gnu_cs/arm/4.8.4/bin/../lib/gcc/arm-none-eabi/4.8.4/armv6-m\libgcc.a(_floatdisf.o)
                              .\CortexM0\ARM_GCC_484\Debug\DSP_Class.o (__aeabi_l2f)
c:/program files (x86)/cypress/psoc creator/3.1/psoc creator/import/gnu_cs/arm/4.8.4/bin/../lib/gcc/arm-none-eabi/4.8.4/armv6-m\libgcc.a(bpabi.o)
                              c:/program files (x86)/cypress/psoc creator/3.1/psoc creator/import/gnu_cs/arm/4.8.4/bin/../lib/gcc/arm-none-eabi/4.8.4/armv6-m\libgcc.a(_aeabi_ldivmod.o) (__gnu_ldivmod_helper)
c:/program files (x86)/cypress/psoc creator/3.1/psoc creator/import/gnu_cs/arm/4.8.4/bin/../lib/gcc/arm-none-eabi/4.8.4/armv6-m\libgcc.a(divsf3.o)
                              .\CortexM0\ARM_GCC_484\Debug\DSP_Class.o (__aeabi_fdiv)
[...]
Memory Configuration

Name             Origin             Length             Attributes
rom              0x00000000         0x00008000         xr
ram              0x20000000         0x00001000         xrw
*default*        0x00000000         0xffffffff

Linker script and memory map

LOAD c:/program files (x86)/cypress/psoc creator/3.1/psoc creator/import/gnu_cs/arm/4.8.4/bin/../lib/gcc/arm-none-eabi/4.8.4/armv6-m/crti.o
LOAD c:/program files (x86)/cypress/psoc creator/3.1/psoc creator/import/gnu_cs/arm/4.8.4/bin/../lib/gcc/arm-none-eabi/4.8.4/armv6-m/crtbegin.o
LOAD c:/program files (x86)/cypress/psoc creator/3.1/psoc creator/import/gnu_cs/arm/4.8.4/bin/../lib/gcc/arm-none-eabi/4.8.4/../../../../arm-none-eabi/lib/armv6-m/crt0.o
START GROUP
LOAD .\CortexM0\ARM_GCC_484\Debug\main.o
LOAD .\CortexM0\ARM_GCC_484\Debug\DSP_Class.o
LOAD .\CortexM0\ARM_GCC_484\Debug\I2C_Class.o
LOAD .\CortexM0\ARM_GCC_484\Debug\PSoC_Master_Class.o
LOAD .\CortexM0\ARM_GCC_484\Debug\UART_Class.o
LOAD .\CortexM0\ARM_GCC_484\Debug\cymetadata.o
LOAD .\CortexM0\ARM_GCC_484\Debug\Cm0Start.o
LOAD .\CortexM0\ARM_GCC_484\Debug\PSoC_Master.a
LOAD C:\Program Files (x86)\Cypress\PSoC Creator\3.1\PSoC Creator\psoc\content\cycomponentlibrary\CyComponentLibrary.cylib\CortexM0\ARM_GCC_484\Debug\CyComponentLibrary.a
END GROUP
START GROUP
LOAD c:/program files (x86)/cypress/psoc creator/3.1/psoc creator/import/gnu_cs/arm/4.8.4/bin/../lib/gcc/arm-none-eabi/4.8.4/armv6-m\libgcc.a
LOAD c:/program files (x86)/cypress/psoc creator/3.1/psoc creator/import/gnu_cs/arm/4.8.4/bin/../lib/gcc/arm-none-eabi/4.8.4/../../../../arm-none-eabi/lib/armv6-m\libg_s.a
LOAD c:/program files (x86)/cypress/psoc creator/3.1/psoc creator/import/gnu_cs/arm/4.8.4/bin/../lib/gcc/arm-none-eabi/4.8.4/../../../../arm-none-eabi/lib/armv6-m\libc_s.a
END GROUP
START GROUP
LOAD c:/program files (x86)/cypress/psoc creator/3.1/psoc creator/import/gnu_cs/arm/4.8.4/bin/../lib/gcc/arm-none-eabi/4.8.4/armv6-m\libgcc.a
LOAD c:/program files (x86)/cypress/psoc creator/3.1/psoc creator/import/gnu_cs/arm/4.8.4/bin/../lib/gcc/arm-none-eabi/4.8.4/../../../../arm-none-eabi/lib/armv6-m\libc_s.a
END GROUP
LOAD c:/program files (x86)/cypress/psoc creator/3.1/psoc creator/import/gnu_cs/arm/4.8.4/bin/../lib/gcc/arm-none-eabi/4.8.4/armv6-m/crtend.o
LOAD c:/program files (x86)/cypress/psoc creator/3.1/psoc creator/import/gnu_cs/arm/4.8.4/bin/../lib/gcc/arm-none-eabi/4.8.4/armv6-m/crtn.o
START GROUP
LOAD c:/program files (x86)/cypress/psoc creator/3.1/psoc creator/import/gnu_cs/arm/4.8.4/bin/../lib/gcc/arm-none-eabi/4.8.4/armv6-m\libgcc.a
LOAD c:/program files (x86)/cypress/psoc creator/3.1/psoc creator/import/gnu_cs/arm/4.8.4/bin/../lib/gcc/arm-none-eabi/4.8.4/../../../../arm-none-eabi/lib/armv6-m\libc.a
LOAD c:/program files (x86)/cypress/psoc creator/3.1/psoc creator/import/gnu_cs/arm/4.8.4/bin/../lib/gcc/arm-none-eabi/4.8.4/../../../../arm-none-eabi/lib/armv6-m\libnosys.a
END GROUP
                0x00000000                CY_APPL_ORIGIN = 0x0
                0x00000080                CY_FLASH_ROW_SIZE = 0x80
                0x00000001                CY_APPL_NUM = 0x1
                0x00000040                CY_METADATA_SIZE = 0x40
                0x20000288                PROVIDE (__cy_heap_start, _end)
                0x00000001                PROVIDE (__cy_region_num, ((__cy_regions_end - __cy_regions) / 0x10))
                0x20001000                PROVIDE (__cy_stack, (ORIGIN (ram) + 0x1000))
                0x20000c00                PROVIDE (__cy_heap_end, (__cy_stack - 0x400))

.cybootloader   0x00000000        0x0
 *(.cybootloader)
                0x00000000                appl1_start = CY_APPL_ORIGIN?CY_APPL_ORIGIN:ALIGN (CY_FLASH_ROW_SIZE)
                0x00003f80                appl2_start = (appl1_start + ALIGN ((((0x8000 - appl1_start) - (0x2 * CY_FLASH_ROW_SIZE)) / 0x2), CY_FLASH_ROW_SIZE))
                0x00000000                appl_start = (CY_APPL_NUM == 0x1)?appl1_start:appl2_start

.text           0x00000000     0x4d60
 CREATE_OBJECT_SYMBOLS
                0x00000000                PROVIDE (__cy_interrupt_vector, RomVectors)
 *(.romvectors)
 .romvectors    0x00000000       0x10 .\CortexM0\ARM_GCC_484\Debug\Cm0Start.o
                0x00000000                RomVectors
                0x00000001                ASSERT ((. != __cy_interrupt_vector), No interrupt vector)
                0x00000001                ASSERT (CY_APPL_ORIGIN?(SIZEOF (.cybootloader) <= CY_APPL_ORIGIN):0x1, Wrong image location)
                0x00000010                PROVIDE (__cy_reset, Reset)
 *(.text.Reset)
 .text.Reset    0x00000010        0x8 .\CortexM0\ARM_GCC_484\Debug\Cm0Start.o
                0x00000010                Reset
                0x00000001                ASSERT ((. != __cy_reset), No reset code)
 *(.psocinit)
 .psocinit      0x00000018      0x2bc .\CortexM0\ARM_GCC_484\Debug\PSoC_Master.a(cyfitter_cfg.o)
                0x00000160                cyfitter_cfg
                0x000002d4                . = MAX (., 0x100)
 *(.text .text.* .gnu.linkonce.t.*)
 .text          0x000002d4       0x60 c:/program files (x86)/cypress/psoc creator/3.1/psoc creator/import/gnu_cs/arm/4.8.4/bin/../lib/gcc/arm-none-eabi/4.8.4/armv6-m/crtbegin.o
 .text.main     0x00000334       0x20 .\CortexM0\ARM_GCC_484\Debug\main.o
                0x00000334                main
 .text.initDSP  0x00000354      0x118 .\CortexM0\ARM_GCC_484\Debug\DSP_Class.o
                0x00000354                initDSP
 .text.getTemp_DSP
                0x0000046c       0x14 .\CortexM0\ARM_GCC_484\Debug\DSP_Class.o
                0x0000046c                getTemp_DSP
 .text.getHum_DSP
                0x00000480       0x14 .\CortexM0\ARM_GCC_484\Debug\DSP_Class.o
                0x00000480                getHum_DSP
 .text.getSoilHum_DSP
                0x00000494       0x20 .\CortexM0\ARM_GCC_484\Debug\DSP_Class.o
                0x00000494                getSoilHum_DSP
 .text.getLight_DSP
                0x000004b4       0x14 .\CortexM0\ARM_GCC_484\Debug\DSP_Class.o
                0x000004b4                getLight_DSP
 .text.avgTemp  0x000004c8       0xb8 .\CortexM0\ARM_GCC_484\Debug\DSP_Class.o
                0x000004c8                avgTemp
 .text.avgSoilHum
                0x00000580      0x164 .\CortexM0\ARM_GCC_484\Debug\DSP_Class.o
                0x00000580                avgSoilHum
 .text.avgLight
                0x000006e4      0x124 .\CortexM0\ARM_GCC_484\Debug\DSP_Class.o
                0x000006e4                avgLight
 .text.inputTemp
                0x00000808       0x44 .\CortexM0\ARM_GCC_484\Debug\DSP_Class.o
                0x00000808                inputTemp
 .text.inputSoilHum
                0x0000084c       0x84 .\CortexM0\ARM_GCC_484\Debug\DSP_Class.o
                0x0000084c                inputSoilHum
 .text.inputLight
                0x000008d0       0x44 .\CortexM0\ARM_GCC_484\Debug\DSP_Class.o
                0x000008d0                inputLight
 .text.initI2C  0x00000914      0x120 .\CortexM0\ARM_GCC_484\Debug\I2C_Class.o
                0x00000914                initI2C
 .text.adjustWindow
                0x00000a34      0x17c .\CortexM0\ARM_GCC_484\Debug\I2C_Class.o
                0x00000a34                adjustWindow
 .text.adjustHeat
                0x00000bb0      0x17c .\CortexM0\ARM_GCC_484\Debug\I2C_Class.o
                0x00000bb0                adjustHeat
 .text.adjustVentilation
                0x00000d2c      0x17c .\CortexM0\ARM_GCC_484\Debug\I2C_Class.o
                0x00000d2c                adjustVentilation
 .text.adjustIrrigation
                0x00000ea8       0xf4 .\CortexM0\ARM_GCC_484\Debug\I2C_Class.o
                0x00000ea8                adjustIrrigation
 .text.getActuatorStatus
                0x00000f9c       0xf8 .\CortexM0\ARM_GCC_484\Debug\I2C_Class.o
                0x00000f9c                getActuatorStatus
 .text.getTemp  0x00001094       0xa0 .\CortexM0\ARM_GCC_484\Debug\I2C_Class.o
                0x00001094                getTemp
 .text.getLight
                0x00001134      0x104 .\CortexM0\ARM_GCC_484\Debug\I2C_Class.o
                0x00001134                getLight
 .text.getSoilHum
                0x00001238       0x98 .\CortexM0\ARM_GCC_484\Debug\I2C_Class.o
                0x00001238                getSoilHum
 .text.initPSoC_Master
                0x000012d0       0x7c .\CortexM0\ARM_GCC_484\Debug\PSoC_Master_Class.o
                0x000012d0                initPSoC_Master
 .text.timer_ISR
                0x0000134c       0x18 .\CortexM0\ARM_GCC_484\Debug\PSoC_Master_Class.o
                0x0000134c                timer_ISR
 .text.UART_ISR
                0x00001364       0x34 .\CortexM0\ARM_GCC_484\Debug\PSoC_Master_Class.o
                0x00001364                UART_ISR
 .text.uartIntHandler
                0x00001398      0x204 .\CortexM0\ARM_GCC_484\Debug\PSoC_Master_Class.o
                0x00001398                uartIntHandler
 .text.timerIntHandler
                0x0000159c       0x9c .\CortexM0\ARM_GCC_484\Debug\PSoC_Master_Class.o
                0x0000159c                timerIntHandler
 .text.initUART
                0x00001638        0xc .\CortexM0\ARM_GCC_484\Debug\UART_Class.o
                0x00001638                initUART
 .text.respondTemp
                0x00001644       0x40 .\CortexM0\ARM_GCC_484\Debug\UART_Class.o
                0x00001644                respondTemp
 .text.respondHum
                0x00001684       0x40 .\CortexM0\ARM_GCC_484\Debug\UART_Class.o
                0x00001684                respondHum
 .text.respondLight
                0x000016c4       0x40 .\CortexM0\ARM_GCC_484\Debug\UART_Class.o
                0x000016c4                respondLight
 .text.respondSoilHum
                0x00001704       0x5c .\CortexM0\ARM_GCC_484\Debug\UART_Class.o
                0x00001704                respondSoilHum
 .text.respondHeat
                0x00001760       0x48 .\CortexM0\ARM_GCC_484\Debug\UART_Class.o
                0x00001760                respondHeat
 .text.respondWin
                0x000017a8       0x38 .\CortexM0\ARM_GCC_484\Debug\UART_Class.o
                0x000017a8                respondWin
 .text.respondVent
                0x000017e0       0x38 .\CortexM0\ARM_GCC_484\Debug\UART_Class.o
                0x000017e0                respondVent
 .text.respondIrri
                0x00001818       0x38 .\CortexM0\ARM_GCC_484\Debug\UART_Class.o
                0x00001818                respondIrri
 .text.dkRequest
                0x00001850       0x14 .\CortexM0\ARM_GCC_484\Debug\UART_Class.o
                0x00001850                dkRequest
 .text.IntDefaultHandler
                0x00001864        0x8 .\CortexM0\ARM_GCC_484\Debug\Cm0Start.o
                0x00001864                IntDefaultHandler
 .text.Start_c  0x0000186c       0x98 .\CortexM0\ARM_GCC_484\Debug\Cm0Start.o
                0x0000186c                Start_c
 .text.initialize_psoc
                0x00001904       0x64 .\CortexM0\ARM_GCC_484\Debug\Cm0Start.o
                0x00001904                initialize_psoc
 .text.CYMEMZERO
                0x00001968       0x20 .\CortexM0\ARM_GCC_484\Debug\PSoC_Master.a(cyfitter_cfg.o)
 .text.cfg_write_bytes32
                0x00001988       0x80 .\CortexM0\ARM_GCC_484\Debug\PSoC_Master.a(cyfitter_cfg.o)
 .text.AnalogSetDefault
                0x00001a08        0x8 .\CortexM0\ARM_GCC_484\Debug\PSoC_Master.a(cyfitter_cfg.o)
 .text.timer_ISR_StartEx
                0x00001a10       0x24 .\CortexM0\ARM_GCC_484\Debug\PSoC_Master.a(timer_ISR.o)
                0x00001a10                timer_ISR_StartEx
 .text.timer_ISR_SetVector
                0x00001a34       0x18 .\CortexM0\ARM_GCC_484\Debug\PSoC_Master.a(timer_ISR.o)
                0x00001a34                timer_ISR_SetVector
 .text.timer_ISR_SetPriority
                0x00001a4c       0x50 .\CortexM0\ARM_GCC_484\Debug\PSoC_Master.a(timer_ISR.o)
                0x00001a4c                timer_ISR_SetPriority
 .text.timer_ISR_Enable
                0x00001a9c       0x14 .\CortexM0\ARM_GCC_484\Debug\PSoC_Master.a(timer_ISR.o)
                0x00001a9c                timer_ISR_Enable
 .text.timer_ISR_Disable
                0x00001ab0       0x14 .\CortexM0\ARM_GCC_484\Debug\PSoC_Master.a(timer_ISR.o)
                0x00001ab0                timer_ISR_Disable
 .text.Timer_Init
                0x00001ac4       0x54 .\CortexM0\ARM_GCC_484\Debug\PSoC_Master.a(Timer.o)
                0x00001ac4                Timer_Init
 .text.Timer_Enable
                0x00001b18       0x20 .\CortexM0\ARM_GCC_484\Debug\PSoC_Master.a(Timer.o)
                0x00001b18                Timer_Enable
 .text.Timer_Start
                0x00001b38       0x24 .\CortexM0\ARM_GCC_484\Debug\PSoC_Master.a(Timer.o)
                0x00001b38                Timer_Start
 .text.Timer_SetInterruptMode
                0x00001b5c       0x20 .\CortexM0\ARM_GCC_484\Debug\PSoC_Master.a(Timer.o)
                0x00001b5c                Timer_SetInterruptMode
 .text.Timer_ReadStatusRegister
                0x00001b7c       0x14 .\CortexM0\ARM_GCC_484\Debug\PSoC_Master.a(Timer.o)
                0x00001b7c                Timer_ReadStatusRegister
 .text.Timer_WritePeriod
                0x00001b90       0x18 .\CortexM0\ARM_GCC_484\Debug\PSoC_Master.a(Timer.o)
                0x00001b90                Timer_WritePeriod
 .text.Timer_ReadCapture
                0x00001ba8       0x14 .\CortexM0\ARM_GCC_484\Debug\PSoC_Master.a(Timer.o)
                0x00001ba8                Timer_ReadCapture
 .text.Timer_WriteCounter
                0x00001bbc       0x18 .\CortexM0\ARM_GCC_484\Debug\PSoC_Master.a(Timer.o)
                0x00001bbc                Timer_WriteCounter
 .text.Timer_ClearFIFO
                0x00001bd4       0x1c .\CortexM0\ARM_GCC_484\Debug\PSoC_Master.a(Timer.o)
                0x00001bd4                Timer_ClearFIFO
 .text.RedLED_Write
                0x00001bf0       0x4c .\CortexM0\ARM_GCC_484\Debug\PSoC_Master.a(RedLED.o)
                0x00001bf0                RedLED_Write
 .text.UART_Init
                0x00001c3c        0xc .\CortexM0\ARM_GCC_484\Debug\PSoC_Master.a(UART.o)
                0x00001c3c                UART_Init
 .text.UART_Enable
                0x00001c48       0x20 .\CortexM0\ARM_GCC_484\Debug\PSoC_Master.a(UART.o)
                0x00001c48                UART_Enable
 .text.UART_Start
                0x00001c68       0x24 .\CortexM0\ARM_GCC_484\Debug\PSoC_Master.a(UART.o)
                0x00001c68                UART_Start
 .text.UART_ScbEnableIntr
                0x00001c8c        0x8 .\CortexM0\ARM_GCC_484\Debug\PSoC_Master.a(UART.o)
 .text.UART_SpiUartReadRxData
                0x00001c94       0x20 .\CortexM0\ARM_GCC_484\Debug\PSoC_Master.a(UART_SPI_UART.o)
                0x00001c94                UART_SpiUartReadRxData
 .text.UART_SpiUartGetRxBufferSize
                0x00001cb4       0x20 .\CortexM0\ARM_GCC_484\Debug\PSoC_Master.a(UART_SPI_UART.o)
                0x00001cb4                UART_SpiUartGetRxBufferSize
 .text.UART_SpiUartWriteTxData
                0x00001cd4       0x2c .\CortexM0\ARM_GCC_484\Debug\PSoC_Master.a(UART_SPI_UART.o)
                0x00001cd4                UART_SpiUartWriteTxData
 .text.UART_UartInit
                0x00001d00       0xa8 .\CortexM0\ARM_GCC_484\Debug\PSoC_Master.a(UART_UART.o)
                0x00001d00                UART_UartInit
 .text.UART_UartGetChar
                0x00001da8       0x44 .\CortexM0\ARM_GCC_484\Debug\PSoC_Master.a(UART_UART.o)
                0x00001da8                UART_UartGetChar
 .text.UART_ISR_StartEx
                0x00001dec       0x24 .\CortexM0\ARM_GCC_484\Debug\PSoC_Master.a(UART_ISR.o)
                0x00001dec                UART_ISR_StartEx
 .text.UART_ISR_SetVector
                0x00001e10       0x18 .\CortexM0\ARM_GCC_484\Debug\PSoC_Master.a(UART_ISR.o)
                0x00001e10                UART_ISR_SetVector
 .text.UART_ISR_SetPriority
                0x00001e28       0x4c .\CortexM0\ARM_GCC_484\Debug\PSoC_Master.a(UART_ISR.o)
                0x00001e28                UART_ISR_SetPriority
 .text.UART_ISR_Enable
                0x00001e74       0x14 .\CortexM0\ARM_GCC_484\Debug\PSoC_Master.a(UART_ISR.o)
                0x00001e74                UART_ISR_Enable
 .text.UART_ISR_Disable
                0x00001e88       0x14 .\CortexM0\ARM_GCC_484\Debug\PSoC_Master.a(UART_ISR.o)
                0x00001e88                UART_ISR_Disable
 .text.I2C_Init
                0x00001e9c        0xc .\CortexM0\ARM_GCC_484\Debug\PSoC_Master.a(I2C.o)
                0x00001e9c                I2C_Init
 .text.I2C_Enable
                0x00001ea8       0x20 .\CortexM0\ARM_GCC_484\Debug\PSoC_Master.a(I2C.o)
                0x00001ea8                I2C_Enable
 .text.I2C_Start
                0x00001ec8       0x24 .\CortexM0\ARM_GCC_484\Debug\PSoC_Master.a(I2C.o)
                0x00001ec8                I2C_Start
 .text.I2C_ScbEnableIntr
                0x00001eec       0x10 .\CortexM0\ARM_GCC_484\Debug\PSoC_Master.a(I2C.o)
 .text.I2C_I2CInit
                0x00001efc       0xe8 .\CortexM0\ARM_GCC_484\Debug\PSoC_Master.a(I2C_I2C.o)
                0x00001efc                I2C_I2CInit
 .text.I2C_I2CMasterWriteBuf
                0x00001fe4      0x11c .\CortexM0\ARM_GCC_484\Debug\PSoC_Master.a(I2C_I2C_MASTER.o)
                0x00001fe4                I2C_I2CMasterWriteBuf
 .text.I2C_I2CMasterReadBuf
                0x00002100      0x12c .\CortexM0\ARM_GCC_484\Debug\PSoC_Master.a(I2C_I2C_MASTER.o)
                0x00002100                I2C_I2CMasterReadBuf
 .text.I2C_I2CMasterSendStart
                0x0000222c      0x110 .\CortexM0\ARM_GCC_484\Debug\PSoC_Master.a(I2C_I2C_MASTER.o)
                0x0000222c                I2C_I2CMasterSendStart
 .text.I2C_I2CMasterSendStop
                0x0000233c       0xbc .\CortexM0\ARM_GCC_484\Debug\PSoC_Master.a(I2C_I2C_MASTER.o)
                0x0000233c                I2C_I2CMasterSendStop
 .text.I2C_I2CMasterReadByte
                0x000023f8       0xa8 .\CortexM0\ARM_GCC_484\Debug\PSoC_Master.a(I2C_I2C_MASTER.o)
                0x000023f8                I2C_I2CMasterReadByte
 .text.I2C_I2CMasterGetReadBufSize
                0x000024a0       0x14 .\CortexM0\ARM_GCC_484\Debug\PSoC_Master.a(I2C_I2C_MASTER.o)
                0x000024a0                I2C_I2CMasterGetReadBufSize
 .text.I2C_I2CMasterClearReadBuf
                0x000024b4       0x34 .\CortexM0\ARM_GCC_484\Debug\PSoC_Master.a(I2C_I2C_MASTER.o)
                0x000024b4                I2C_I2CMasterClearReadBuf
 .text.I2C_I2CMasterStatus
                0x000024e8       0x44 .\CortexM0\ARM_GCC_484\Debug\PSoC_Master.a(I2C_I2C_MASTER.o)
                0x000024e8                I2C_I2CMasterStatus
 .text.I2C_I2CMasterClearStatus
                0x0000252c       0x30 .\CortexM0\ARM_GCC_484\Debug\PSoC_Master.a(I2C_I2C_MASTER.o)
                0x0000252c                I2C_I2CMasterClearStatus
 .text.I2C_I2CReStartGeneration
                0x0000255c       0xb0 .\CortexM0\ARM_GCC_484\Debug\PSoC_Master.a(I2C_I2C_MASTER.o)
                0x0000255c                I2C_I2CReStartGeneration
 .text.I2C_sda_Read
                0x0000260c       0x1c .\CortexM0\ARM_GCC_484\Debug\PSoC_Master.a(I2C_sda.o)
                0x0000260c                I2C_sda_Read
 .text.I2C_scl_Write
                0x00002628       0x48 .\CortexM0\ARM_GCC_484\Debug\PSoC_Master.a(I2C_scl.o)
                0x00002628                I2C_scl_Write
 .text.I2C_scl_Read
                0x00002670       0x1c .\CortexM0\ARM_GCC_484\Debug\PSoC_Master.a(I2C_scl.o)
                0x00002670                I2C_scl_Read
 *fill*         0x0000268c        0x4 
 .text          0x00002690       0x28 .\CortexM0\ARM_GCC_484\Debug\PSoC_Master.a(CyBootAsmGnu.o)
                0x00002690                CyDelayCycles
                0x000026a4                CyEnterCriticalSection
                0x000026ac                CyExitCriticalSection
 .text.CyIntSetVector
                0x000026b8       0x4c .\CortexM0\ARM_GCC_484\Debug\PSoC_Master.a(CyLib.o)
                0x000026b8                CyIntSetVector
 .text.CyIntSetPriority
                0x00002704       0xa8 .\CortexM0\ARM_GCC_484\Debug\PSoC_Master.a(CyLib.o)
                0x00002704                CyIntSetPriority
 .text.CyIntEnable
                0x000027ac       0x2c .\CortexM0\ARM_GCC_484\Debug\PSoC_Master.a(CyLib.o)
                0x000027ac                CyIntEnable
 .text.CyIntDisable
                0x000027d8       0x2c .\CortexM0\ARM_GCC_484\Debug\PSoC_Master.a(CyLib.o)
                0x000027d8                CyIntDisable
 .text.CyHalt   0x00002804       0x14 .\CortexM0\ARM_GCC_484\Debug\PSoC_Master.a(CyLib.o)
                0x00002804                CyHalt
 .text.CyDelay  0x00002818       0x48 .\CortexM0\ARM_GCC_484\Debug\PSoC_Master.a(CyLib.o)
                0x00002818                CyDelay
 .text.CyDelayUs
                0x00002860       0x28 .\CortexM0\ARM_GCC_484\Debug\PSoC_Master.a(CyLib.o)
                0x00002860                CyDelayUs
 .text.BlueLED_Write
                0x00002888       0x4c .\CortexM0\ARM_GCC_484\Debug\PSoC_Master.a(BlueLED.o)
                0x00002888                BlueLED_Write
 .text.I2C_I2C_ISR
                0x000028d4      0x4ec .\CortexM0\ARM_GCC_484\Debug\PSoC_Master.a(I2C_I2C_INT.o)
                0x000028d4                I2C_I2C_ISR
 .text          0x00002dc0       0x9c c:/program files (x86)/cypress/psoc creator/3.1/psoc creator/import/gnu_cs/arm/4.8.4/bin/../lib/gcc/arm-none-eabi/4.8.4/armv6-m\libgcc.a(_udivsi3.o)
                0x00002dc0                __aeabi_uidiv
                0x00002dc0                __udivsi3
                0x00002e48                __aeabi_uidivmod
 .text          0x00002e5c       0xc0 c:/program files (x86)/cypress/psoc creator/3.1/psoc creator/import/gnu_cs/arm/4.8.4/bin/../lib/gcc/arm-none-eabi/4.8.4/armv6-m\libgcc.a(_divsi3.o)
                0x00002e5c                __divsi3
                0x00002e5c                __aeabi_idiv
                0x00002f08                __aeabi_idivmod
 .text          0x00002f1c        0x4 c:/program files (x86)/cypress/psoc creator/3.1/psoc creator/import/gnu_cs/arm/4.8.4/bin/../lib/gcc/arm-none-eabi/4.8.4/armv6-m\libgcc.a(_dvmd_tls.o)
                0x00002f1c                __aeabi_idiv0
                0x00002f1c                __aeabi_ldiv0
 .text          0x00002f20       0x74 c:/program files (x86)/cypress/psoc creator/3.1/psoc creator/import/gnu_cs/arm/4.8.4/bin/../lib/gcc/arm-none-eabi/4.8.4/armv6-m\libgcc.a(_arm_cmpsf2.o)
                0x00002f20                __aeabi_cfrcmple
                0x00002f28                __aeabi_cfcmpeq
                0x00002f28                __aeabi_cfcmple
                0x00002f38                __aeabi_fcmpeq
                0x00002f44                __aeabi_fcmplt
                0x00002f58                __aeabi_fcmple
                0x00002f6c                __aeabi_fcmpgt
                0x00002f80                __aeabi_fcmpge
 .text          0x00002f94       0x48 c:/program files (x86)/cypress/psoc creator/3.1/psoc creator/import/gnu_cs/arm/4.8.4/bin/../lib/gcc/arm-none-eabi/4.8.4/armv6-m\libgcc.a(_aeabi_ldivmod.o)
                0x00002f94                __aeabi_ldivmod
 .text          0x00002fdc       0x30 c:/program files (x86)/cypress/psoc creator/3.1/psoc creator/import/gnu_cs/arm/4.8.4/bin/../lib/gcc/arm-none-eabi/4.8.4/armv6-m\libgcc.a(_fixunssfsi.o)
                0x00002fdc                __fixunssfsi
                0x00002fdc                __aeabi_f2uiz
 *fill*         0x0000300c        0x4 
 .text          0x00003010       0x70 c:/program files (x86)/cypress/psoc creator/3.1/psoc creator/import/gnu_cs/arm/4.8.4/bin/../lib/gcc/arm-none-eabi/4.8.4/armv6-m\libgcc.a(_floatdisf.o)
                0x00003010                __aeabi_l2f
                0x00003010                __floatdisf
 .text          0x00003080       0x6c c:/program files (x86)/cypress/psoc creator/3.1/psoc creator/import/gnu_cs/arm/4.8.4/bin/../lib/gcc/arm-none-eabi/4.8.4/armv6-m\libgcc.a(bpabi.o)
                0x00003080                __gnu_ldivmod_helper
                0x000030b8                __gnu_uldivmod_helper
 .text          0x000030ec       0x54 c:/program files (x86)/cypress/psoc creator/3.1/psoc creator/import/gnu_cs/arm/4.8.4/bin/../lib/gcc/arm-none-eabi/4.8.4/armv6-m\libgcc.a(eqsf2.o)
                0x000030ec                __eqsf2
                0x000030ec                __nesf2
 .text          0x00003140       0x90 c:/program files (x86)/cypress/psoc creator/3.1/psoc creator/import/gnu_cs/arm/4.8.4/bin/../lib/gcc/arm-none-eabi/4.8.4/armv6-m\libgcc.a(gesf2.o)
                0x00003140                __gesf2
                0x00003140                __gtsf2
 .text          0x000031d0       0x98 c:/program files (x86)/cypress/psoc creator/3.1/psoc creator/import/gnu_cs/arm/4.8.4/bin/../lib/gcc/arm-none-eabi/4.8.4/armv6-m\libgcc.a(lesf2.o)
                0x000031d0                __ltsf2
                0x000031d0                __lesf2
 .text          0x00003268      0x254 c:/program files (x86)/cypress/psoc creator/3.1/psoc creator/import/gnu_cs/arm/4.8.4/bin/../lib/gcc/arm-none-eabi/4.8.4/armv6-m\libgcc.a(mulsf3.o)
                0x00003268                __aeabi_fmul
 .text          0x000034bc      0x2ec c:/program files (x86)/cypress/psoc creator/3.1/psoc creator/import/gnu_cs/arm/4.8.4/bin/../lib/gcc/arm-none-eabi/4.8.4/armv6-m\libgcc.a(subsf3.o)
                0x000034bc                __aeabi_fsub
 .text          0x000037a8       0x40 c:/program files (x86)/cypress/psoc creator/3.1/psoc creator/import/gnu_cs/arm/4.8.4/bin/../lib/gcc/arm-none-eabi/4.8.4/armv6-m\libgcc.a(fixsfsi.o)
                0x000037a8                __aeabi_f2iz
 .text          0x000037e8      0x644 c:/program files (x86)/cypress/psoc creator/3.1/psoc creator/import/gnu_cs/arm/4.8.4/bin/../lib/gcc/arm-none-eabi/4.8.4/armv6-m\libgcc.a(adddf3.o)
                0x000037e8                __aeabi_dadd
 .text          0x00003e2c      0x520 c:/program files (x86)/cypress/psoc creator/3.1/psoc creator/import/gnu_cs/arm/4.8.4/bin/../lib/gcc/arm-none-eabi/4.8.4/armv6-m\libgcc.a(muldf3.o)
                0x00003e2c                __aeabi_dmul
 .text          0x0000434c       0x7c c:/program files (x86)/cypress/psoc creator/3.1/psoc creator/import/gnu_cs/arm/4.8.4/bin/../lib/gcc/arm-none-eabi/4.8.4/armv6-m\libgcc.a(floatsidf.o)
                0x0000434c                __aeabi_i2d
 .text          0x000043c8       0x68 c:/program files (x86)/cypress/psoc creator/3.1/psoc creator/import/gnu_cs/arm/4.8.4/bin/../lib/gcc/arm-none-eabi/4.8.4/armv6-m\libgcc.a(floatunsidf.o)
                0x000043c8                __aeabi_ui2d
 .text          0x00004430      0x118 c:/program files (x86)/cypress/psoc creator/3.1/psoc creator/import/gnu_cs/arm/4.8.4/bin/../lib/gcc/arm-none-eabi/4.8.4/armv6-m\libgcc.a(truncdfsf2.o)
                0x00004430                __aeabi_d2f
 .text          0x00004548       0x3c c:/program files (x86)/cypress/psoc creator/3.1/psoc creator/import/gnu_cs/arm/4.8.4/bin/../lib/gcc/arm-none-eabi/4.8.4/armv6-m\libgcc.a(_clzsi2.o)
                0x00004548                __clzsi2
 .text          0x00004584       0x44 c:/program files (x86)/cypress/psoc creator/3.1/psoc creator/import/gnu_cs/arm/4.8.4/bin/../lib/gcc/arm-none-eabi/4.8.4/armv6-m\libgcc.a(_muldi3.o)
                0x00004584                __muldi3
                0x00004584                __aeabi_lmul
 .text          0x000045c8      0x3b8 c:/program files (x86)/cypress/psoc creator/3.1/psoc creator/import/gnu_cs/arm/4.8.4/bin/../lib/gcc/arm-none-eabi/4.8.4/armv6-m\libgcc.a(_divdi3.o)
                0x000045c8                __divdi3
 .text          0x00004980      0x384 c:/program files (x86)/cypress/psoc creator/3.1/psoc creator/import/gnu_cs/arm/4.8.4/bin/../lib/gcc/arm-none-eabi/4.8.4/armv6-m\libgcc.a(_udivdi3.o)
                0x00004980                __udivdi3
 .text.__libc_init_array
                0x00004d04       0x4c c:/program files (x86)/cypress/psoc creator/3.1/psoc creator/import/gnu_cs/arm/4.8.4/bin/../lib/gcc/arm-none-eabi/4.8.4/../../../../arm-none-eabi/lib/armv6-m\libg_s.a(lib_a-init.o)
                0x00004d04                __libc_init_array
 .text.memset   0x00004d50       0x10 c:/program files (x86)/cypress/psoc creator/3.1/psoc creator/import/gnu_cs/arm/4.8.4/bin/../lib/gcc/arm-none-eabi/4.8.4/../../../../arm-none-eabi/lib/armv6-m\libg_s.a(lib_a-memset.o)
                0x00004d50                memset
 *(.plt)
 *(.gnu.warning)
 *(.glue_7t)
 .glue_7t       0x00000000        0x0 linker stubs
 *(.glue_7)
 .glue_7        0x00000000        0x0 linker stubs
 *(.vfp11_veneer)
 .vfp11_veneer  0x00000000        0x0 linker stubs
 *(.bootloader)
 *(.ARM.extab* .gnu.linkonce.armextab.*)
 *(.gcc_except_table)

.v4_bx          0x00004d60        0x0
 .v4_bx         0x00000000        0x0 linker stubs

.iplt           0x00004d60        0x0
 .iplt          0x00000000        0x0 c:/program files (x86)/cypress/psoc creator/3.1/psoc creator/import/gnu_cs/arm/4.8.4/bin/../lib/gcc/arm-none-eabi/4.8.4/armv6-m/crtbegin.o

.eh_frame_hdr
 *(.eh_frame_hdr)

.eh_frame       0x00004d60        0x4
 *(.eh_frame)
 .eh_frame      0x00004d60        0x0 c:/program files (x86)/cypress/psoc creator/3.1/psoc creator/import/gnu_cs/arm/4.8.4/bin/../lib/gcc/arm-none-eabi/4.8.4/armv6-m/crtbegin.o
 .eh_frame      0x00004d60        0x4 c:/program files (x86)/cypress/psoc creator/3.1/psoc creator/import/gnu_cs/arm/4.8.4/bin/../lib/gcc/arm-none-eabi/4.8.4/armv6-m/crtend.o
                0x00004d64                PROVIDE (__exidx_start, .)

.ARM.exidx      0x00004d64        0x8
 *(.ARM.exidx* .gnu.linkonce.armexidx.*)
 .ARM.exidx     0x00004d64        0x8 c:/program files (x86)/cypress/psoc creator/3.1/psoc creator/import/gnu_cs/arm/4.8.4/bin/../lib/gcc/arm-none-eabi/4.8.4/armv6-m\libgcc.a(_divdi3.o)
 .ARM.exidx     0x00004d6c        0x0 c:/program files (x86)/cypress/psoc creator/3.1/psoc creator/import/gnu_cs/arm/4.8.4/bin/../lib/gcc/arm-none-eabi/4.8.4/armv6-m\libgcc.a(_udivdi3.o)
                                  0x8 (size before relaxing)
                0x00004d6c                __exidx_end = .

.rodata         0x00004d6c      0x24c
 *(.rodata .rodata.* .gnu.linkonce.r.*)
 .rodata        0x00004d6c        0x8 .\CortexM0\ARM_GCC_484\Debug\I2C_Class.o
 .rodata        0x00004d74       0x5c .\CortexM0\ARM_GCC_484\Debug\PSoC_Master_Class.o
 .rodata        0x00004dd0      0x130 .\CortexM0\ARM_GCC_484\Debug\PSoC_Master.a(cyfitter_cfg.o)
 .rodata        0x00004f00       0x40 c:/program files (x86)/cypress/psoc creator/3.1/psoc creator/import/gnu_cs/arm/4.8.4/bin/../lib/gcc/arm-none-eabi/4.8.4/armv6-m\libgcc.a(mulsf3.o)
 .rodata        0x00004f40       0x40 c:/program files (x86)/cypress/psoc creator/3.1/psoc creator/import/gnu_cs/arm/4.8.4/bin/../lib/gcc/arm-none-eabi/4.8.4/armv6-m\libgcc.a(muldf3.o)
                0x00004f80                . = ALIGN (0x4)
 *(.init)
 .init          0x00004f80        0x4 c:/program files (x86)/cypress/psoc creator/3.1/psoc creator/import/gnu_cs/arm/4.8.4/bin/../lib/gcc/arm-none-eabi/4.8.4/armv6-m/crti.o
                0x00004f80                _init
 .init          0x00004f84        0x8 c:/program files (x86)/cypress/psoc creator/3.1/psoc creator/import/gnu_cs/arm/4.8.4/bin/../lib/gcc/arm-none-eabi/4.8.4/armv6-m/crtn.o
                0x00004f8c                . = ALIGN (0x4)
                0x00004f8c                __preinit_array_start = .
 *(.preinit_array)
                0x00004f8c                __preinit_array_end = .
                0x00004f8c                . = ALIGN (0x4)
                0x00004f8c                __init_array_start = .
 *(SORT(.init_array.*))
 *(.init_array)
 .init_array    0x00004f8c        0x4 c:/program files (x86)/cypress/psoc creator/3.1/psoc creator/import/gnu_cs/arm/4.8.4/bin/../lib/gcc/arm-none-eabi/4.8.4/armv6-m/crtbegin.o
 .init_array    0x00004f90        0x4 .\CortexM0\ARM_GCC_484\Debug\Cm0Start.o
                0x00004f94                __init_array_end = .
                0x00004f94                . = ALIGN (0x4)
 *(.fini)
 .fini          0x00004f94        0x4 c:/program files (x86)/cypress/psoc creator/3.1/psoc creator/import/gnu_cs/arm/4.8.4/bin/../lib/gcc/arm-none-eabi/4.8.4/armv6-m/crti.o
                0x00004f94                _fini
 .fini          0x00004f98        0x8 c:/program files (x86)/cypress/psoc creator/3.1/psoc creator/import/gnu_cs/arm/4.8.4/bin/../lib/gcc/arm-none-eabi/4.8.4/armv6-m/crtn.o
                0x00004fa0                . = ALIGN (0x4)
                0x00004fa0                __fini_array_start = .
 *(.fini_array)
 .fini_array    0x00004fa0        0x4 c:/program files (x86)/cypress/psoc creator/3.1/psoc creator/import/gnu_cs/arm/4.8.4/bin/../lib/gcc/arm-none-eabi/4.8.4/armv6-m/crtbegin.o
 *(SORT(.fini_array.*))
                0x00004fa4                __fini_array_end = .
                0x00004fa4                . = ALIGN (0x4)
 *crtbegin.o(.ctors)
 *(EXCLUDE_FILE(*crtend.o) .ctors)
 *(SORT(.ctors.*))
 *crtend.o(.ctors)
                0x00004fa4                . = ALIGN (0x4)
 *crtbegin.o(.dtors)
 *(EXCLUDE_FILE(*crtend.o) .dtors)
 *(SORT(.dtors.*))
 *crtend.o(.dtors)
                0x00004fa4                . = ALIGN (0x4)
                0x00004fa4                __cy_regions = .
                0x00004fa4        0x4 LONG 0x4fb8 __cy_region_init_ram
                0x00004fa8        0x4 LONG 0x200000c8 __cy_region_start_data
                0x00004fac        0x4 LONG 0x20 __cy_region_init_size_ram
                0x00004fb0        0x4 LONG 0x1a0 __cy_region_zero_size_ram
                0x00004fb4                __cy_regions_end = .
                0x00004fb8                . = ALIGN (0x8)
 *fill*         0x00004fb4        0x4 
                0x00004fb8                _etext = .

.ramvectors     0x20000000       0xc0
                0x20000000                __cy_region_start_ram = .
 *(.ramvectors)
 .ramvectors    0x20000000       0xc0 .\CortexM0\ARM_GCC_484\Debug\Cm0Start.o
                0x20000000                CyRamVectors

.noinit         0x200000c0        0x4
 *(.noinit)
 .noinit        0x200000c0        0x4 .\CortexM0\ARM_GCC_484\Debug\Cm0Start.o

.data           0x200000c8       0x20 load address 0x00004fb8
                0x200000c8                __cy_region_start_data = .
 *(.jcr)
 .jcr           0x200000c8        0x0 c:/program files (x86)/cypress/psoc creator/3.1/psoc creator/import/gnu_cs/arm/4.8.4/bin/../lib/gcc/arm-none-eabi/4.8.4/armv6-m/crtbegin.o
 .jcr           0x200000c8        0x4 c:/program files (x86)/cypress/psoc creator/3.1/psoc creator/import/gnu_cs/arm/4.8.4/bin/../lib/gcc/arm-none-eabi/4.8.4/armv6-m/crtend.o
 *(.got.plt)
 *(.got)
 *(.shdata)
 *(.data .data.* .gnu.linkonce.d.*)
 .data          0x200000cc        0x4 .\CortexM0\ARM_GCC_484\Debug\I2C_Class.o
 .data          0x200000d0        0x4 .\CortexM0\ARM_GCC_484\Debug\PSoC_Master.a(cyfitter_cfg.o)
 .data          0x200000d4       0x10 .\CortexM0\ARM_GCC_484\Debug\PSoC_Master.a(CyLib.o)
                0x200000d4                cydelayFreqHz
                0x200000d8                cydelayFreqKhz
                0x200000dc                cydelayFreqMhz
                0x200000e0                cydelay32kMs
                0x200000e8                . = ALIGN (0x8)
 *fill*         0x200000e4        0x4 
 *(.ram)
                0x200000e8                _edata = .

.igot.plt       0x200000e8        0x0 load address 0x00004fd8
 .igot.plt      0x00000000        0x0 c:/program files (x86)/cypress/psoc creator/3.1/psoc creator/import/gnu_cs/arm/4.8.4/bin/../lib/gcc/arm-none-eabi/4.8.4/armv6-m/crtbegin.o

.bss            0x200000e8      0x1a0 load address 0x00004fd8
                0x200000e8                PROVIDE (__bss_start__, .)
 *(.shbss)
 *(.bss .bss.* .gnu.linkonce.b.*)
 .bss           0x200000e8       0x1c c:/program files (x86)/cypress/psoc creator/3.1/psoc creator/import/gnu_cs/arm/4.8.4/bin/../lib/gcc/arm-none-eabi/4.8.4/armv6-m/crtbegin.o
 .bss           0x20000104        0x1 .\CortexM0\ARM_GCC_484\Debug\I2C_Class.o
                0x20000104                irrigationStatus
 .bss           0x20000105        0x4 .\CortexM0\ARM_GCC_484\Debug\PSoC_Master_Class.o
                0x20000105                theState
                0x20000106                irrigationIndex
                0x20000107                uartInt
                0x20000108                timerInt
 .bss           0x20000109        0x1 .\CortexM0\ARM_GCC_484\Debug\PSoC_Master.a(Timer.o)
                0x20000109                Timer_initVar
 *fill*         0x2000010a        0x2 
 .bss           0x2000010c        0x8 .\CortexM0\ARM_GCC_484\Debug\PSoC_Master.a(UART.o)
                0x2000010c                UART_initVar
                0x20000110                UART_customIntrHandler
 .bss           0x20000114        0x8 .\CortexM0\ARM_GCC_484\Debug\PSoC_Master.a(I2C.o)
                0x20000114                I2C_initVar
                0x20000118                I2C_customIntrHandler
 *(COMMON)
 COMMON         0x2000011c      0x124 .\CortexM0\ARM_GCC_484\Debug\DSP_Class.o
                0x2000011c                humArrayPtr
                0x20000120                hum
                0x20000124                tempArrayPtr
                0x20000128                lightArrayPtr
                0x2000012c                lightArray
                0x20000154                temp
                0x20000155                light
                0x20000158                soilHum
                0x20000160                soilHumArray
                0x200001d8                soilHumPtr
                0x200001f0                tempArray
                0x20000218                humArray
 COMMON         0x20000240       0x1c .\CortexM0\ARM_GCC_484\Debug\PSoC_Master_Class.o
                0x20000240                tempSoilHum
                0x2000024c                tempHum
                0x20000250                buff
                0x20000254                tempLight
                0x20000258                tempTemp
 COMMON         0x2000025c        0x1 .\CortexM0\ARM_GCC_484\Debug\PSoC_Master.a(I2C_I2C.o)
                0x2000025c                I2C_state
 *fill*         0x2000025d        0x3 
 COMMON         0x20000260       0x24 .\CortexM0\ARM_GCC_484\Debug\PSoC_Master.a(I2C_I2C_MASTER.o)
                0x20000260                I2C_mstrWrBufIndexTmp
                0x20000264                I2C_mstrWrBufIndex
                0x20000268                I2C_mstrWrBufSize
                0x2000026c                I2C_mstrStatus
                0x20000270                I2C_mstrRdBufPtr
                0x20000274                I2C_mstrControl
                0x20000278                I2C_mstrRdBufSize
                0x2000027c                I2C_mstrRdBufIndex
                0x20000280                I2C_mstrWrBufPtr
                0x20000288                . = ALIGN (0x8)
 *fill*         0x20000284        0x4 
 *(.ram.b)
                0x20000288                _end = .
                0x20000288                __end = .
                0x20000288                PROVIDE (end, .)
                0x20000288                PROVIDE (__bss_end__, .)
                0x00004fb8                __cy_region_init_ram = LOADADDR (.data)
                0x00000020                __cy_region_init_size_ram = (_edata - ADDR (.data))
                0x000001a0                __cy_region_zero_size_ram = (_end - _edata)

.heap           0x20000288       0x80 load address 0x00004fd8
                0x20000288                . = _end
                0x20000308                . = (. + 0x80)
 *fill*         0x20000288       0x80 
                0x20000308                __cy_heap_limit = .

.stack          0x20000c00      0x400
                0x20000c00                __cy_stack_limit = .
                0x20001000                . = (. + 0x400)
 *fill*         0x20000c00      0x400 
                0x00000001                ASSERT ((__cy_stack_limit >= __cy_heap_limit), region RAM overflowed with stack)

.cyloadermeta
 *(.cyloadermeta)

.cyloadablemeta
 *(.cyloadablemeta)

.cyflashprotect
                0x90400000       0x20
 *(.cyflashprotect)
 .cyflashprotect
                0x90400000       0x20 .\CortexM0\ARM_GCC_484\Debug\cymetadata.o
                0x90400000                cy_meta_flashprotect

.cymeta         0x90500000        0xc
 *(.cymeta)
 .cymeta        0x90500000        0xc .\CortexM0\ARM_GCC_484\Debug\cymetadata.o
                0x90500000                cy_metadata

.cychipprotect  0x90600000        0x4
 *(.cychipprotect)
 .cychipprotect
                0x90600000        0x4 .\CortexM0\ARM_GCC_484\Debug\cymetadata.o
                0x90600000                cy_meta_chipprotect

.rel.dyn        0x00004fd8        0x0 load address 0x90600004
 .rel.iplt      0x00000000        0x0 c:/program files (x86)/cypress/psoc creator/3.1/psoc creator/import/gnu_cs/arm/4.8.4/bin/../lib/gcc/arm-none-eabi/4.8.4/armv6-m/crtbegin.o

.stab
 *(.stab)

.stabstr
 *(.stabstr)

.debug
 *(.debug)

.line
 *(.line)

.debug_srcinfo
 *(.debug_srcinfo)

.debug_sfnames
 *(.debug_sfnames)

.debug_aranges  0x00000000      0x990
 *(.debug_aranges)
 .debug_aranges
                0x00000000       0x20 .\CortexM0\ARM_GCC_484\Debug\main.o
 .debug_aranges
                0x00000020       0x80 .\CortexM0\ARM_GCC_484\Debug\DSP_Class.o
 .debug_aranges
                0x000000a0       0x60 .\CortexM0\ARM_GCC_484\Debug\I2C_Class.o
 .debug_aranges
                0x00000100       0x40 .\CortexM0\ARM_GCC_484\Debug\PSoC_Master_Class.o
 .debug_aranges
                0x00000140       0x68 .\CortexM0\ARM_GCC_484\Debug\UART_Class.o
 .debug_aranges
                0x000001a8       0x18 .\CortexM0\ARM_GCC_484\Debug\cymetadata.o
 .debug_aranges
                0x000001c0       0x48 .\CortexM0\ARM_GCC_484\Debug\Cm0Start.o
 .debug_aranges
                0x00000208       0x58 .\CortexM0\ARM_GCC_484\Debug\PSoC_Master.a(cyfitter_cfg.o)
 .debug_aranges
                0x00000260       0x80 .\CortexM0\ARM_GCC_484\Debug\PSoC_Master.a(timer_ISR.o)
 .debug_aranges
                0x000002e0       0x90 .\CortexM0\ARM_GCC_484\Debug\PSoC_Master.a(Timer.o)
 .debug_aranges
                0x00000370       0x40 .\CortexM0\ARM_GCC_484\Debug\PSoC_Master.a(RedLED.o)
 .debug_aranges
                0x000003b0       0x68 .\CortexM0\ARM_GCC_484\Debug\PSoC_Master.a(UART.o)
 .debug_aranges
                0x00000418       0x60 .\CortexM0\ARM_GCC_484\Debug\PSoC_Master.a(UART_SPI_UART.o)
 .debug_aranges
                0x00000478       0x50 .\CortexM0\ARM_GCC_484\Debug\PSoC_Master.a(UART_UART.o)
 .debug_aranges
                0x000004c8       0x80 .\CortexM0\ARM_GCC_484\Debug\PSoC_Master.a(UART_ISR.o)
 .debug_aranges
                0x00000548       0x68 .\CortexM0\ARM_GCC_484\Debug\PSoC_Master.a(I2C.o)
 .debug_aranges
                0x000005b0       0x28 .\CortexM0\ARM_GCC_484\Debug\PSoC_Master.a(I2C_I2C.o)
 .debug_aranges
                0x000005d8       0x88 .\CortexM0\ARM_GCC_484\Debug\PSoC_Master.a(I2C_I2C_MASTER.o)
 .debug_aranges
                0x00000660       0x40 .\CortexM0\ARM_GCC_484\Debug\PSoC_Master.a(I2C_sda.o)
 .debug_aranges
                0x000006a0       0x40 .\CortexM0\ARM_GCC_484\Debug\PSoC_Master.a(I2C_scl.o)
 .debug_aranges
                0x000006e0       0x20 .\CortexM0\ARM_GCC_484\Debug\PSoC_Master.a(CyBootAsmGnu.o)
 .debug_aranges
                0x00000700      0x230 .\CortexM0\ARM_GCC_484\Debug\PSoC_Master.a(CyLib.o)
 .debug_aranges
                0x00000930       0x40 .\CortexM0\ARM_GCC_484\Debug\PSoC_Master.a(BlueLED.o)
 .debug_aranges
                0x00000970       0x20 .\CortexM0\ARM_GCC_484\Debug\PSoC_Master.a(I2C_I2C_INT.o)

.debug_pubnames
 *(.debug_pubnames)

.debug_info     0x00000000     0x3f65
 *(.debug_info .gnu.linkonce.wi.*)
 .debug_info    0x00000000       0xb9 .\CortexM0\ARM_GCC_484\Debug\main.o
 .debug_info    0x000000b9      0x509 .\CortexM0\ARM_GCC_484\Debug\DSP_Class.o
 .debug_info    0x000005c2      0x4e7 .\CortexM0\ARM_GCC_484\Debug\I2C_Class.o
 .debug_info    0x00000aa9      0x259 .\CortexM0\ARM_GCC_484\Debug\PSoC_Master_Class.o
 .debug_info    0x00000d02      0x23c .\CortexM0\ARM_GCC_484\Debug\UART_Class.o
 .debug_info    0x00000f3e       0xfd .\CortexM0\ARM_GCC_484\Debug\cymetadata.o
 .debug_info    0x0000103b      0x2ff .\CortexM0\ARM_GCC_484\Debug\Cm0Start.o
 .debug_info    0x0000133a      0x442 .\CortexM0\ARM_GCC_484\Debug\PSoC_Master.a(cyfitter_cfg.o)
 .debug_info    0x0000177c      0x244 .\CortexM0\ARM_GCC_484\Debug\PSoC_Master.a(timer_ISR.o)
 .debug_info    0x000019c0      0x252 .\CortexM0\ARM_GCC_484\Debug\PSoC_Master.a(Timer.o)
 .debug_info    0x00001c12      0x14c .\CortexM0\ARM_GCC_484\Debug\PSoC_Master.a(RedLED.o)
 .debug_info    0x00001d5e      0x1eb .\CortexM0\ARM_GCC_484\Debug\PSoC_Master.a(UART.o)
 .debug_info    0x00001f49      0x20d .\CortexM0\ARM_GCC_484\Debug\PSoC_Master.a(UART_SPI_UART.o)
 .debug_info    0x00002156      0x1fe .\CortexM0\ARM_GCC_484\Debug\PSoC_Master.a(UART_UART.o)
 .debug_info    0x00002354      0x244 .\CortexM0\ARM_GCC_484\Debug\PSoC_Master.a(UART_ISR.o)
 .debug_info    0x00002598      0x1eb .\CortexM0\ARM_GCC_484\Debug\PSoC_Master.a(I2C.o)
 .debug_info    0x00002783      0x119 .\CortexM0\ARM_GCC_484\Debug\PSoC_Master.a(I2C_I2C.o)
 .debug_info    0x0000289c      0x466 .\CortexM0\ARM_GCC_484\Debug\PSoC_Master.a(I2C_I2C_MASTER.o)
 .debug_info    0x00002d02      0x14c .\CortexM0\ARM_GCC_484\Debug\PSoC_Master.a(I2C_sda.o)
 .debug_info    0x00002e4e      0x14c .\CortexM0\ARM_GCC_484\Debug\PSoC_Master.a(I2C_scl.o)
 .debug_info    0x00002f9a       0x9c .\CortexM0\ARM_GCC_484\Debug\PSoC_Master.a(CyBootAsmGnu.o)
 .debug_info    0x00003036      0xc5b .\CortexM0\ARM_GCC_484\Debug\PSoC_Master.a(CyLib.o)
 .debug_info    0x00003c91      0x14c .\CortexM0\ARM_GCC_484\Debug\PSoC_Master.a(BlueLED.o)
 .debug_info    0x00003ddd      0x188 .\CortexM0\ARM_GCC_484\Debug\PSoC_Master.a(I2C_I2C_INT.o)

.debug_abbrev   0x00000000     0x17fc
 *(.debug_abbrev)
 .debug_abbrev  0x00000000       0x60 .\CortexM0\ARM_GCC_484\Debug\main.o
 .debug_abbrev  0x00000060      0x12e .\CortexM0\ARM_GCC_484\Debug\DSP_Class.o
 .debug_abbrev  0x0000018e      0x109 .\CortexM0\ARM_GCC_484\Debug\I2C_Class.o
 .debug_abbrev  0x00000297       0xdd .\CortexM0\ARM_GCC_484\Debug\PSoC_Master_Class.o
 .debug_abbrev  0x00000374       0xb4 .\CortexM0\ARM_GCC_484\Debug\UART_Class.o
 .debug_abbrev  0x00000428       0x5d .\CortexM0\ARM_GCC_484\Debug\cymetadata.o
 .debug_abbrev  0x00000485      0x1b4 .\CortexM0\ARM_GCC_484\Debug\Cm0Start.o
 .debug_abbrev  0x00000639      0x18a .\CortexM0\ARM_GCC_484\Debug\PSoC_Master.a(cyfitter_cfg.o)
 .debug_abbrev  0x000007c3      0x177 .\CortexM0\ARM_GCC_484\Debug\PSoC_Master.a(timer_ISR.o)
 .debug_abbrev  0x0000093a      0x128 .\CortexM0\ARM_GCC_484\Debug\PSoC_Master.a(Timer.o)
 .debug_abbrev  0x00000a62       0xb7 .\CortexM0\ARM_GCC_484\Debug\PSoC_Master.a(RedLED.o)
 .debug_abbrev  0x00000b19      0x122 .\CortexM0\ARM_GCC_484\Debug\PSoC_Master.a(UART.o)
 .debug_abbrev  0x00000c3b      0x15c .\CortexM0\ARM_GCC_484\Debug\PSoC_Master.a(UART_SPI_UART.o)
 .debug_abbrev  0x00000d97       0xf9 .\CortexM0\ARM_GCC_484\Debug\PSoC_Master.a(UART_UART.o)
 .debug_abbrev  0x00000e90      0x177 .\CortexM0\ARM_GCC_484\Debug\PSoC_Master.a(UART_ISR.o)
 .debug_abbrev  0x00001007      0x122 .\CortexM0\ARM_GCC_484\Debug\PSoC_Master.a(I2C.o)
 .debug_abbrev  0x00001129       0x9d .\CortexM0\ARM_GCC_484\Debug\PSoC_Master.a(I2C_I2C.o)
 .debug_abbrev  0x000011c6      0x161 .\CortexM0\ARM_GCC_484\Debug\PSoC_Master.a(I2C_I2C_MASTER.o)
 .debug_abbrev  0x00001327       0xb7 .\CortexM0\ARM_GCC_484\Debug\PSoC_Master.a(I2C_sda.o)
 .debug_abbrev  0x000013de       0xb7 .\CortexM0\ARM_GCC_484\Debug\PSoC_Master.a(I2C_scl.o)
 .debug_abbrev  0x00001495       0x14 .\CortexM0\ARM_GCC_484\Debug\PSoC_Master.a(CyBootAsmGnu.o)
 .debug_abbrev  0x000014a9      0x207 .\CortexM0\ARM_GCC_484\Debug\PSoC_Master.a(CyLib.o)
 .debug_abbrev  0x000016b0       0xb7 .\CortexM0\ARM_GCC_484\Debug\PSoC_Master.a(BlueLED.o)
 .debug_abbrev  0x00001767       0x95 .\CortexM0\ARM_GCC_484\Debug\PSoC_Master.a(I2C_I2C_INT.o)

.debug_line     0x00000000     0x2210
 *(.debug_line)
 .debug_line    0x00000000       0x84 .\CortexM0\ARM_GCC_484\Debug\main.o
 .debug_line    0x00000084      0x1fb .\CortexM0\ARM_GCC_484\Debug\DSP_Class.o
 .debug_line    0x0000027f      0x1df .\CortexM0\ARM_GCC_484\Debug\I2C_Class.o
 .debug_line    0x0000045e      0x130 .\CortexM0\ARM_GCC_484\Debug\PSoC_Master_Class.o
 .debug_line    0x0000058e      0x14b .\CortexM0\ARM_GCC_484\Debug\UART_Class.o
 .debug_line    0x000006d9       0x53 .\CortexM0\ARM_GCC_484\Debug\cymetadata.o
 .debug_line    0x0000072c      0x1bb .\CortexM0\ARM_GCC_484\Debug\Cm0Start.o
 .debug_line    0x000008e7      0x1b2 .\CortexM0\ARM_GCC_484\Debug\PSoC_Master.a(cyfitter_cfg.o)
 .debug_line    0x00000a99      0x148 .\CortexM0\ARM_GCC_484\Debug\PSoC_Master.a(timer_ISR.o)
 .debug_line    0x00000be1      0x174 .\CortexM0\ARM_GCC_484\Debug\PSoC_Master.a(Timer.o)
 .debug_line    0x00000d55       0xac .\CortexM0\ARM_GCC_484\Debug\PSoC_Master.a(RedLED.o)
 .debug_line    0x00000e01      0x11f .\CortexM0\ARM_GCC_484\Debug\PSoC_Master.a(UART.o)
 .debug_line    0x00000f20      0x125 .\CortexM0\ARM_GCC_484\Debug\PSoC_Master.a(UART_SPI_UART.o)
 .debug_line    0x00001045      0x101 .\CortexM0\ARM_GCC_484\Debug\PSoC_Master.a(UART_UART.o)
 .debug_line    0x00001146      0x157 .\CortexM0\ARM_GCC_484\Debug\PSoC_Master.a(UART_ISR.o)
 .debug_line    0x0000129d      0x126 .\CortexM0\ARM_GCC_484\Debug\PSoC_Master.a(I2C.o)
 .debug_line    0x000013c3       0x9d .\CortexM0\ARM_GCC_484\Debug\PSoC_Master.a(I2C_I2C.o)
 .debug_line    0x00001460      0x2a4 .\CortexM0\ARM_GCC_484\Debug\PSoC_Master.a(I2C_I2C_MASTER.o)
 .debug_line    0x00001704       0xad .\CortexM0\ARM_GCC_484\Debug\PSoC_Master.a(I2C_sda.o)
 .debug_line    0x000017b1       0xad .\CortexM0\ARM_GCC_484\Debug\PSoC_Master.a(I2C_scl.o)
 .debug_line    0x0000185e       0x69 .\CortexM0\ARM_GCC_484\Debug\PSoC_Master.a(CyBootAsmGnu.o)
 .debug_line    0x000018c7      0x703 .\CortexM0\ARM_GCC_484\Debug\PSoC_Master.a(CyLib.o)
 .debug_line    0x00001fca       0xad .\CortexM0\ARM_GCC_484\Debug\PSoC_Master.a(BlueLED.o)
 .debug_line    0x00002077      0x199 .\CortexM0\ARM_GCC_484\Debug\PSoC_Master.a(I2C_I2C_INT.o)

.debug_frame    0x00000000     0x2224
 *(.debug_frame)
 .debug_frame   0x00000000       0x2c .\CortexM0\ARM_GCC_484\Debug\main.o
 .debug_frame   0x0000002c      0x1c4 .\CortexM0\ARM_GCC_484\Debug\DSP_Class.o
 .debug_frame   0x000001f0      0x160 .\CortexM0\ARM_GCC_484\Debug\I2C_Class.o
 .debug_frame   0x00000350       0xa4 .\CortexM0\ARM_GCC_484\Debug\PSoC_Master_Class.o
 .debug_frame   0x000003f4      0x148 .\CortexM0\ARM_GCC_484\Debug\UART_Class.o
 .debug_frame   0x0000053c       0xc8 .\CortexM0\ARM_GCC_484\Debug\Cm0Start.o
 .debug_frame   0x00000604      0x108 .\CortexM0\ARM_GCC_484\Debug\PSoC_Master.a(cyfitter_cfg.o)
 .debug_frame   0x0000070c      0x190 .\CortexM0\ARM_GCC_484\Debug\PSoC_Master.a(timer_ISR.o)
 .debug_frame   0x0000089c      0x1cc .\CortexM0\ARM_GCC_484\Debug\PSoC_Master.a(Timer.o)
 .debug_frame   0x00000a68       0xa8 .\CortexM0\ARM_GCC_484\Debug\PSoC_Master.a(RedLED.o)
 .debug_frame   0x00000b10      0x134 .\CortexM0\ARM_GCC_484\Debug\PSoC_Master.a(UART.o)
 .debug_frame   0x00000c44      0x128 .\CortexM0\ARM_GCC_484\Debug\PSoC_Master.a(UART_SPI_UART.o)
 .debug_frame   0x00000d6c       0xec .\CortexM0\ARM_GCC_484\Debug\PSoC_Master.a(UART_UART.o)
 .debug_frame   0x00000e58      0x190 .\CortexM0\ARM_GCC_484\Debug\PSoC_Master.a(UART_ISR.o)
 .debug_frame   0x00000fe8      0x134 .\CortexM0\ARM_GCC_484\Debug\PSoC_Master.a(I2C.o)
 .debug_frame   0x0000111c       0x48 .\CortexM0\ARM_GCC_484\Debug\PSoC_Master.a(I2C_I2C.o)
 .debug_frame   0x00001164      0x1c0 .\CortexM0\ARM_GCC_484\Debug\PSoC_Master.a(I2C_I2C_MASTER.o)
 .debug_frame   0x00001324       0xa8 .\CortexM0\ARM_GCC_484\Debug\PSoC_Master.a(I2C_sda.o)
 .debug_frame   0x000013cc       0xa8 .\CortexM0\ARM_GCC_484\Debug\PSoC_Master.a(I2C_scl.o)
 .debug_frame   0x00001474      0x83c .\CortexM0\ARM_GCC_484\Debug\PSoC_Master.a(CyLib.o)
 .debug_frame   0x00001cb0       0xa8 .\CortexM0\ARM_GCC_484\Debug\PSoC_Master.a(BlueLED.o)
 .debug_frame   0x00001d58       0x30 .\CortexM0\ARM_GCC_484\Debug\PSoC_Master.a(I2C_I2C_INT.o)
 .debug_frame   0x00001d88       0x20 c:/program files (x86)/cypress/psoc creator/3.1/psoc creator/import/gnu_cs/arm/4.8.4/bin/../lib/gcc/arm-none-eabi/4.8.4/armv6-m\libgcc.a(_udivsi3.o)
 .debug_frame   0x00001da8       0x20 c:/program files (x86)/cypress/psoc creator/3.1/psoc creator/import/gnu_cs/arm/4.8.4/bin/../lib/gcc/arm-none-eabi/4.8.4/armv6-m\libgcc.a(_divsi3.o)
 .debug_frame   0x00001dc8       0x28 c:/program files (x86)/cypress/psoc creator/3.1/psoc creator/import/gnu_cs/arm/4.8.4/bin/../lib/gcc/arm-none-eabi/4.8.4/armv6-m\libgcc.a(_fixunssfsi.o)
 .debug_frame   0x00001df0       0x2c c:/program files (x86)/cypress/psoc creator/3.1/psoc creator/import/gnu_cs/arm/4.8.4/bin/../lib/gcc/arm-none-eabi/4.8.4/armv6-m\libgcc.a(_floatdisf.o)
 .debug_frame   0x00001e1c       0x50 c:/program files (x86)/cypress/psoc creator/3.1/psoc creator/import/gnu_cs/arm/4.8.4/bin/../lib/gcc/arm-none-eabi/4.8.4/armv6-m\libgcc.a(bpabi.o)
 .debug_frame   0x00001e6c       0x3c c:/program files (x86)/cypress/psoc creator/3.1/psoc creator/import/gnu_cs/arm/4.8.4/bin/../lib/gcc/arm-none-eabi/4.8.4/armv6-m\libgcc.a(divsf3.o)
 .debug_frame   0x00001ea8       0x2c c:/program files (x86)/cypress/psoc creator/3.1/psoc creator/import/gnu_cs/arm/4.8.4/bin/../lib/gcc/arm-none-eabi/4.8.4/armv6-m\libgcc.a(eqsf2.o)
 .debug_frame   0x00001ed4       0x30 c:/program files (x86)/cypress/psoc creator/3.1/psoc creator/import/gnu_cs/arm/4.8.4/bin/../lib/gcc/arm-none-eabi/4.8.4/armv6-m\libgcc.a(gesf2.o)
 .debug_frame   0x00001f04       0x30 c:/program files (x86)/cypress/psoc creator/3.1/psoc creator/import/gnu_cs/arm/4.8.4/bin/../lib/gcc/arm-none-eabi/4.8.4/armv6-m\libgcc.a(lesf2.o)
 .debug_frame   0x00001f34       0x3c c:/program files (x86)/cypress/psoc creator/3.1/psoc creator/import/gnu_cs/arm/4.8.4/bin/../lib/gcc/arm-none-eabi/4.8.4/armv6-m\libgcc.a(mulsf3.o)
 .debug_frame   0x00001f70       0x30 c:/program files (x86)/cypress/psoc creator/3.1/psoc creator/import/gnu_cs/arm/4.8.4/bin/../lib/gcc/arm-none-eabi/4.8.4/armv6-m\libgcc.a(subsf3.o)
 .debug_frame   0x00001fa0       0x20 c:/program files (x86)/cypress/psoc creator/3.1/psoc creator/import/gnu_cs/arm/4.8.4/bin/../lib/gcc/arm-none-eabi/4.8.4/armv6-m\libgcc.a(fixsfsi.o)
 .debug_frame   0x00001fc0       0x3c c:/program files (x86)/cypress/psoc creator/3.1/psoc creator/import/gnu_cs/arm/4.8.4/bin/../lib/gcc/arm-none-eabi/4.8.4/armv6-m\libgcc.a(adddf3.o)
 .debug_frame   0x00001ffc       0x3c c:/program files (x86)/cypress/psoc creator/3.1/psoc creator/import/gnu_cs/arm/4.8.4/bin/../lib/gcc/arm-none-eabi/4.8.4/armv6-m\libgcc.a(muldf3.o)
 .debug_frame   0x00002038       0x30 c:/program files (x86)/cypress/psoc creator/3.1/psoc creator/import/gnu_cs/arm/4.8.4/bin/../lib/gcc/arm-none-eabi/4.8.4/armv6-m\libgcc.a(floatsidf.o)
 .debug_frame   0x00002068       0x28 c:/program files (x86)/cypress/psoc creator/3.1/psoc creator/import/gnu_cs/arm/4.8.4/bin/../lib/gcc/arm-none-eabi/4.8.4/armv6-m\libgcc.a(floatunsidf.o)
 .debug_frame   0x00002090       0x30 c:/program files (x86)/cypress/psoc creator/3.1/psoc creator/import/gnu_cs/arm/4.8.4/bin/../lib/gcc/arm-none-eabi/4.8.4/armv6-m\libgcc.a(truncdfsf2.o)
 .debug_frame   0x000020c0       0x30 c:/program files (x86)/cypress/psoc creator/3.1/psoc creator/import/gnu_cs/arm/4.8.4/bin/../lib/gcc/arm-none-eabi/4.8.4/armv6-m\libgcc.a(_muldi3.o)
 .debug_frame   0x000020f0       0x3c c:/program files (x86)/cypress/psoc creator/3.1/psoc creator/import/gnu_cs/arm/4.8.4/bin/../lib/gcc/arm-none-eabi/4.8.4/armv6-m\libgcc.a(_divdi3.o)
 .debug_frame   0x0000212c       0x3c c:/program files (x86)/cypress/psoc creator/3.1/psoc creator/import/gnu_cs/arm/4.8.4/bin/../lib/gcc/arm-none-eabi/4.8.4/armv6-m\libgcc.a(_udivdi3.o)
 .debug_frame   0x00002168       0x20 c:/program files (x86)/cypress/psoc creator/3.1/psoc creator/import/gnu_cs/arm/4.8.4/bin/../lib/gcc/arm-none-eabi/4.8.4/../../../../arm-none-eabi/lib/armv6-m\libg_s.a(lib_a-errno.o)
 .debug_frame   0x00002188       0x28 c:/program files (x86)/cypress/psoc creator/3.1/psoc creator/import/gnu_cs/arm/4.8.4/bin/../lib/gcc/arm-none-eabi/4.8.4/../../../../arm-none-eabi/lib/armv6-m\libg_s.a(lib_a-exit.o)
 .debug_frame   0x000021b0       0x2c c:/program files (x86)/cypress/psoc creator/3.1/psoc creator/import/gnu_cs/arm/4.8.4/bin/../lib/gcc/arm-none-eabi/4.8.4/../../../../arm-none-eabi/lib/armv6-m\libg_s.a(lib_a-init.o)
 .debug_frame   0x000021dc       0x28 c:/program files (x86)/cypress/psoc creator/3.1/psoc creator/import/gnu_cs/arm/4.8.4/bin/../lib/gcc/arm-none-eabi/4.8.4/../../../../arm-none-eabi/lib/armv6-m\libg_s.a(lib_a-memcpy-stub.o)
 .debug_frame   0x00002204       0x20 c:/program files (x86)/cypress/psoc creator/3.1/psoc creator/import/gnu_cs/arm/4.8.4/bin/../lib/gcc/arm-none-eabi/4.8.4/../../../../arm-none-eabi/lib/armv6-m\libg_s.a(lib_a-memset.o)

.debug_str      0x00000000     0x1c9a
 *(.debug_str)
 .debug_str     0x00000000      0x152 .\CortexM0\ARM_GCC_484\Debug\main.o
                                0x18b (size before relaxing)
 .debug_str     0x00000152      0x151 .\CortexM0\ARM_GCC_484\Debug\DSP_Class.o
                                0x2ca (size before relaxing)
 .debug_str     0x000002a3      0x165 .\CortexM0\ARM_GCC_484\Debug\I2C_Class.o
                                0x301 (size before relaxing)
 .debug_str     0x00000408       0xdb .\CortexM0\ARM_GCC_484\Debug\PSoC_Master_Class.o
                                0x27b (size before relaxing)
 .debug_str     0x000004e3       0xaf .\CortexM0\ARM_GCC_484\Debug\UART_Class.o
                                0x257 (size before relaxing)
 .debug_str     0x00000592       0x5b .\CortexM0\ARM_GCC_484\Debug\cymetadata.o
                                0x1c8 (size before relaxing)
 .debug_str     0x000005ed      0x12f .\CortexM0\ARM_GCC_484\Debug\Cm0Start.o
                                0x2b6 (size before relaxing)
 .debug_str     0x0000071c      0x199 .\CortexM0\ARM_GCC_484\Debug\PSoC_Master.a(cyfitter_cfg.o)
                                0x350 (size before relaxing)
 .debug_str     0x000008b5      0x138 .\CortexM0\ARM_GCC_484\Debug\PSoC_Master.a(timer_ISR.o)
                                0x2e3 (size before relaxing)
 .debug_str     0x000009ed      0x17d .\CortexM0\ARM_GCC_484\Debug\PSoC_Master.a(Timer.o)
                                0x2fc (size before relaxing)
 .debug_str     0x00000b6a       0x90 .\CortexM0\ARM_GCC_484\Debug\PSoC_Master.a(RedLED.o)
                                0x207 (size before relaxing)
 .debug_str     0x00000bfa      0x117 .\CortexM0\ARM_GCC_484\Debug\PSoC_Master.a(UART.o)
                                0x29e (size before relaxing)
 .debug_str     0x00000d11      0x137 .\CortexM0\ARM_GCC_484\Debug\PSoC_Master.a(UART_SPI_UART.o)
                                0x2bc (size before relaxing)
 .debug_str     0x00000e48       0xe9 .\CortexM0\ARM_GCC_484\Debug\PSoC_Master.a(UART_UART.o)
                                0x27a (size before relaxing)
 .debug_str     0x00000f31      0x112 .\CortexM0\ARM_GCC_484\Debug\PSoC_Master.a(UART_ISR.o)
                                0x2d5 (size before relaxing)
 .debug_str     0x00001043       0xe9 .\CortexM0\ARM_GCC_484\Debug\PSoC_Master.a(I2C.o)
                                0x291 (size before relaxing)
 .debug_str     0x0000112c       0x7a .\CortexM0\ARM_GCC_484\Debug\PSoC_Master.a(I2C_I2C.o)
                                0x1fb (size before relaxing)
 .debug_str     0x000011a6      0x22c .\CortexM0\ARM_GCC_484\Debug\PSoC_Master.a(I2C_I2C_MASTER.o)
                                0x3f8 (size before relaxing)
 .debug_str     0x000013d2       0x7e .\CortexM0\ARM_GCC_484\Debug\PSoC_Master.a(I2C_sda.o)
                                0x20d (size before relaxing)
 .debug_str     0x00001450       0x7e .\CortexM0\ARM_GCC_484\Debug\PSoC_Master.a(I2C_scl.o)
                                0x20d (size before relaxing)
 .debug_str     0x000014ce      0x705 .\CortexM0\ARM_GCC_484\Debug\PSoC_Master.a(CyLib.o)
                                0x8cf (size before relaxing)
 .debug_str     0x00001bd3       0x7e .\CortexM0\ARM_GCC_484\Debug\PSoC_Master.a(BlueLED.o)
                                0x20d (size before relaxing)
 .debug_str     0x00001c51       0x49 .\CortexM0\ARM_GCC_484\Debug\PSoC_Master.a(I2C_I2C_INT.o)
                                0x298 (size before relaxing)

.debug_loc
 *(.debug_loc)

.debug_macinfo
 *(.debug_macinfo)

.debug_ranges   0x00000000      0x7f8
 *(.debug_ranges)
 .debug_ranges  0x00000000       0x10 .\CortexM0\ARM_GCC_484\Debug\main.o
 .debug_ranges  0x00000010       0x70 .\CortexM0\ARM_GCC_484\Debug\DSP_Class.o
 .debug_ranges  0x00000080       0x50 .\CortexM0\ARM_GCC_484\Debug\I2C_Class.o
 .debug_ranges  0x000000d0       0x30 .\CortexM0\ARM_GCC_484\Debug\PSoC_Master_Class.o
 .debug_ranges  0x00000100       0x58 .\CortexM0\ARM_GCC_484\Debug\UART_Class.o
 .debug_ranges  0x00000158       0x38 .\CortexM0\ARM_GCC_484\Debug\Cm0Start.o
 .debug_ranges  0x00000190       0x48 .\CortexM0\ARM_GCC_484\Debug\PSoC_Master.a(cyfitter_cfg.o)
 .debug_ranges  0x000001d8       0x70 .\CortexM0\ARM_GCC_484\Debug\PSoC_Master.a(timer_ISR.o)
 .debug_ranges  0x00000248       0x80 .\CortexM0\ARM_GCC_484\Debug\PSoC_Master.a(Timer.o)
 .debug_ranges  0x000002c8       0x30 .\CortexM0\ARM_GCC_484\Debug\PSoC_Master.a(RedLED.o)
 .debug_ranges  0x000002f8       0x58 .\CortexM0\ARM_GCC_484\Debug\PSoC_Master.a(UART.o)
 .debug_ranges  0x00000350       0x50 .\CortexM0\ARM_GCC_484\Debug\PSoC_Master.a(UART_SPI_UART.o)
 .debug_ranges  0x000003a0       0x40 .\CortexM0\ARM_GCC_484\Debug\PSoC_Master.a(UART_UART.o)
 .debug_ranges  0x000003e0       0x70 .\CortexM0\ARM_GCC_484\Debug\PSoC_Master.a(UART_ISR.o)
 .debug_ranges  0x00000450       0x58 .\CortexM0\ARM_GCC_484\Debug\PSoC_Master.a(I2C.o)
 .debug_ranges  0x000004a8       0x18 .\CortexM0\ARM_GCC_484\Debug\PSoC_Master.a(I2C_I2C.o)
 .debug_ranges  0x000004c0       0x78 .\CortexM0\ARM_GCC_484\Debug\PSoC_Master.a(I2C_I2C_MASTER.o)
 .debug_ranges  0x00000538       0x30 .\CortexM0\ARM_GCC_484\Debug\PSoC_Master.a(I2C_sda.o)
 .debug_ranges  0x00000568       0x30 .\CortexM0\ARM_GCC_484\Debug\PSoC_Master.a(I2C_scl.o)
 .debug_ranges  0x00000598      0x220 .\CortexM0\ARM_GCC_484\Debug\PSoC_Master.a(CyLib.o)
 .debug_ranges  0x000007b8       0x30 .\CortexM0\ARM_GCC_484\Debug\PSoC_Master.a(BlueLED.o)
 .debug_ranges  0x000007e8       0x10 .\CortexM0\ARM_GCC_484\Debug\PSoC_Master.a(I2C_I2C_INT.o)

.comment        0x00000000       0x70
 .comment       0x00000000       0x70 .\CortexM0\ARM_GCC_484\Debug\main.o
                                 0x71 (size before relaxing)
 .comment       0x00000000       0x71 .\CortexM0\ARM_GCC_484\Debug\DSP_Class.o
 .comment       0x00000000       0x71 .\CortexM0\ARM_GCC_484\Debug\I2C_Class.o
 .comment       0x00000000       0x71 .\CortexM0\ARM_GCC_484\Debug\PSoC_Master_Class.o
 .comment       0x00000000       0x71 .\CortexM0\ARM_GCC_484\Debug\UART_Class.o
 .comment       0x00000000       0x71 .\CortexM0\ARM_GCC_484\Debug\cymetadata.o
 .comment       0x00000000       0x71 .\CortexM0\ARM_GCC_484\Debug\Cm0Start.o
 .comment       0x00000000       0x71 .\CortexM0\ARM_GCC_484\Debug\PSoC_Master.a(cyfitter_cfg.o)
 .comment       0x00000000       0x71 .\CortexM0\ARM_GCC_484\Debug\PSoC_Master.a(timer_ISR.o)
 .comment       0x00000000       0x71 .\CortexM0\ARM_GCC_484\Debug\PSoC_Master.a(Timer.o)
 .comment       0x00000000       0x71 .\CortexM0\ARM_GCC_484\Debug\PSoC_Master.a(RedLED.o)
 .comment       0x00000000       0x71 .\CortexM0\ARM_GCC_484\Debug\PSoC_Master.a(UART.o)
 .comment       0x00000000       0x71 .\CortexM0\ARM_GCC_484\Debug\PSoC_Master.a(UART_SPI_UART.o)
 .comment       0x00000000       0x71 .\CortexM0\ARM_GCC_484\Debug\PSoC_Master.a(UART_UART.o)
 .comment       0x00000000       0x71 .\CortexM0\ARM_GCC_484\Debug\PSoC_Master.a(UART_ISR.o)
 .comment       0x00000000       0x71 .\CortexM0\ARM_GCC_484\Debug\PSoC_Master.a(I2C.o)
 .comment       0x00000000       0x71 .\CortexM0\ARM_GCC_484\Debug\PSoC_Master.a(I2C_I2C.o)
 .comment       0x00000000       0x71 .\CortexM0\ARM_GCC_484\Debug\PSoC_Master.a(I2C_I2C_MASTER.o)
 .comment       0x00000000       0x71 .\CortexM0\ARM_GCC_484\Debug\PSoC_Master.a(I2C_sda.o)
 .comment       0x00000000       0x71 .\CortexM0\ARM_GCC_484\Debug\PSoC_Master.a(I2C_scl.o)
 .comment       0x00000000       0x71 .\CortexM0\ARM_GCC_484\Debug\PSoC_Master.a(CyLib.o)
 .comment       0x00000000       0x71 .\CortexM0\ARM_GCC_484\Debug\PSoC_Master.a(BlueLED.o)
 .comment       0x00000000       0x71 .\CortexM0\ARM_GCC_484\Debug\PSoC_Master.a(I2C_I2C_INT.o)

.debug_weaknames
 *(.debug_weaknames)

.debug_funcnames
 *(.debug_funcnames)

.debug_typenames
 *(.debug_typenames)

.debug_varnames
 *(.debug_varnames)

.note.gnu.arm.ident
 *(.note.gnu.arm.ident)

.ARM.attributes
                0x00000000       0x28
 *(.ARM.attributes)
 .ARM.attributes
                0x00000000       0x1e c:/program files (x86)/cypress/psoc creator/3.1/psoc creator/import/gnu_cs/arm/4.8.4/bin/../lib/gcc/arm-none-eabi/4.8.4/armv6-m/crti.o
 .ARM.attributes
                0x0000001e       0x2c c:/program files (x86)/cypress/psoc creator/3.1/psoc creator/import/gnu_cs/arm/4.8.4/bin/../lib/gcc/arm-none-eabi/4.8.4/armv6-m/crtbegin.o
 .ARM.attributes
                0x0000004a       0x1b c:/program files (x86)/cypress/psoc creator/3.1/psoc creator/import/gnu_cs/arm/4.8.4/bin/../lib/gcc/arm-none-eabi/4.8.4/../../../../arm-none-eabi/lib/armv6-m/crt0.o
 .ARM.attributes
                0x00000065       0x31 .\CortexM0\ARM_GCC_484\Debug\main.o
 .ARM.attributes
                0x00000096       0x31 .\CortexM0\ARM_GCC_484\Debug\DSP_Class.o
 .ARM.attributes
                0x000000c7       0x31 .\CortexM0\ARM_GCC_484\Debug\I2C_Class.o
 .ARM.attributes
                0x000000f8       0x31 .\CortexM0\ARM_GCC_484\Debug\PSoC_Master_Class.o
 .ARM.attributes
                0x00000129       0x31 .\CortexM0\ARM_GCC_484\Debug\UART_Class.o
 .ARM.attributes
                0x0000015a       0x31 .\CortexM0\ARM_GCC_484\Debug\cymetadata.o
 .ARM.attributes
                0x0000018b       0x31 .\CortexM0\ARM_GCC_484\Debug\Cm0Start.o
 .ARM.attributes
                0x000001bc       0x31 .\CortexM0\ARM_GCC_484\Debug\PSoC_Master.a(cyfitter_cfg.o)
 .ARM.attributes
                0x000001ed       0x31 .\CortexM0\ARM_GCC_484\Debug\PSoC_Master.a(timer_ISR.o)
 .ARM.attributes
                0x0000021e       0x31 .\CortexM0\ARM_GCC_484\Debug\PSoC_Master.a(Timer.o)
 .ARM.attributes
                0x0000024f       0x31 .\CortexM0\ARM_GCC_484\Debug\PSoC_Master.a(RedLED.o)
 .ARM.attributes
                0x00000280       0x31 .\CortexM0\ARM_GCC_484\Debug\PSoC_Master.a(UART.o)
 .ARM.attributes
                0x000002b1       0x31 .\CortexM0\ARM_GCC_484\Debug\PSoC_Master.a(UART_SPI_UART.o)
 .ARM.attributes
                0x000002e2       0x31 .\CortexM0\ARM_GCC_484\Debug\PSoC_Master.a(UART_UART.o)
 .ARM.attributes
                0x00000313       0x31 .\CortexM0\ARM_GCC_484\Debug\PSoC_Master.a(UART_ISR.o)
 .ARM.attributes
                0x00000344       0x31 .\CortexM0\ARM_GCC_484\Debug\PSoC_Master.a(I2C.o)
 .ARM.attributes
                0x00000375       0x31 .\CortexM0\ARM_GCC_484\Debug\PSoC_Master.a(I2C_I2C.o)
 .ARM.attributes
                0x000003a6       0x31 .\CortexM0\ARM_GCC_484\Debug\PSoC_Master.a(I2C_I2C_MASTER.o)
 .ARM.attributes
                0x000003d7       0x31 .\CortexM0\ARM_GCC_484\Debug\PSoC_Master.a(I2C_sda.o)
 .ARM.attributes
                0x00000408       0x31 .\CortexM0\ARM_GCC_484\Debug\PSoC_Master.a(I2C_scl.o)
 .ARM.attributes
                0x00000439       0x21 .\CortexM0\ARM_GCC_484\Debug\PSoC_Master.a(CyBootAsmGnu.o)
 .ARM.attributes
                0x0000045a       0x31 .\CortexM0\ARM_GCC_484\Debug\PSoC_Master.a(CyLib.o)
 .ARM.attributes
                0x0000048b       0x31 .\CortexM0\ARM_GCC_484\Debug\PSoC_Master.a(BlueLED.o)
 .ARM.attributes
                0x000004bc       0x31 .\CortexM0\ARM_GCC_484\Debug\PSoC_Master.a(I2C_I2C_INT.o)
 .ARM.attributes
                0x000004ed       0x1e c:/program files (x86)/cypress/psoc creator/3.1/psoc creator/import/gnu_cs/arm/4.8.4/bin/../lib/gcc/arm-none-eabi/4.8.4/armv6-m\libgcc.a(_udivsi3.o)
 .ARM.attributes
                0x0000050b       0x1e c:/program files (x86)/cypress/psoc creator/3.1/psoc creator/import/gnu_cs/arm/4.8.4/bin/../lib/gcc/arm-none-eabi/4.8.4/armv6-m\libgcc.a(_divsi3.o)
 .ARM.attributes
                0x00000529       0x1e c:/program files (x86)/cypress/psoc creator/3.1/psoc creator/import/gnu_cs/arm/4.8.4/bin/../lib/gcc/arm-none-eabi/4.8.4/armv6-m\libgcc.a(_dvmd_tls.o)
 .ARM.attributes
                0x00000547       0x1e c:/program files (x86)/cypress/psoc creator/3.1/psoc creator/import/gnu_cs/arm/4.8.4/bin/../lib/gcc/arm-none-eabi/4.8.4/armv6-m\libgcc.a(_arm_cmpsf2.o)
 .ARM.attributes
                0x00000565       0x1e c:/program files (x86)/cypress/psoc creator/3.1/psoc creator/import/gnu_cs/arm/4.8.4/bin/../lib/gcc/arm-none-eabi/4.8.4/armv6-m\libgcc.a(_aeabi_ldivmod.o)
 .ARM.attributes
                0x00000583       0x2c c:/program files (x86)/cypress/psoc creator/3.1/psoc creator/import/gnu_cs/arm/4.8.4/bin/../lib/gcc/arm-none-eabi/4.8.4/armv6-m\libgcc.a(_fixunssfsi.o)
 .ARM.attributes
                0x000005af       0x2c c:/program files (x86)/cypress/psoc creator/3.1/psoc creator/import/gnu_cs/arm/4.8.4/bin/../lib/gcc/arm-none-eabi/4.8.4/armv6-m\libgcc.a(_floatdisf.o)
 .ARM.attributes
                0x000005db       0x2c c:/program files (x86)/cypress/psoc creator/3.1/psoc creator/import/gnu_cs/arm/4.8.4/bin/../lib/gcc/arm-none-eabi/4.8.4/armv6-m\libgcc.a(bpabi.o)
 .ARM.attributes
                0x00000607       0x2c c:/program files (x86)/cypress/psoc creator/3.1/psoc creator/import/gnu_cs/arm/4.8.4/bin/../lib/gcc/arm-none-eabi/4.8.4/armv6-m\libgcc.a(divsf3.o)
 .ARM.attributes
                0x00000633       0x2c c:/program files (x86)/cypress/psoc creator/3.1/psoc creator/import/gnu_cs/arm/4.8.4/bin/../lib/gcc/arm-none-eabi/4.8.4/armv6-m\libgcc.a(eqsf2.o)
 .ARM.attributes
                0x0000065f       0x2c c:/program files (x86)/cypress/psoc creator/3.1/psoc creator/import/gnu_cs/arm/4.8.4/bin/../lib/gcc/arm-none-eabi/4.8.4/armv6-m\libgcc.a(gesf2.o)
 .ARM.attributes
                0x0000068b       0x2c c:/program files (x86)/cypress/psoc creator/3.1/psoc creator/import/gnu_cs/arm/4.8.4/bin/../lib/gcc/arm-none-eabi/4.8.4/armv6-m\libgcc.a(lesf2.o)
 .ARM.attributes
                0x000006b7       0x2c c:/program files (x86)/cypress/psoc creator/3.1/psoc creator/import/gnu_cs/arm/4.8.4/bin/../lib/gcc/arm-none-eabi/4.8.4/armv6-m\libgcc.a(mulsf3.o)
 .ARM.attributes
                0x000006e3       0x2c c:/program files (x86)/cypress/psoc creator/3.1/psoc creator/import/gnu_cs/arm/4.8.4/bin/../lib/gcc/arm-none-eabi/4.8.4/armv6-m\libgcc.a(subsf3.o)
 .ARM.attributes
                0x0000070f       0x2c c:/program files (x86)/cypress/psoc creator/3.1/psoc creator/import/gnu_cs/arm/4.8.4/bin/../lib/gcc/arm-none-eabi/4.8.4/armv6-m\libgcc.a(fixsfsi.o)
 .ARM.attributes
                0x0000073b       0x2c c:/program files (x86)/cypress/psoc creator/3.1/psoc creator/import/gnu_cs/arm/4.8.4/bin/../lib/gcc/arm-none-eabi/4.8.4/armv6-m\libgcc.a(adddf3.o)
 .ARM.attributes
                0x00000767       0x2c c:/program files (x86)/cypress/psoc creator/3.1/psoc creator/import/gnu_cs/arm/4.8.4/bin/../lib/gcc/arm-none-eabi/4.8.4/armv6-m\libgcc.a(muldf3.o)
 .ARM.attributes
                0x00000793       0x2c c:/program files (x86)/cypress/psoc creator/3.1/psoc creator/import/gnu_cs/arm/4.8.4/bin/../lib/gcc/arm-none-eabi/4.8.4/armv6-m\libgcc.a(floatsidf.o)
 .ARM.attributes
                0x000007bf       0x2c c:/program files (x86)/cypress/psoc creator/3.1/psoc creator/import/gnu_cs/arm/4.8.4/bin/../lib/gcc/arm-none-eabi/4.8.4/armv6-m\libgcc.a(floatunsidf.o)
 .ARM.attributes
                0x000007eb       0x2c c:/program files (x86)/cypress/psoc creator/3.1/psoc creator/import/gnu_cs/arm/4.8.4/bin/../lib/gcc/arm-none-eabi/4.8.4/armv6-m\libgcc.a(truncdfsf2.o)
 .ARM.attributes
                0x00000817       0x1e c:/program files (x86)/cypress/psoc creator/3.1/psoc creator/import/gnu_cs/arm/4.8.4/bin/../lib/gcc/arm-none-eabi/4.8.4/armv6-m\libgcc.a(_clzsi2.o)
 .ARM.attributes
                0x00000835       0x2c c:/program files (x86)/cypress/psoc creator/3.1/psoc creator/import/gnu_cs/arm/4.8.4/bin/../lib/gcc/arm-none-eabi/4.8.4/armv6-m\libgcc.a(_muldi3.o)
 .ARM.attributes
                0x00000861       0x2c c:/program files (x86)/cypress/psoc creator/3.1/psoc creator/import/gnu_cs/arm/4.8.4/bin/../lib/gcc/arm-none-eabi/4.8.4/armv6-m\libgcc.a(_divdi3.o)
 .ARM.attributes
                0x0000088d       0x2c c:/program files (x86)/cypress/psoc creator/3.1/psoc creator/import/gnu_cs/arm/4.8.4/bin/../lib/gcc/arm-none-eabi/4.8.4/armv6-m\libgcc.a(_udivdi3.o)
 .ARM.attributes
                0x000008b9       0x2c c:/program files (x86)/cypress/psoc creator/3.1/psoc creator/import/gnu_cs/arm/4.8.4/bin/../lib/gcc/arm-none-eabi/4.8.4/../../../../arm-none-eabi/lib/armv6-m\libg_s.a(lib_a-errno.o)
 .ARM.attributes
                0x000008e5       0x2c c:/program files (x86)/cypress/psoc creator/3.1/psoc creator/import/gnu_cs/arm/4.8.4/bin/../lib/gcc/arm-none-eabi/4.8.4/../../../../arm-none-eabi/lib/armv6-m\libg_s.a(lib_a-exit.o)
 .ARM.attributes
                0x00000911       0x2c c:/program files (x86)/cypress/psoc creator/3.1/psoc creator/import/gnu_cs/arm/4.8.4/bin/../lib/gcc/arm-none-eabi/4.8.4/../../../../arm-none-eabi/lib/armv6-m\libg_s.a(lib_a-impure.o)
 .ARM.attributes
                0x0000093d       0x2c c:/program files (x86)/cypress/psoc creator/3.1/psoc creator/import/gnu_cs/arm/4.8.4/bin/../lib/gcc/arm-none-eabi/4.8.4/../../../../arm-none-eabi/lib/armv6-m\libg_s.a(lib_a-init.o)
 .ARM.attributes
                0x00000969       0x2c c:/program files (x86)/cypress/psoc creator/3.1/psoc creator/import/gnu_cs/arm/4.8.4/bin/../lib/gcc/arm-none-eabi/4.8.4/../../../../arm-none-eabi/lib/armv6-m\libg_s.a(lib_a-memcpy-stub.o)
 .ARM.attributes
                0x00000995       0x2c c:/program files (x86)/cypress/psoc creator/3.1/psoc creator/import/gnu_cs/arm/4.8.4/bin/../lib/gcc/arm-none-eabi/4.8.4/../../../../arm-none-eabi/lib/armv6-m\libg_s.a(lib_a-memset.o)
 .ARM.attributes
                0x000009c1       0x2c c:/program files (x86)/cypress/psoc creator/3.1/psoc creator/import/gnu_cs/arm/4.8.4/bin/../lib/gcc/arm-none-eabi/4.8.4/armv6-m/crtend.o
 .ARM.attributes
                0x000009ed       0x1e c:/program files (x86)/cypress/psoc creator/3.1/psoc creator/import/gnu_cs/arm/4.8.4/bin/../lib/gcc/arm-none-eabi/4.8.4/armv6-m/crtn.o

/DISCARD/
 *(.note.GNU-stack)
OUTPUT(.\CortexM0\ARM_GCC_484\Debug\PSoC_Master.elf elf32-littlearm)
