Archive member included because of file (symbol)

.\CortexM0\ARM_GCC_484\Debug\PSoC_Master.a(cyfitter_cfg.o)
                              .\CortexM0\ARM_GCC_484\Debug\Cm0Start.o (cyfitter_cfg)
.\CortexM0\ARM_GCC_484\Debug\PSoC_Master.a(timer_ISR.o)
                              .\CortexM0\ARM_GCC_484\Debug\PSoC_Master_Class.o (timer_ISR_StartEx)
.\CortexM0\ARM_GCC_484\Debug\PSoC_Master.a(RedLED.o)
                              .\CortexM0\ARM_GCC_484\Debug\PSoC_Master_Class.o (RedLED_Write)
.\CortexM0\ARM_GCC_484\Debug\PSoC_Master.a(UART.o)
                              .\CortexM0\ARM_GCC_484\Debug\PSoC_Master_Class.o (UART_Start)
.\CortexM0\ARM_GCC_484\Debug\PSoC_Master.a(UART_SPI_UART.o)
                              .\CortexM0\ARM_GCC_484\Debug\UART_Class.o (UART_SpiUartWriteTxData)
.\CortexM0\ARM_GCC_484\Debug\PSoC_Master.a(UART_UART.o)
                              .\CortexM0\ARM_GCC_484\Debug\PSoC_Master.a(UART.o) (UART_UartInit)
.\CortexM0\ARM_GCC_484\Debug\PSoC_Master.a(UART_ISR.o)
                              .\CortexM0\ARM_GCC_484\Debug\PSoC_Master_Class.o (UART_ISR_StartEx)
.\CortexM0\ARM_GCC_484\Debug\PSoC_Master.a(I2C.o)
                              .\CortexM0\ARM_GCC_484\Debug\I2C_Class.o (I2C_Start)
.\CortexM0\ARM_GCC_484\Debug\PSoC_Master.a(I2C_I2C.o)
                              .\CortexM0\ARM_GCC_484\Debug\PSoC_Master.a(I2C.o) (I2C_I2CInit)
.\CortexM0\ARM_GCC_484\Debug\PSoC_Master.a(I2C_I2C_MASTER.o)
                              .\CortexM0\ARM_GCC_484\Debug\PSoC_Master.a(I2C_I2C.o) (I2C_mstrStatus)
.\CortexM0\ARM_GCC_484\Debug\PSoC_Master.a(BlueLED.o)
                              .\CortexM0\ARM_GCC_484\Debug\PSoC_Master_Class.o (BlueLED_Write)
.\CortexM0\ARM_GCC_484\Debug\PSoC_Master.a(Timer.o)
                              .\CortexM0\ARM_GCC_484\Debug\PSoC_Master_Class.o (Timer_WritePeriod)
.\CortexM0\ARM_GCC_484\Debug\PSoC_Master.a(I2C_sda.o)
                              .\CortexM0\ARM_GCC_484\Debug\PSoC_Master.a(I2C_I2C_MASTER.o) (I2C_sda_Read)
.\CortexM0\ARM_GCC_484\Debug\PSoC_Master.a(I2C_scl.o)
                              .\CortexM0\ARM_GCC_484\Debug\PSoC_Master.a(I2C_I2C_MASTER.o) (I2C_scl_Write)
.\CortexM0\ARM_GCC_484\Debug\PSoC_Master.a(CyBootAsmGnu.o)
                              .\CortexM0\ARM_GCC_484\Debug\PSoC_Master.a(cyfitter_cfg.o) (CyDelayCycles)
.\CortexM0\ARM_GCC_484\Debug\PSoC_Master.a(CyLib.o)
                              .\CortexM0\ARM_GCC_484\Debug\PSoC_Master.a(cyfitter_cfg.o) (CyDelayUs)
.\CortexM0\ARM_GCC_484\Debug\PSoC_Master.a(I2C_I2C_INT.o)
                              .\CortexM0\ARM_GCC_484\Debug\PSoC_Master.a(I2C_I2C.o) (I2C_I2C_ISR)
c:/program files (x86)/cypress/psoc creator/3.1/psoc creator/import/gnu_cs/arm/4.8.4/bin/../lib/gcc/arm-none-eabi/4.8.4/armv6-m\libgcc.a(_udivsi3.o)
                              .\CortexM0\ARM_GCC_484\Debug\PSoC_Master.a(CyLib.o) (__aeabi_uidiv)
c:/program files (x86)/cypress/psoc creator/3.1/psoc creator/import/gnu_cs/arm/4.8.4/bin/../lib/gcc/arm-none-eabi/4.8.4/armv6-m\libgcc.a(_divsi3.o)
                              .\CortexM0\ARM_GCC_484\Debug\DSP_Class.o (__aeabi_idiv)
c:/program files (x86)/cypress/psoc creator/3.1/psoc creator/import/gnu_cs/arm/4.8.4/bin/../lib/gcc/arm-none-eabi/4.8.4/armv6-m\libgcc.a(_dvmd_tls.o)
                              c:/program files (x86)/cypress/psoc creator/3.1/psoc creator/import/gnu_cs/arm/4.8.4/bin/../lib/gcc/arm-none-eabi/4.8.4/armv6-m\libgcc.a(_udivsi3.o) (__aeabi_idiv0)
c:/program files (x86)/cypress/psoc creator/3.1/psoc creator/import/gnu_cs/arm/4.8.4/bin/../lib/gcc/arm-none-eabi/4.8.4/armv6-m\libgcc.a(_aeabi_ldivmod.o)
                              .\CortexM0\ARM_GCC_484\Debug\DSP_Class.o (__aeabi_ldivmod)
c:/program files (x86)/cypress/psoc creator/3.1/psoc creator/import/gnu_cs/arm/4.8.4/bin/../lib/gcc/arm-none-eabi/4.8.4/armv6-m\libgcc.a(_fixunssfsi.o)
                              .\CortexM0\ARM_GCC_484\Debug\DSP_Class.o (__aeabi_f2uiz)
c:/program files (x86)/cypress/psoc creator/3.1/psoc creator/import/gnu_cs/arm/4.8.4/bin/../lib/gcc/arm-none-eabi/4.8.4/armv6-m\libgcc.a(_floatdisf.o)
                              .\CortexM0\ARM_GCC_484\Debug\DSP_Class.o (__aeabi_l2f)
c:/program files (x86)/cypress/psoc creator/3.1/psoc creator/import/gnu_cs/arm/4.8.4/bin/../lib/gcc/arm-none-eabi/4.8.4/armv6-m\libgcc.a(bpabi.o)
                              c:/program files (x86)/cypress/psoc creator/3.1/psoc creator/import/gnu_cs/arm/4.8.4/bin/../lib/gcc/arm-none-eabi/4.8.4/armv6-m\libgcc.a(_aeabi_ldivmod.o) (__gnu_ldivmod_helper)
c:/program files (x86)/cypress/psoc creator/3.1/psoc creator/import/gnu_cs/arm/4.8.4/bin/../lib/gcc/arm-none-eabi/4.8.4/armv6-m\libgcc.a(subsf3.o)
                              c:/program files (x86)/cypress/psoc creator/3.1/psoc creator/import/gnu_cs/arm/4.8.4/bin/../lib/gcc/arm-none-eabi/4.8.4/armv6-m\libgcc.a(_fixunssfsi.o) (__aeabi_fsub)
[...]
Memory Configuration

Name             Origin             Length             Attributes
rom              0x00000000         0x00008000         xr
ram              0x20000000         0x00001000         xrw
*default*        0x00000000         0xffffffff

Linker script and memory map

LOAD c:/program files (x86)/cypress/psoc creator/3.1/psoc creator/import/gnu_cs/arm/4.8.4/bin/../lib/gcc/arm-none-eabi/4.8.4/armv6-m/crti.o
LOAD c:/program files (x86)/cypress/psoc creator/3.1/psoc creator/import/gnu_cs/arm/4.8.4/bin/../lib/gcc/arm-none-eabi/4.8.4/armv6-m/crtbegin.o
LOAD c:/program files (x86)/cypress/psoc creator/3.1/psoc creator/import/gnu_cs/arm/4.8.4/bin/../lib/gcc/arm-none-eabi/4.8.4/../../../../arm-none-eabi/lib/armv6-m/crt0.o
START GROUP
LOAD .\CortexM0\ARM_GCC_484\Debug\main.o
LOAD .\CortexM0\ARM_GCC_484\Debug\DSP_Class.o
LOAD .\CortexM0\ARM_GCC_484\Debug\I2C_Class.o
LOAD .\CortexM0\ARM_GCC_484\Debug\PSoC_Master_Class.o
LOAD .\CortexM0\ARM_GCC_484\Debug\UART_Class.o
LOAD .\CortexM0\ARM_GCC_484\Debug\cymetadata.o
LOAD .\CortexM0\ARM_GCC_484\Debug\Cm0Start.o
LOAD .\CortexM0\ARM_GCC_484\Debug\PSoC_Master.a
LOAD C:\Program Files (x86)\Cypress\PSoC Creator\3.1\PSoC Creator\psoc\content\cycomponentlibrary\CyComponentLibrary.cylib\CortexM0\ARM_GCC_484\Debug\CyComponentLibrary.a
END GROUP
START GROUP
LOAD c:/program files (x86)/cypress/psoc creator/3.1/psoc creator/import/gnu_cs/arm/4.8.4/bin/../lib/gcc/arm-none-eabi/4.8.4/armv6-m\libgcc.a
LOAD c:/program files (x86)/cypress/psoc creator/3.1/psoc creator/import/gnu_cs/arm/4.8.4/bin/../lib/gcc/arm-none-eabi/4.8.4/../../../../arm-none-eabi/lib/armv6-m\libg_s.a
LOAD c:/program files (x86)/cypress/psoc creator/3.1/psoc creator/import/gnu_cs/arm/4.8.4/bin/../lib/gcc/arm-none-eabi/4.8.4/../../../../arm-none-eabi/lib/armv6-m\libc_s.a
END GROUP
START GROUP
LOAD c:/program files (x86)/cypress/psoc creator/3.1/psoc creator/import/gnu_cs/arm/4.8.4/bin/../lib/gcc/arm-none-eabi/4.8.4/armv6-m\libgcc.a
LOAD c:/program files (x86)/cypress/psoc creator/3.1/psoc creator/import/gnu_cs/arm/4.8.4/bin/../lib/gcc/arm-none-eabi/4.8.4/../../../../arm-none-eabi/lib/armv6-m\libc_s.a
END GROUP
LOAD c:/program files (x86)/cypress/psoc creator/3.1/psoc creator/import/gnu_cs/arm/4.8.4/bin/../lib/gcc/arm-none-eabi/4.8.4/armv6-m/crtend.o
LOAD c:/program files (x86)/cypress/psoc creator/3.1/psoc creator/import/gnu_cs/arm/4.8.4/bin/../lib/gcc/arm-none-eabi/4.8.4/armv6-m/crtn.o
START GROUP
LOAD c:/program files (x86)/cypress/psoc creator/3.1/psoc creator/import/gnu_cs/arm/4.8.4/bin/../lib/gcc/arm-none-eabi/4.8.4/armv6-m\libgcc.a
LOAD c:/program files (x86)/cypress/psoc creator/3.1/psoc creator/import/gnu_cs/arm/4.8.4/bin/../lib/gcc/arm-none-eabi/4.8.4/../../../../arm-none-eabi/lib/armv6-m\libc.a
LOAD c:/program files (x86)/cypress/psoc creator/3.1/psoc creator/import/gnu_cs/arm/4.8.4/bin/../lib/gcc/arm-none-eabi/4.8.4/../../../../arm-none-eabi/lib/armv6-m\libnosys.a
END GROUP
                0x00000000                CY_APPL_ORIGIN = 0x0
                0x00000080                CY_FLASH_ROW_SIZE = 0x80
                0x00000001                CY_APPL_NUM = 0x1
                0x00000040                CY_METADATA_SIZE = 0x40
                0x200001a8                PROVIDE (__cy_heap_start, _end)
                0x00000001                PROVIDE (__cy_region_num, ((__cy_regions_end - __cy_regions) / 0x10))
                0x20001000                PROVIDE (__cy_stack, (ORIGIN (ram) + 0x1000))
                0x20000c00                PROVIDE (__cy_heap_end, (__cy_stack - 0x400))

.cybootloader   0x00000000        0x0
 *(.cybootloader)
                0x00000000                appl1_start = CY_APPL_ORIGIN?CY_APPL_ORIGIN:ALIGN (CY_FLASH_ROW_SIZE)
                0x00003f80                appl2_start = (appl1_start + ALIGN ((((0x8000 - appl1_start) - (0x2 * CY_FLASH_ROW_SIZE)) / 0x2), CY_FLASH_ROW_SIZE))
                0x00000000                appl_start = (CY_APPL_NUM == 0x1)?appl1_start:appl2_start

.text           0x00000000     0x4670
 CREATE_OBJECT_SYMBOLS
                0x00000000                PROVIDE (__cy_interrupt_vector, RomVectors)
 *(.romvectors)
 .romvectors    0x00000000       0x10 .\CortexM0\ARM_GCC_484\Debug\Cm0Start.o
                0x00000000                RomVectors
                0x00000001                ASSERT ((. != __cy_interrupt_vector), No interrupt vector)
                0x00000001                ASSERT (CY_APPL_ORIGIN?(SIZEOF (.cybootloader) <= CY_APPL_ORIGIN):0x1, Wrong image location)
                0x00000010                PROVIDE (__cy_reset, Reset)
 *(.text.Reset)
 .text.Reset    0x00000010        0x8 .\CortexM0\ARM_GCC_484\Debug\Cm0Start.o
                0x00000010                Reset
                0x00000001                ASSERT ((. != __cy_reset), No reset code)
 *(.psocinit)
 .psocinit      0x00000018      0x2bc .\CortexM0\ARM_GCC_484\Debug\PSoC_Master.a(cyfitter_cfg.o)
                0x00000160                cyfitter_cfg
                0x000002d4                . = MAX (., 0x100)
 *(.text .text.* .gnu.linkonce.t.*)
 .text          0x000002d4       0x60 c:/program files (x86)/cypress/psoc creator/3.1/psoc creator/import/gnu_cs/arm/4.8.4/bin/../lib/gcc/arm-none-eabi/4.8.4/armv6-m/crtbegin.o
 .text.main     0x00000334       0x20 .\CortexM0\ARM_GCC_484\Debug\main.o
                0x00000334                main
 .text.initDSP  0x00000354       0xc0 .\CortexM0\ARM_GCC_484\Debug\DSP_Class.o
                0x00000354                initDSP
 .text.getTemp_DSP
                0x00000414       0x14 .\CortexM0\ARM_GCC_484\Debug\DSP_Class.o
                0x00000414                getTemp_DSP
 .text.getSoilHum_DSP
                0x00000428       0x20 .\CortexM0\ARM_GCC_484\Debug\DSP_Class.o
                0x00000428                getSoilHum_DSP
 .text.avgTemp  0x00000448       0xd8 .\CortexM0\ARM_GCC_484\Debug\DSP_Class.o
                0x00000448                avgTemp
 .text.avgSoilHum
                0x00000520      0x14c .\CortexM0\ARM_GCC_484\Debug\DSP_Class.o
                0x00000520                avgSoilHum
 .text.inputTemp
                0x0000066c       0x44 .\CortexM0\ARM_GCC_484\Debug\DSP_Class.o
                0x0000066c                inputTemp
 .text.inputSoilHum
                0x000006b0       0x78 .\CortexM0\ARM_GCC_484\Debug\DSP_Class.o
                0x000006b0                inputSoilHum
 .text.initI2C  0x00000728       0x10 .\CortexM0\ARM_GCC_484\Debug\I2C_Class.o
                0x00000728                initI2C
 .text.adjustWindow
                0x00000738      0x17c .\CortexM0\ARM_GCC_484\Debug\I2C_Class.o
                0x00000738                adjustWindow
 .text.adjustHeat
                0x000008b4      0x17c .\CortexM0\ARM_GCC_484\Debug\I2C_Class.o
                0x000008b4                adjustHeat
 .text.adjustVentilation
                0x00000a30      0x17c .\CortexM0\ARM_GCC_484\Debug\I2C_Class.o
                0x00000a30                adjustVentilation
 .text.adjustIrrigation
                0x00000bac       0xf4 .\CortexM0\ARM_GCC_484\Debug\I2C_Class.o
                0x00000bac                adjustIrrigation
 .text.getActuatorStatus
                0x00000ca0       0xf8 .\CortexM0\ARM_GCC_484\Debug\I2C_Class.o
                0x00000ca0                getActuatorStatus
 .text.getTemp  0x00000d98       0xa0 .\CortexM0\ARM_GCC_484\Debug\I2C_Class.o
                0x00000d98                getTemp
 .text.getSoilHum
                0x00000e38       0xa0 .\CortexM0\ARM_GCC_484\Debug\I2C_Class.o
                0x00000e38                getSoilHum
 .text.initPSoC_Master
                0x00000ed8       0x8c .\CortexM0\ARM_GCC_484\Debug\PSoC_Master_Class.o
                0x00000ed8                initPSoC_Master
 .text.timer_ISR
                0x00000f64       0x1c .\CortexM0\ARM_GCC_484\Debug\PSoC_Master_Class.o
                0x00000f64                timer_ISR
 .text.UART_ISR
                0x00000f80       0x38 .\CortexM0\ARM_GCC_484\Debug\PSoC_Master_Class.o
                0x00000f80                UART_ISR
 .text.uartIntHandler
                0x00000fb8      0x1e4 .\CortexM0\ARM_GCC_484\Debug\PSoC_Master_Class.o
                0x00000fb8                uartIntHandler
 .text.timerIntHandler
                0x0000119c       0x84 .\CortexM0\ARM_GCC_484\Debug\PSoC_Master_Class.o
                0x0000119c                timerIntHandler
 .text.initUART
                0x00001220        0xc .\CortexM0\ARM_GCC_484\Debug\UART_Class.o
                0x00001220                initUART
 .text.respondTemp
                0x0000122c       0x40 .\CortexM0\ARM_GCC_484\Debug\UART_Class.o
                0x0000122c                respondTemp
 .text.respondSoilHum
                0x0000126c       0x5c .\CortexM0\ARM_GCC_484\Debug\UART_Class.o
                0x0000126c                respondSoilHum
 .text.respondHeat
                0x000012c8       0x48 .\CortexM0\ARM_GCC_484\Debug\UART_Class.o
                0x000012c8                respondHeat
 .text.respondWin
                0x00001310       0x38 .\CortexM0\ARM_GCC_484\Debug\UART_Class.o
                0x00001310                respondWin
 .text.respondVent
                0x00001348       0x38 .\CortexM0\ARM_GCC_484\Debug\UART_Class.o
                0x00001348                respondVent
 .text.respondIrri
                0x00001380       0x38 .\CortexM0\ARM_GCC_484\Debug\UART_Class.o
                0x00001380                respondIrri
 .text.dkRequest
                0x000013b8       0x14 .\CortexM0\ARM_GCC_484\Debug\UART_Class.o
                0x000013b8                dkRequest
 .text.IntDefaultHandler
                0x000013cc        0x8 .\CortexM0\ARM_GCC_484\Debug\Cm0Start.o
                0x000013cc                IntDefaultHandler
 .text.Start_c  0x000013d4       0x98 .\CortexM0\ARM_GCC_484\Debug\Cm0Start.o
                0x000013d4                Start_c
 .text.initialize_psoc
                0x0000146c       0x64 .\CortexM0\ARM_GCC_484\Debug\Cm0Start.o
                0x0000146c                initialize_psoc
 .text.CYMEMZERO
                0x000014d0       0x20 .\CortexM0\ARM_GCC_484\Debug\PSoC_Master.a(cyfitter_cfg.o)
 .text.cfg_write_bytes32
                0x000014f0       0x80 .\CortexM0\ARM_GCC_484\Debug\PSoC_Master.a(cyfitter_cfg.o)
 .text.AnalogSetDefault
                0x00001570        0x8 .\CortexM0\ARM_GCC_484\Debug\PSoC_Master.a(cyfitter_cfg.o)
 .text.timer_ISR_StartEx
                0x00001578       0x24 .\CortexM0\ARM_GCC_484\Debug\PSoC_Master.a(timer_ISR.o)
                0x00001578                timer_ISR_StartEx
 .text.timer_ISR_SetVector
                0x0000159c       0x18 .\CortexM0\ARM_GCC_484\Debug\PSoC_Master.a(timer_ISR.o)
                0x0000159c                timer_ISR_SetVector
 .text.timer_ISR_SetPriority
                0x000015b4       0x50 .\CortexM0\ARM_GCC_484\Debug\PSoC_Master.a(timer_ISR.o)
                0x000015b4                timer_ISR_SetPriority
 .text.timer_ISR_Enable
                0x00001604       0x14 .\CortexM0\ARM_GCC_484\Debug\PSoC_Master.a(timer_ISR.o)
                0x00001604                timer_ISR_Enable
 .text.timer_ISR_Disable
                0x00001618       0x14 .\CortexM0\ARM_GCC_484\Debug\PSoC_Master.a(timer_ISR.o)
                0x00001618                timer_ISR_Disable
 .text.RedLED_Write
                0x0000162c       0x4c .\CortexM0\ARM_GCC_484\Debug\PSoC_Master.a(RedLED.o)
                0x0000162c                RedLED_Write
 .text.UART_Init
                0x00001678        0xc .\CortexM0\ARM_GCC_484\Debug\PSoC_Master.a(UART.o)
                0x00001678                UART_Init
 .text.UART_Enable
                0x00001684       0x20 .\CortexM0\ARM_GCC_484\Debug\PSoC_Master.a(UART.o)
                0x00001684                UART_Enable
 .text.UART_Start
                0x000016a4       0x24 .\CortexM0\ARM_GCC_484\Debug\PSoC_Master.a(UART.o)
                0x000016a4                UART_Start
 .text.UART_ScbEnableIntr
                0x000016c8        0x8 .\CortexM0\ARM_GCC_484\Debug\PSoC_Master.a(UART.o)
 .text.UART_SpiUartReadRxData
                0x000016d0       0x20 .\CortexM0\ARM_GCC_484\Debug\PSoC_Master.a(UART_SPI_UART.o)
                0x000016d0                UART_SpiUartReadRxData
 .text.UART_SpiUartGetRxBufferSize
                0x000016f0       0x20 .\CortexM0\ARM_GCC_484\Debug\PSoC_Master.a(UART_SPI_UART.o)
                0x000016f0                UART_SpiUartGetRxBufferSize
 .text.UART_SpiUartWriteTxData
                0x00001710       0x2c .\CortexM0\ARM_GCC_484\Debug\PSoC_Master.a(UART_SPI_UART.o)
                0x00001710                UART_SpiUartWriteTxData
 .text.UART_UartInit
                0x0000173c       0xa8 .\CortexM0\ARM_GCC_484\Debug\PSoC_Master.a(UART_UART.o)
                0x0000173c                UART_UartInit
 .text.UART_UartGetChar
                0x000017e4       0x44 .\CortexM0\ARM_GCC_484\Debug\PSoC_Master.a(UART_UART.o)
                0x000017e4                UART_UartGetChar
 .text.UART_ISR_StartEx
                0x00001828       0x24 .\CortexM0\ARM_GCC_484\Debug\PSoC_Master.a(UART_ISR.o)
                0x00001828                UART_ISR_StartEx
 .text.UART_ISR_SetVector
                0x0000184c       0x18 .\CortexM0\ARM_GCC_484\Debug\PSoC_Master.a(UART_ISR.o)
                0x0000184c                UART_ISR_SetVector
 .text.UART_ISR_SetPriority
                0x00001864       0x4c .\CortexM0\ARM_GCC_484\Debug\PSoC_Master.a(UART_ISR.o)
                0x00001864                UART_ISR_SetPriority
 .text.UART_ISR_Enable
                0x000018b0       0x14 .\CortexM0\ARM_GCC_484\Debug\PSoC_Master.a(UART_ISR.o)
                0x000018b0                UART_ISR_Enable
 .text.UART_ISR_Disable
                0x000018c4       0x14 .\CortexM0\ARM_GCC_484\Debug\PSoC_Master.a(UART_ISR.o)
                0x000018c4                UART_ISR_Disable
 .text.I2C_Init
                0x000018d8        0xc .\CortexM0\ARM_GCC_484\Debug\PSoC_Master.a(I2C.o)
                0x000018d8                I2C_Init
 .text.I2C_Enable
                0x000018e4       0x20 .\CortexM0\ARM_GCC_484\Debug\PSoC_Master.a(I2C.o)
                0x000018e4                I2C_Enable
 .text.I2C_Start
                0x00001904       0x24 .\CortexM0\ARM_GCC_484\Debug\PSoC_Master.a(I2C.o)
                0x00001904                I2C_Start
 .text.I2C_ScbEnableIntr
                0x00001928       0x10 .\CortexM0\ARM_GCC_484\Debug\PSoC_Master.a(I2C.o)
 .text.I2C_I2CInit
                0x00001938       0xe8 .\CortexM0\ARM_GCC_484\Debug\PSoC_Master.a(I2C_I2C.o)
                0x00001938                I2C_I2CInit
 .text.I2C_I2CMasterWriteBuf
                0x00001a20      0x11c .\CortexM0\ARM_GCC_484\Debug\PSoC_Master.a(I2C_I2C_MASTER.o)
                0x00001a20                I2C_I2CMasterWriteBuf
 .text.I2C_I2CMasterReadBuf
                0x00001b3c      0x12c .\CortexM0\ARM_GCC_484\Debug\PSoC_Master.a(I2C_I2C_MASTER.o)
                0x00001b3c                I2C_I2CMasterReadBuf
 .text.I2C_I2CMasterSendStart
                0x00001c68      0x110 .\CortexM0\ARM_GCC_484\Debug\PSoC_Master.a(I2C_I2C_MASTER.o)
                0x00001c68                I2C_I2CMasterSendStart
 .text.I2C_I2CMasterSendStop
                0x00001d78       0xbc .\CortexM0\ARM_GCC_484\Debug\PSoC_Master.a(I2C_I2C_MASTER.o)
                0x00001d78                I2C_I2CMasterSendStop
 .text.I2C_I2CMasterReadByte
                0x00001e34       0xa8 .\CortexM0\ARM_GCC_484\Debug\PSoC_Master.a(I2C_I2C_MASTER.o)
                0x00001e34                I2C_I2CMasterReadByte
 .text.I2C_I2CMasterGetReadBufSize
                0x00001edc       0x14 .\CortexM0\ARM_GCC_484\Debug\PSoC_Master.a(I2C_I2C_MASTER.o)
                0x00001edc                I2C_I2CMasterGetReadBufSize
 .text.I2C_I2CMasterClearReadBuf
                0x00001ef0       0x34 .\CortexM0\ARM_GCC_484\Debug\PSoC_Master.a(I2C_I2C_MASTER.o)
                0x00001ef0                I2C_I2CMasterClearReadBuf
 .text.I2C_I2CMasterStatus
                0x00001f24       0x44 .\CortexM0\ARM_GCC_484\Debug\PSoC_Master.a(I2C_I2C_MASTER.o)
                0x00001f24                I2C_I2CMasterStatus
 .text.I2C_I2CMasterClearStatus
                0x00001f68       0x30 .\CortexM0\ARM_GCC_484\Debug\PSoC_Master.a(I2C_I2C_MASTER.o)
                0x00001f68                I2C_I2CMasterClearStatus
 .text.I2C_I2CReStartGeneration
                0x00001f98       0xb0 .\CortexM0\ARM_GCC_484\Debug\PSoC_Master.a(I2C_I2C_MASTER.o)
                0x00001f98                I2C_I2CReStartGeneration
 .text.BlueLED_Write
                0x00002048       0x4c .\CortexM0\ARM_GCC_484\Debug\PSoC_Master.a(BlueLED.o)
                0x00002048                BlueLED_Write
 .text.Timer_Init
                0x00002094       0x54 .\CortexM0\ARM_GCC_484\Debug\PSoC_Master.a(Timer.o)
                0x00002094                Timer_Init
 .text.Timer_Enable
                0x000020e8       0x20 .\CortexM0\ARM_GCC_484\Debug\PSoC_Master.a(Timer.o)
                0x000020e8                Timer_Enable
 .text.Timer_Start
                0x00002108       0x24 .\CortexM0\ARM_GCC_484\Debug\PSoC_Master.a(Timer.o)
                0x00002108                Timer_Start
 .text.Timer_SetInterruptMode
                0x0000212c       0x20 .\CortexM0\ARM_GCC_484\Debug\PSoC_Master.a(Timer.o)
                0x0000212c                Timer_SetInterruptMode
 .text.Timer_ReadStatusRegister
                0x0000214c       0x14 .\CortexM0\ARM_GCC_484\Debug\PSoC_Master.a(Timer.o)
                0x0000214c                Timer_ReadStatusRegister
 .text.Timer_WritePeriod
                0x00002160       0x18 .\CortexM0\ARM_GCC_484\Debug\PSoC_Master.a(Timer.o)
                0x00002160                Timer_WritePeriod
 .text.Timer_ReadCapture
                0x00002178       0x14 .\CortexM0\ARM_GCC_484\Debug\PSoC_Master.a(Timer.o)
                0x00002178                Timer_ReadCapture
 .text.Timer_WriteCounter
                0x0000218c       0x18 .\CortexM0\ARM_GCC_484\Debug\PSoC_Master.a(Timer.o)
                0x0000218c                Timer_WriteCounter
 .text.Timer_ClearFIFO
                0x000021a4       0x1c .\CortexM0\ARM_GCC_484\Debug\PSoC_Master.a(Timer.o)
                0x000021a4                Timer_ClearFIFO
 .text.I2C_sda_Read
                0x000021c0       0x1c .\CortexM0\ARM_GCC_484\Debug\PSoC_Master.a(I2C_sda.o)
                0x000021c0                I2C_sda_Read
 .text.I2C_scl_Write
                0x000021dc       0x48 .\CortexM0\ARM_GCC_484\Debug\PSoC_Master.a(I2C_scl.o)
                0x000021dc                I2C_scl_Write
 .text.I2C_scl_Read
                0x00002224       0x1c .\CortexM0\ARM_GCC_484\Debug\PSoC_Master.a(I2C_scl.o)
                0x00002224                I2C_scl_Read
 .text          0x00002240       0x28 .\CortexM0\ARM_GCC_484\Debug\PSoC_Master.a(CyBootAsmGnu.o)
                0x00002240                CyDelayCycles
                0x00002254                CyEnterCriticalSection
                0x0000225c                CyExitCriticalSection
 .text.CyIntSetVector
                0x00002268       0x4c .\CortexM0\ARM_GCC_484\Debug\PSoC_Master.a(CyLib.o)
                0x00002268                CyIntSetVector
 .text.CyIntSetPriority
                0x000022b4       0xa8 .\CortexM0\ARM_GCC_484\Debug\PSoC_Master.a(CyLib.o)
                0x000022b4                CyIntSetPriority
 .text.CyIntEnable
                0x0000235c       0x2c .\CortexM0\ARM_GCC_484\Debug\PSoC_Master.a(CyLib.o)
                0x0000235c                CyIntEnable
 .text.CyIntDisable
                0x00002388       0x2c .\CortexM0\ARM_GCC_484\Debug\PSoC_Master.a(CyLib.o)
                0x00002388                CyIntDisable
 .text.CyHalt   0x000023b4       0x14 .\CortexM0\ARM_GCC_484\Debug\PSoC_Master.a(CyLib.o)
                0x000023b4                CyHalt
 .text.CyDelay  0x000023c8       0x48 .\CortexM0\ARM_GCC_484\Debug\PSoC_Master.a(CyLib.o)
                0x000023c8                CyDelay
 .text.CyDelayUs
                0x00002410       0x28 .\CortexM0\ARM_GCC_484\Debug\PSoC_Master.a(CyLib.o)
                0x00002410                CyDelayUs
 .text.I2C_I2C_ISR
                0x00002438      0x4ec .\CortexM0\ARM_GCC_484\Debug\PSoC_Master.a(I2C_I2C_INT.o)
                0x00002438                I2C_I2C_ISR
 .text          0x00002924       0x9c c:/program files (x86)/cypress/psoc creator/3.1/psoc creator/import/gnu_cs/arm/4.8.4/bin/../lib/gcc/arm-none-eabi/4.8.4/armv6-m\libgcc.a(_udivsi3.o)
                0x00002924                __aeabi_uidiv
                0x00002924                __udivsi3
                0x000029ac                __aeabi_uidivmod
 .text          0x000029c0       0xc0 c:/program files (x86)/cypress/psoc creator/3.1/psoc creator/import/gnu_cs/arm/4.8.4/bin/../lib/gcc/arm-none-eabi/4.8.4/armv6-m\libgcc.a(_divsi3.o)
                0x000029c0                __divsi3
                0x000029c0                __aeabi_idiv
                0x00002a6c                __aeabi_idivmod
 .text          0x00002a80        0x4 c:/program files (x86)/cypress/psoc creator/3.1/psoc creator/import/gnu_cs/arm/4.8.4/bin/../lib/gcc/arm-none-eabi/4.8.4/armv6-m\libgcc.a(_dvmd_tls.o)
                0x00002a80                __aeabi_idiv0
                0x00002a80                __aeabi_ldiv0
 .text          0x00002a84       0x48 c:/program files (x86)/cypress/psoc creator/3.1/psoc creator/import/gnu_cs/arm/4.8.4/bin/../lib/gcc/arm-none-eabi/4.8.4/armv6-m\libgcc.a(_aeabi_ldivmod.o)
                0x00002a84                __aeabi_ldivmod
 .text          0x00002acc       0x30 c:/program files (x86)/cypress/psoc creator/3.1/psoc creator/import/gnu_cs/arm/4.8.4/bin/../lib/gcc/arm-none-eabi/4.8.4/armv6-m\libgcc.a(_fixunssfsi.o)
                0x00002acc                __fixunssfsi
                0x00002acc                __aeabi_f2uiz
 *fill*         0x00002afc        0x4 
 .text          0x00002b00       0x70 c:/program files (x86)/cypress/psoc creator/3.1/psoc creator/import/gnu_cs/arm/4.8.4/bin/../lib/gcc/arm-none-eabi/4.8.4/armv6-m\libgcc.a(_floatdisf.o)
                0x00002b00                __aeabi_l2f
                0x00002b00                __floatdisf
 .text          0x00002b70       0x6c c:/program files (x86)/cypress/psoc creator/3.1/psoc creator/import/gnu_cs/arm/4.8.4/bin/../lib/gcc/arm-none-eabi/4.8.4/armv6-m\libgcc.a(bpabi.o)
                0x00002b70                __gnu_ldivmod_helper
                0x00002ba8                __gnu_uldivmod_helper
 .text          0x00002bdc      0x2ec c:/program files (x86)/cypress/psoc creator/3.1/psoc creator/import/gnu_cs/arm/4.8.4/bin/../lib/gcc/arm-none-eabi/4.8.4/armv6-m\libgcc.a(subsf3.o)
                0x00002bdc                __aeabi_fsub
 .text          0x00002ec8       0x40 c:/program files (x86)/cypress/psoc creator/3.1/psoc creator/import/gnu_cs/arm/4.8.4/bin/../lib/gcc/arm-none-eabi/4.8.4/armv6-m\libgcc.a(fixsfsi.o)
                0x00002ec8                __aeabi_f2iz
 .text          0x00002f08      0x644 c:/program files (x86)/cypress/psoc creator/3.1/psoc creator/import/gnu_cs/arm/4.8.4/bin/../lib/gcc/arm-none-eabi/4.8.4/armv6-m\libgcc.a(adddf3.o)
                0x00002f08                __aeabi_dadd
 .text          0x0000354c      0x520 c:/program files (x86)/cypress/psoc creator/3.1/psoc creator/import/gnu_cs/arm/4.8.4/bin/../lib/gcc/arm-none-eabi/4.8.4/armv6-m\libgcc.a(muldf3.o)
                0x0000354c                __aeabi_dmul
 .text          0x00003a6c       0x7c c:/program files (x86)/cypress/psoc creator/3.1/psoc creator/import/gnu_cs/arm/4.8.4/bin/../lib/gcc/arm-none-eabi/4.8.4/armv6-m\libgcc.a(floatsidf.o)
                0x00003a6c                __aeabi_i2d
 .text          0x00003ae8       0x68 c:/program files (x86)/cypress/psoc creator/3.1/psoc creator/import/gnu_cs/arm/4.8.4/bin/../lib/gcc/arm-none-eabi/4.8.4/armv6-m\libgcc.a(floatunsidf.o)
                0x00003ae8                __aeabi_ui2d
 .text          0x00003b50      0x118 c:/program files (x86)/cypress/psoc creator/3.1/psoc creator/import/gnu_cs/arm/4.8.4/bin/../lib/gcc/arm-none-eabi/4.8.4/armv6-m\libgcc.a(truncdfsf2.o)
                0x00003b50                __aeabi_d2f
 .text          0x00003c68       0x74 c:/program files (x86)/cypress/psoc creator/3.1/psoc creator/import/gnu_cs/arm/4.8.4/bin/../lib/gcc/arm-none-eabi/4.8.4/armv6-m\libgcc.a(_arm_cmpsf2.o)
                0x00003c68                __aeabi_cfrcmple
                0x00003c70                __aeabi_cfcmpeq
                0x00003c70                __aeabi_cfcmple
                0x00003c80                __aeabi_fcmpeq
                0x00003c8c                __aeabi_fcmplt
                0x00003ca0                __aeabi_fcmple
                0x00003cb4                __aeabi_fcmpgt
                0x00003cc8                __aeabi_fcmpge
 .text          0x00003cdc       0x3c c:/program files (x86)/cypress/psoc creator/3.1/psoc creator/import/gnu_cs/arm/4.8.4/bin/../lib/gcc/arm-none-eabi/4.8.4/armv6-m\libgcc.a(_clzsi2.o)
                0x00003cdc                __clzsi2
 .text          0x00003d18       0x44 c:/program files (x86)/cypress/psoc creator/3.1/psoc creator/import/gnu_cs/arm/4.8.4/bin/../lib/gcc/arm-none-eabi/4.8.4/armv6-m\libgcc.a(_muldi3.o)
                0x00003d18                __muldi3
                0x00003d18                __aeabi_lmul
 .text          0x00003d5c      0x3b8 c:/program files (x86)/cypress/psoc creator/3.1/psoc creator/import/gnu_cs/arm/4.8.4/bin/../lib/gcc/arm-none-eabi/4.8.4/armv6-m\libgcc.a(_divdi3.o)
                0x00003d5c                __divdi3
 .text          0x00004114      0x384 c:/program files (x86)/cypress/psoc creator/3.1/psoc creator/import/gnu_cs/arm/4.8.4/bin/../lib/gcc/arm-none-eabi/4.8.4/armv6-m\libgcc.a(_udivdi3.o)
                0x00004114                __udivdi3
 .text          0x00004498       0x54 c:/program files (x86)/cypress/psoc creator/3.1/psoc creator/import/gnu_cs/arm/4.8.4/bin/../lib/gcc/arm-none-eabi/4.8.4/armv6-m\libgcc.a(eqsf2.o)
                0x00004498                __eqsf2
                0x00004498                __nesf2
 .text          0x000044ec       0x90 c:/program files (x86)/cypress/psoc creator/3.1/psoc creator/import/gnu_cs/arm/4.8.4/bin/../lib/gcc/arm-none-eabi/4.8.4/armv6-m\libgcc.a(gesf2.o)
                0x000044ec                __gesf2
                0x000044ec                __gtsf2
 .text          0x0000457c       0x98 c:/program files (x86)/cypress/psoc creator/3.1/psoc creator/import/gnu_cs/arm/4.8.4/bin/../lib/gcc/arm-none-eabi/4.8.4/armv6-m\libgcc.a(lesf2.o)
                0x0000457c                __ltsf2
                0x0000457c                __lesf2
 .text.__libc_init_array
                0x00004614       0x4c c:/program files (x86)/cypress/psoc creator/3.1/psoc creator/import/gnu_cs/arm/4.8.4/bin/../lib/gcc/arm-none-eabi/4.8.4/../../../../arm-none-eabi/lib/armv6-m\libg_s.a(lib_a-init.o)
                0x00004614                __libc_init_array
 .text.memset   0x00004660       0x10 c:/program files (x86)/cypress/psoc creator/3.1/psoc creator/import/gnu_cs/arm/4.8.4/bin/../lib/gcc/arm-none-eabi/4.8.4/../../../../arm-none-eabi/lib/armv6-m\libg_s.a(lib_a-memset.o)
                0x00004660                memset
 *(.plt)
 *(.gnu.warning)
 *(.glue_7t)
 .glue_7t       0x00000000        0x0 linker stubs
 *(.glue_7)
 .glue_7        0x00000000        0x0 linker stubs
 *(.vfp11_veneer)
 .vfp11_veneer  0x00000000        0x0 linker stubs
 *(.bootloader)
 *(.ARM.extab* .gnu.linkonce.armextab.*)
 *(.gcc_except_table)

.v4_bx          0x00004670        0x0
 .v4_bx         0x00000000        0x0 linker stubs

.iplt           0x00004670        0x0
 .iplt          0x00000000        0x0 c:/program files (x86)/cypress/psoc creator/3.1/psoc creator/import/gnu_cs/arm/4.8.4/bin/../lib/gcc/arm-none-eabi/4.8.4/armv6-m/crtbegin.o

.eh_frame_hdr
 *(.eh_frame_hdr)

.eh_frame       0x00004670        0x4
 *(.eh_frame)
 .eh_frame      0x00004670        0x0 c:/program files (x86)/cypress/psoc creator/3.1/psoc creator/import/gnu_cs/arm/4.8.4/bin/../lib/gcc/arm-none-eabi/4.8.4/armv6-m/crtbegin.o
 .eh_frame      0x00004670        0x4 c:/program files (x86)/cypress/psoc creator/3.1/psoc creator/import/gnu_cs/arm/4.8.4/bin/../lib/gcc/arm-none-eabi/4.8.4/armv6-m/crtend.o
                0x00004674                PROVIDE (__exidx_start, .)

.ARM.exidx      0x00004674        0x8
 *(.ARM.exidx* .gnu.linkonce.armexidx.*)
 .ARM.exidx     0x00004674        0x8 c:/program files (x86)/cypress/psoc creator/3.1/psoc creator/import/gnu_cs/arm/4.8.4/bin/../lib/gcc/arm-none-eabi/4.8.4/armv6-m\libgcc.a(_divdi3.o)
 .ARM.exidx     0x0000467c        0x0 c:/program files (x86)/cypress/psoc creator/3.1/psoc creator/import/gnu_cs/arm/4.8.4/bin/../lib/gcc/arm-none-eabi/4.8.4/armv6-m\libgcc.a(_udivdi3.o)
                                  0x8 (size before relaxing)
                0x0000467c                __exidx_end = .

.rodata         0x0000467c      0x1f4
 *(.rodata .rodata.* .gnu.linkonce.r.*)
 .rodata        0x0000467c        0x8 .\CortexM0\ARM_GCC_484\Debug\I2C_Class.o
 .rodata        0x00004684       0x48 .\CortexM0\ARM_GCC_484\Debug\PSoC_Master_Class.o
 .rodata        0x000046cc      0x130 .\CortexM0\ARM_GCC_484\Debug\PSoC_Master.a(cyfitter_cfg.o)
 .rodata        0x000047fc       0x40 c:/program files (x86)/cypress/psoc creator/3.1/psoc creator/import/gnu_cs/arm/4.8.4/bin/../lib/gcc/arm-none-eabi/4.8.4/armv6-m\libgcc.a(muldf3.o)
                0x0000483c                . = ALIGN (0x4)
 *(.init)
 .init          0x0000483c        0x4 c:/program files (x86)/cypress/psoc creator/3.1/psoc creator/import/gnu_cs/arm/4.8.4/bin/../lib/gcc/arm-none-eabi/4.8.4/armv6-m/crti.o
                0x0000483c                _init
 .init          0x00004840        0x8 c:/program files (x86)/cypress/psoc creator/3.1/psoc creator/import/gnu_cs/arm/4.8.4/bin/../lib/gcc/arm-none-eabi/4.8.4/armv6-m/crtn.o
                0x00004848                . = ALIGN (0x4)
                0x00004848                __preinit_array_start = .
 *(.preinit_array)
                0x00004848                __preinit_array_end = .
                0x00004848                . = ALIGN (0x4)
                0x00004848                __init_array_start = .
 *(SORT(.init_array.*))
 *(.init_array)
 .init_array    0x00004848        0x4 c:/program files (x86)/cypress/psoc creator/3.1/psoc creator/import/gnu_cs/arm/4.8.4/bin/../lib/gcc/arm-none-eabi/4.8.4/armv6-m/crtbegin.o
 .init_array    0x0000484c        0x4 .\CortexM0\ARM_GCC_484\Debug\Cm0Start.o
                0x00004850                __init_array_end = .
                0x00004850                . = ALIGN (0x4)
 *(.fini)
 .fini          0x00004850        0x4 c:/program files (x86)/cypress/psoc creator/3.1/psoc creator/import/gnu_cs/arm/4.8.4/bin/../lib/gcc/arm-none-eabi/4.8.4/armv6-m/crti.o
                0x00004850                _fini
 .fini          0x00004854        0x8 c:/program files (x86)/cypress/psoc creator/3.1/psoc creator/import/gnu_cs/arm/4.8.4/bin/../lib/gcc/arm-none-eabi/4.8.4/armv6-m/crtn.o
                0x0000485c                . = ALIGN (0x4)
                0x0000485c                __fini_array_start = .
 *(.fini_array)
 .fini_array    0x0000485c        0x4 c:/program files (x86)/cypress/psoc creator/3.1/psoc creator/import/gnu_cs/arm/4.8.4/bin/../lib/gcc/arm-none-eabi/4.8.4/armv6-m/crtbegin.o
 *(SORT(.fini_array.*))
                0x00004860                __fini_array_end = .
                0x00004860                . = ALIGN (0x4)
 *crtbegin.o(.ctors)
 *(EXCLUDE_FILE(*crtend.o) .ctors)
 *(SORT(.ctors.*))
 *crtend.o(.ctors)
                0x00004860                . = ALIGN (0x4)
 *crtbegin.o(.dtors)
 *(EXCLUDE_FILE(*crtend.o) .dtors)
 *(SORT(.dtors.*))
 *crtend.o(.dtors)
                0x00004860                . = ALIGN (0x4)
                0x00004860                __cy_regions = .
                0x00004860        0x4 LONG 0x4870 __cy_region_init_ram
                0x00004864        0x4 LONG 0x200000c8 __cy_region_start_data
                0x00004868        0x4 LONG 0x20 __cy_region_init_size_ram
                0x0000486c        0x4 LONG 0xc0 __cy_region_zero_size_ram
                0x00004870                __cy_regions_end = .
                0x00004870                . = ALIGN (0x8)
                0x00004870                _etext = .

.ramvectors     0x20000000       0xc0
                0x20000000                __cy_region_start_ram = .
 *(.ramvectors)
 .ramvectors    0x20000000       0xc0 .\CortexM0\ARM_GCC_484\Debug\Cm0Start.o
                0x20000000                CyRamVectors

.noinit         0x200000c0        0x4
 *(.noinit)
 .noinit        0x200000c0        0x4 .\CortexM0\ARM_GCC_484\Debug\Cm0Start.o

.data           0x200000c8       0x20 load address 0x00004870
                0x200000c8                __cy_region_start_data = .
 *(.jcr)
 .jcr           0x200000c8        0x0 c:/program files (x86)/cypress/psoc creator/3.1/psoc creator/import/gnu_cs/arm/4.8.4/bin/../lib/gcc/arm-none-eabi/4.8.4/armv6-m/crtbegin.o
 .jcr           0x200000c8        0x4 c:/program files (x86)/cypress/psoc creator/3.1/psoc creator/import/gnu_cs/arm/4.8.4/bin/../lib/gcc/arm-none-eabi/4.8.4/armv6-m/crtend.o
 *(.got.plt)
 *(.got)
 *(.shdata)
 *(.data .data.* .gnu.linkonce.d.*)
 .data          0x200000cc        0x4 .\CortexM0\ARM_GCC_484\Debug\I2C_Class.o
 .data          0x200000d0        0x4 .\CortexM0\ARM_GCC_484\Debug\PSoC_Master.a(cyfitter_cfg.o)
 .data          0x200000d4       0x10 .\CortexM0\ARM_GCC_484\Debug\PSoC_Master.a(CyLib.o)
                0x200000d4                cydelayFreqHz
                0x200000d8                cydelayFreqKhz
                0x200000dc                cydelayFreqMhz
                0x200000e0                cydelay32kMs
                0x200000e8                . = ALIGN (0x8)
 *fill*         0x200000e4        0x4 
 *(.ram)
                0x200000e8                _edata = .

.igot.plt       0x200000e8        0x0 load address 0x00004890
 .igot.plt      0x00000000        0x0 c:/program files (x86)/cypress/psoc creator/3.1/psoc creator/import/gnu_cs/arm/4.8.4/bin/../lib/gcc/arm-none-eabi/4.8.4/armv6-m/crtbegin.o

.bss            0x200000e8       0xc0 load address 0x00004890
                0x200000e8                PROVIDE (__bss_start__, .)
 *(.shbss)
 *(.bss .bss.* .gnu.linkonce.b.*)
 .bss           0x200000e8       0x1c c:/program files (x86)/cypress/psoc creator/3.1/psoc creator/import/gnu_cs/arm/4.8.4/bin/../lib/gcc/arm-none-eabi/4.8.4/armv6-m/crtbegin.o
 .bss           0x20000104        0x1 .\CortexM0\ARM_GCC_484\Debug\I2C_Class.o
                0x20000104                irrigationStatus
 .bss           0x20000105        0x4 .\CortexM0\ARM_GCC_484\Debug\PSoC_Master_Class.o
                0x20000105                theState
                0x20000106                irrigationIndex
                0x20000107                uartInt
                0x20000108                timerInt
 *fill*         0x20000109        0x3 
 .bss           0x2000010c        0x8 .\CortexM0\ARM_GCC_484\Debug\PSoC_Master.a(UART.o)
                0x2000010c                UART_initVar
                0x20000110                UART_customIntrHandler
 .bss           0x20000114        0x8 .\CortexM0\ARM_GCC_484\Debug\PSoC_Master.a(I2C.o)
                0x20000114                I2C_initVar
                0x20000118                I2C_customIntrHandler
 .bss           0x2000011c        0x1 .\CortexM0\ARM_GCC_484\Debug\PSoC_Master.a(Timer.o)
                0x2000011c                Timer_initVar
 *(COMMON)
 *fill*         0x2000011d        0x3 
 COMMON         0x20000120       0x48 .\CortexM0\ARM_GCC_484\Debug\DSP_Class.o
                0x20000120                tempArrayPtr
                0x20000124                temp
                0x20000128                soilHum
                0x20000130                soilHumArray
                0x20000148                soilHumPtr
                0x20000160                tempArray
 COMMON         0x20000168       0x14 .\CortexM0\ARM_GCC_484\Debug\PSoC_Master_Class.o
                0x20000168                tempSoilHum
                0x20000174                buff
                0x20000178                tempTemp
 COMMON         0x2000017c        0x1 .\CortexM0\ARM_GCC_484\Debug\PSoC_Master.a(I2C_I2C.o)
                0x2000017c                I2C_state
 *fill*         0x2000017d        0x3 
 COMMON         0x20000180       0x24 .\CortexM0\ARM_GCC_484\Debug\PSoC_Master.a(I2C_I2C_MASTER.o)
                0x20000180                I2C_mstrWrBufIndexTmp
                0x20000184                I2C_mstrWrBufIndex
                0x20000188                I2C_mstrWrBufSize
                0x2000018c                I2C_mstrStatus
                0x20000190                I2C_mstrRdBufPtr
                0x20000194                I2C_mstrControl
                0x20000198                I2C_mstrRdBufSize
                0x2000019c                I2C_mstrRdBufIndex
                0x200001a0                I2C_mstrWrBufPtr
                0x200001a8                . = ALIGN (0x8)
 *fill*         0x200001a4        0x4 
 *(.ram.b)
                0x200001a8                _end = .
                0x200001a8                __end = .
                0x200001a8                PROVIDE (end, .)
                0x200001a8                PROVIDE (__bss_end__, .)
                0x00004870                __cy_region_init_ram = LOADADDR (.data)
                0x00000020                __cy_region_init_size_ram = (_edata - ADDR (.data))
                0x000000c0                __cy_region_zero_size_ram = (_end - _edata)

.heap           0x200001a8       0x80 load address 0x00004890
                0x200001a8                . = _end
                0x20000228                . = (. + 0x80)
 *fill*         0x200001a8       0x80 
                0x20000228                __cy_heap_limit = .

.stack          0x20000c00      0x400
                0x20000c00                __cy_stack_limit = .
                0x20001000                . = (. + 0x400)
 *fill*         0x20000c00      0x400 
                0x00000001                ASSERT ((__cy_stack_limit >= __cy_heap_limit), region RAM overflowed with stack)

.cyloadermeta
 *(.cyloadermeta)

.cyloadablemeta
 *(.cyloadablemeta)

.cyflashprotect
                0x90400000       0x20
 *(.cyflashprotect)
 .cyflashprotect
                0x90400000       0x20 .\CortexM0\ARM_GCC_484\Debug\cymetadata.o
                0x90400000                cy_meta_flashprotect

.cymeta         0x90500000        0xc
 *(.cymeta)
 .cymeta        0x90500000        0xc .\CortexM0\ARM_GCC_484\Debug\cymetadata.o
                0x90500000                cy_metadata

.cychipprotect  0x90600000        0x4
 *(.cychipprotect)
 .cychipprotect
                0x90600000        0x4 .\CortexM0\ARM_GCC_484\Debug\cymetadata.o
                0x90600000                cy_meta_chipprotect

.rel.dyn        0x00004890        0x0 load address 0x90600004
 .rel.iplt      0x00000000        0x0 c:/program files (x86)/cypress/psoc creator/3.1/psoc creator/import/gnu_cs/arm/4.8.4/bin/../lib/gcc/arm-none-eabi/4.8.4/armv6-m/crtbegin.o

.stab
 *(.stab)

.stabstr
 *(.stabstr)

.debug
 *(.debug)

.line
 *(.line)

.debug_srcinfo
 *(.debug_srcinfo)

.debug_sfnames
 *(.debug_sfnames)

.debug_aranges  0x00000000      0x948
 *(.debug_aranges)
 .debug_aranges
                0x00000000       0x20 .\CortexM0\ARM_GCC_484\Debug\main.o
 .debug_aranges
                0x00000020       0x50 .\CortexM0\ARM_GCC_484\Debug\DSP_Class.o
 .debug_aranges
                0x00000070       0x58 .\CortexM0\ARM_GCC_484\Debug\I2C_Class.o
 .debug_aranges
                0x000000c8       0x40 .\CortexM0\ARM_GCC_484\Debug\PSoC_Master_Class.o
 .debug_aranges
                0x00000108       0x58 .\CortexM0\ARM_GCC_484\Debug\UART_Class.o
 .debug_aranges
                0x00000160       0x18 .\CortexM0\ARM_GCC_484\Debug\cymetadata.o
 .debug_aranges
                0x00000178       0x48 .\CortexM0\ARM_GCC_484\Debug\Cm0Start.o
 .debug_aranges
                0x000001c0       0x58 .\CortexM0\ARM_GCC_484\Debug\PSoC_Master.a(cyfitter_cfg.o)
 .debug_aranges
                0x00000218       0x80 .\CortexM0\ARM_GCC_484\Debug\PSoC_Master.a(timer_ISR.o)
 .debug_aranges
                0x00000298       0x40 .\CortexM0\ARM_GCC_484\Debug\PSoC_Master.a(RedLED.o)
 .debug_aranges
                0x000002d8       0x68 .\CortexM0\ARM_GCC_484\Debug\PSoC_Master.a(UART.o)
 .debug_aranges
                0x00000340       0x60 .\CortexM0\ARM_GCC_484\Debug\PSoC_Master.a(UART_SPI_UART.o)
 .debug_aranges
                0x000003a0       0x50 .\CortexM0\ARM_GCC_484\Debug\PSoC_Master.a(UART_UART.o)
 .debug_aranges
                0x000003f0       0x80 .\CortexM0\ARM_GCC_484\Debug\PSoC_Master.a(UART_ISR.o)
 .debug_aranges
                0x00000470       0x68 .\CortexM0\ARM_GCC_484\Debug\PSoC_Master.a(I2C.o)
 .debug_aranges
                0x000004d8       0x28 .\CortexM0\ARM_GCC_484\Debug\PSoC_Master.a(I2C_I2C.o)
 .debug_aranges
                0x00000500       0x88 .\CortexM0\ARM_GCC_484\Debug\PSoC_Master.a(I2C_I2C_MASTER.o)
 .debug_aranges
                0x00000588       0x40 .\CortexM0\ARM_GCC_484\Debug\PSoC_Master.a(BlueLED.o)
 .debug_aranges
                0x000005c8       0x90 .\CortexM0\ARM_GCC_484\Debug\PSoC_Master.a(Timer.o)
 .debug_aranges
                0x00000658       0x40 .\CortexM0\ARM_GCC_484\Debug\PSoC_Master.a(I2C_sda.o)
 .debug_aranges
                0x00000698       0x40 .\CortexM0\ARM_GCC_484\Debug\PSoC_Master.a(I2C_scl.o)
 .debug_aranges
                0x000006d8       0x20 .\CortexM0\ARM_GCC_484\Debug\PSoC_Master.a(CyBootAsmGnu.o)
 .debug_aranges
                0x000006f8      0x230 .\CortexM0\ARM_GCC_484\Debug\PSoC_Master.a(CyLib.o)
 .debug_aranges
                0x00000928       0x20 .\CortexM0\ARM_GCC_484\Debug\PSoC_Master.a(I2C_I2C_INT.o)

.debug_pubnames
 *(.debug_pubnames)

.debug_info     0x00000000     0x3c44
 *(.debug_info .gnu.linkonce.wi.*)
 .debug_info    0x00000000       0x9d .\CortexM0\ARM_GCC_484\Debug\main.o
 .debug_info    0x0000009d      0x33f .\CortexM0\ARM_GCC_484\Debug\DSP_Class.o
 .debug_info    0x000003dc      0x42d .\CortexM0\ARM_GCC_484\Debug\I2C_Class.o
 .debug_info    0x00000809      0x247 .\CortexM0\ARM_GCC_484\Debug\PSoC_Master_Class.o
 .debug_info    0x00000a50      0x1db .\CortexM0\ARM_GCC_484\Debug\UART_Class.o
 .debug_info    0x00000c2b       0xfd .\CortexM0\ARM_GCC_484\Debug\cymetadata.o
 .debug_info    0x00000d28      0x2ff .\CortexM0\ARM_GCC_484\Debug\Cm0Start.o
 .debug_info    0x00001027      0x442 .\CortexM0\ARM_GCC_484\Debug\PSoC_Master.a(cyfitter_cfg.o)
 .debug_info    0x00001469      0x244 .\CortexM0\ARM_GCC_484\Debug\PSoC_Master.a(timer_ISR.o)
 .debug_info    0x000016ad      0x14c .\CortexM0\ARM_GCC_484\Debug\PSoC_Master.a(RedLED.o)
 .debug_info    0x000017f9      0x1eb .\CortexM0\ARM_GCC_484\Debug\PSoC_Master.a(UART.o)
 .debug_info    0x000019e4      0x20d .\CortexM0\ARM_GCC_484\Debug\PSoC_Master.a(UART_SPI_UART.o)
 .debug_info    0x00001bf1      0x1fe .\CortexM0\ARM_GCC_484\Debug\PSoC_Master.a(UART_UART.o)
 .debug_info    0x00001def      0x244 .\CortexM0\ARM_GCC_484\Debug\PSoC_Master.a(UART_ISR.o)
 .debug_info    0x00002033      0x1eb .\CortexM0\ARM_GCC_484\Debug\PSoC_Master.a(I2C.o)
 .debug_info    0x0000221e      0x119 .\CortexM0\ARM_GCC_484\Debug\PSoC_Master.a(I2C_I2C.o)
 .debug_info    0x00002337      0x466 .\CortexM0\ARM_GCC_484\Debug\PSoC_Master.a(I2C_I2C_MASTER.o)
 .debug_info    0x0000279d      0x14c .\CortexM0\ARM_GCC_484\Debug\PSoC_Master.a(BlueLED.o)
 .debug_info    0x000028e9      0x252 .\CortexM0\ARM_GCC_484\Debug\PSoC_Master.a(Timer.o)
 .debug_info    0x00002b3b      0x14c .\CortexM0\ARM_GCC_484\Debug\PSoC_Master.a(I2C_sda.o)
 .debug_info    0x00002c87      0x14c .\CortexM0\ARM_GCC_484\Debug\PSoC_Master.a(I2C_scl.o)
 .debug_info    0x00002dd3       0x8e .\CortexM0\ARM_GCC_484\Debug\PSoC_Master.a(CyBootAsmGnu.o)
 .debug_info    0x00002e61      0xc5b .\CortexM0\ARM_GCC_484\Debug\PSoC_Master.a(CyLib.o)
 .debug_info    0x00003abc      0x188 .\CortexM0\ARM_GCC_484\Debug\PSoC_Master.a(I2C_I2C_INT.o)

.debug_abbrev   0x00000000     0x1762
 *(.debug_abbrev)
 .debug_abbrev  0x00000000       0x42 .\CortexM0\ARM_GCC_484\Debug\main.o
 .debug_abbrev  0x00000042      0x10e .\CortexM0\ARM_GCC_484\Debug\DSP_Class.o
 .debug_abbrev  0x00000150       0xcd .\CortexM0\ARM_GCC_484\Debug\I2C_Class.o
 .debug_abbrev  0x0000021d       0xdd .\CortexM0\ARM_GCC_484\Debug\PSoC_Master_Class.o
 .debug_abbrev  0x000002fa       0x94 .\CortexM0\ARM_GCC_484\Debug\UART_Class.o
 .debug_abbrev  0x0000038e       0x5d .\CortexM0\ARM_GCC_484\Debug\cymetadata.o
 .debug_abbrev  0x000003eb      0x1b4 .\CortexM0\ARM_GCC_484\Debug\Cm0Start.o
 .debug_abbrev  0x0000059f      0x18a .\CortexM0\ARM_GCC_484\Debug\PSoC_Master.a(cyfitter_cfg.o)
 .debug_abbrev  0x00000729      0x177 .\CortexM0\ARM_GCC_484\Debug\PSoC_Master.a(timer_ISR.o)
 .debug_abbrev  0x000008a0       0xb7 .\CortexM0\ARM_GCC_484\Debug\PSoC_Master.a(RedLED.o)
 .debug_abbrev  0x00000957      0x122 .\CortexM0\ARM_GCC_484\Debug\PSoC_Master.a(UART.o)
 .debug_abbrev  0x00000a79      0x15c .\CortexM0\ARM_GCC_484\Debug\PSoC_Master.a(UART_SPI_UART.o)
 .debug_abbrev  0x00000bd5       0xf9 .\CortexM0\ARM_GCC_484\Debug\PSoC_Master.a(UART_UART.o)
 .debug_abbrev  0x00000cce      0x177 .\CortexM0\ARM_GCC_484\Debug\PSoC_Master.a(UART_ISR.o)
 .debug_abbrev  0x00000e45      0x122 .\CortexM0\ARM_GCC_484\Debug\PSoC_Master.a(I2C.o)
 .debug_abbrev  0x00000f67       0x9d .\CortexM0\ARM_GCC_484\Debug\PSoC_Master.a(I2C_I2C.o)
 .debug_abbrev  0x00001004      0x161 .\CortexM0\ARM_GCC_484\Debug\PSoC_Master.a(I2C_I2C_MASTER.o)
 .debug_abbrev  0x00001165       0xb7 .\CortexM0\ARM_GCC_484\Debug\PSoC_Master.a(BlueLED.o)
 .debug_abbrev  0x0000121c      0x128 .\CortexM0\ARM_GCC_484\Debug\PSoC_Master.a(Timer.o)
 .debug_abbrev  0x00001344       0xb7 .\CortexM0\ARM_GCC_484\Debug\PSoC_Master.a(I2C_sda.o)
 .debug_abbrev  0x000013fb       0xb7 .\CortexM0\ARM_GCC_484\Debug\PSoC_Master.a(I2C_scl.o)
 .debug_abbrev  0x000014b2       0x14 .\CortexM0\ARM_GCC_484\Debug\PSoC_Master.a(CyBootAsmGnu.o)
 .debug_abbrev  0x000014c6      0x207 .\CortexM0\ARM_GCC_484\Debug\PSoC_Master.a(CyLib.o)
 .debug_abbrev  0x000016cd       0x95 .\CortexM0\ARM_GCC_484\Debug\PSoC_Master.a(I2C_I2C_INT.o)

.debug_line     0x00000000     0x2088
 *(.debug_line)
 .debug_line    0x00000000       0x4c .\CortexM0\ARM_GCC_484\Debug\main.o
 .debug_line    0x0000004c      0x144 .\CortexM0\ARM_GCC_484\Debug\DSP_Class.o
 .debug_line    0x00000190      0x19d .\CortexM0\ARM_GCC_484\Debug\I2C_Class.o
 .debug_line    0x0000032d      0x11b .\CortexM0\ARM_GCC_484\Debug\PSoC_Master_Class.o
 .debug_line    0x00000448      0x109 .\CortexM0\ARM_GCC_484\Debug\UART_Class.o
 .debug_line    0x00000551       0x53 .\CortexM0\ARM_GCC_484\Debug\cymetadata.o
 .debug_line    0x000005a4      0x1bb .\CortexM0\ARM_GCC_484\Debug\Cm0Start.o
 .debug_line    0x0000075f      0x1b2 .\CortexM0\ARM_GCC_484\Debug\PSoC_Master.a(cyfitter_cfg.o)
 .debug_line    0x00000911      0x148 .\CortexM0\ARM_GCC_484\Debug\PSoC_Master.a(timer_ISR.o)
 .debug_line    0x00000a59       0xac .\CortexM0\ARM_GCC_484\Debug\PSoC_Master.a(RedLED.o)
 .debug_line    0x00000b05      0x11f .\CortexM0\ARM_GCC_484\Debug\PSoC_Master.a(UART.o)
 .debug_line    0x00000c24      0x125 .\CortexM0\ARM_GCC_484\Debug\PSoC_Master.a(UART_SPI_UART.o)
 .debug_line    0x00000d49      0x101 .\CortexM0\ARM_GCC_484\Debug\PSoC_Master.a(UART_UART.o)
 .debug_line    0x00000e4a      0x157 .\CortexM0\ARM_GCC_484\Debug\PSoC_Master.a(UART_ISR.o)
 .debug_line    0x00000fa1      0x126 .\CortexM0\ARM_GCC_484\Debug\PSoC_Master.a(I2C.o)
 .debug_line    0x000010c7       0x9d .\CortexM0\ARM_GCC_484\Debug\PSoC_Master.a(I2C_I2C.o)
 .debug_line    0x00001164      0x2a4 .\CortexM0\ARM_GCC_484\Debug\PSoC_Master.a(I2C_I2C_MASTER.o)
 .debug_line    0x00001408       0xad .\CortexM0\ARM_GCC_484\Debug\PSoC_Master.a(BlueLED.o)
 .debug_line    0x000014b5      0x174 .\CortexM0\ARM_GCC_484\Debug\PSoC_Master.a(Timer.o)
 .debug_line    0x00001629       0xad .\CortexM0\ARM_GCC_484\Debug\PSoC_Master.a(I2C_sda.o)
 .debug_line    0x000016d6       0xad .\CortexM0\ARM_GCC_484\Debug\PSoC_Master.a(I2C_scl.o)
 .debug_line    0x00001783       0x69 .\CortexM0\ARM_GCC_484\Debug\PSoC_Master.a(CyBootAsmGnu.o)
 .debug_line    0x000017ec      0x703 .\CortexM0\ARM_GCC_484\Debug\PSoC_Master.a(CyLib.o)
 .debug_line    0x00001eef      0x199 .\CortexM0\ARM_GCC_484\Debug\PSoC_Master.a(I2C_I2C_INT.o)

.debug_frame    0x00000000     0x206c
 *(.debug_frame)
 .debug_frame   0x00000000       0x2c .\CortexM0\ARM_GCC_484\Debug\main.o
 .debug_frame   0x0000002c       0xfc .\CortexM0\ARM_GCC_484\Debug\DSP_Class.o
 .debug_frame   0x00000128      0x124 .\CortexM0\ARM_GCC_484\Debug\I2C_Class.o
 .debug_frame   0x0000024c       0xa8 .\CortexM0\ARM_GCC_484\Debug\PSoC_Master_Class.o
 .debug_frame   0x000002f4      0x108 .\CortexM0\ARM_GCC_484\Debug\UART_Class.o
 .debug_frame   0x000003fc       0xc8 .\CortexM0\ARM_GCC_484\Debug\Cm0Start.o
 .debug_frame   0x000004c4      0x108 .\CortexM0\ARM_GCC_484\Debug\PSoC_Master.a(cyfitter_cfg.o)
 .debug_frame   0x000005cc      0x190 .\CortexM0\ARM_GCC_484\Debug\PSoC_Master.a(timer_ISR.o)
 .debug_frame   0x0000075c       0xa8 .\CortexM0\ARM_GCC_484\Debug\PSoC_Master.a(RedLED.o)
 .debug_frame   0x00000804      0x134 .\CortexM0\ARM_GCC_484\Debug\PSoC_Master.a(UART.o)
 .debug_frame   0x00000938      0x128 .\CortexM0\ARM_GCC_484\Debug\PSoC_Master.a(UART_SPI_UART.o)
 .debug_frame   0x00000a60       0xec .\CortexM0\ARM_GCC_484\Debug\PSoC_Master.a(UART_UART.o)
 .debug_frame   0x00000b4c      0x190 .\CortexM0\ARM_GCC_484\Debug\PSoC_Master.a(UART_ISR.o)
 .debug_frame   0x00000cdc      0x134 .\CortexM0\ARM_GCC_484\Debug\PSoC_Master.a(I2C.o)
 .debug_frame   0x00000e10       0x48 .\CortexM0\ARM_GCC_484\Debug\PSoC_Master.a(I2C_I2C.o)
 .debug_frame   0x00000e58      0x1c0 .\CortexM0\ARM_GCC_484\Debug\PSoC_Master.a(I2C_I2C_MASTER.o)
 .debug_frame   0x00001018       0xa8 .\CortexM0\ARM_GCC_484\Debug\PSoC_Master.a(BlueLED.o)
 .debug_frame   0x000010c0      0x1cc .\CortexM0\ARM_GCC_484\Debug\PSoC_Master.a(Timer.o)
 .debug_frame   0x0000128c       0xa8 .\CortexM0\ARM_GCC_484\Debug\PSoC_Master.a(I2C_sda.o)
 .debug_frame   0x00001334       0xa8 .\CortexM0\ARM_GCC_484\Debug\PSoC_Master.a(I2C_scl.o)
 .debug_frame   0x000013dc      0x83c .\CortexM0\ARM_GCC_484\Debug\PSoC_Master.a(CyLib.o)
 .debug_frame   0x00001c18       0x30 .\CortexM0\ARM_GCC_484\Debug\PSoC_Master.a(I2C_I2C_INT.o)
 .debug_frame   0x00001c48       0x20 c:/program files (x86)/cypress/psoc creator/3.1/psoc creator/import/gnu_cs/arm/4.8.4/bin/../lib/gcc/arm-none-eabi/4.8.4/armv6-m\libgcc.a(_udivsi3.o)
 .debug_frame   0x00001c68       0x20 c:/program files (x86)/cypress/psoc creator/3.1/psoc creator/import/gnu_cs/arm/4.8.4/bin/../lib/gcc/arm-none-eabi/4.8.4/armv6-m\libgcc.a(_divsi3.o)
 .debug_frame   0x00001c88       0x28 c:/program files (x86)/cypress/psoc creator/3.1/psoc creator/import/gnu_cs/arm/4.8.4/bin/../lib/gcc/arm-none-eabi/4.8.4/armv6-m\libgcc.a(_fixunssfsi.o)
 .debug_frame   0x00001cb0       0x2c c:/program files (x86)/cypress/psoc creator/3.1/psoc creator/import/gnu_cs/arm/4.8.4/bin/../lib/gcc/arm-none-eabi/4.8.4/armv6-m\libgcc.a(_floatdisf.o)
 .debug_frame   0x00001cdc       0x50 c:/program files (x86)/cypress/psoc creator/3.1/psoc creator/import/gnu_cs/arm/4.8.4/bin/../lib/gcc/arm-none-eabi/4.8.4/armv6-m\libgcc.a(bpabi.o)
 .debug_frame   0x00001d2c       0x30 c:/program files (x86)/cypress/psoc creator/3.1/psoc creator/import/gnu_cs/arm/4.8.4/bin/../lib/gcc/arm-none-eabi/4.8.4/armv6-m\libgcc.a(subsf3.o)
 .debug_frame   0x00001d5c       0x20 c:/program files (x86)/cypress/psoc creator/3.1/psoc creator/import/gnu_cs/arm/4.8.4/bin/../lib/gcc/arm-none-eabi/4.8.4/armv6-m\libgcc.a(fixsfsi.o)
 .debug_frame   0x00001d7c       0x3c c:/program files (x86)/cypress/psoc creator/3.1/psoc creator/import/gnu_cs/arm/4.8.4/bin/../lib/gcc/arm-none-eabi/4.8.4/armv6-m\libgcc.a(adddf3.o)
 .debug_frame   0x00001db8       0x3c c:/program files (x86)/cypress/psoc creator/3.1/psoc creator/import/gnu_cs/arm/4.8.4/bin/../lib/gcc/arm-none-eabi/4.8.4/armv6-m\libgcc.a(muldf3.o)
 .debug_frame   0x00001df4       0x30 c:/program files (x86)/cypress/psoc creator/3.1/psoc creator/import/gnu_cs/arm/4.8.4/bin/../lib/gcc/arm-none-eabi/4.8.4/armv6-m\libgcc.a(floatsidf.o)
 .debug_frame   0x00001e24       0x28 c:/program files (x86)/cypress/psoc creator/3.1/psoc creator/import/gnu_cs/arm/4.8.4/bin/../lib/gcc/arm-none-eabi/4.8.4/armv6-m\libgcc.a(floatunsidf.o)
 .debug_frame   0x00001e4c       0x30 c:/program files (x86)/cypress/psoc creator/3.1/psoc creator/import/gnu_cs/arm/4.8.4/bin/../lib/gcc/arm-none-eabi/4.8.4/armv6-m\libgcc.a(truncdfsf2.o)
 .debug_frame   0x00001e7c       0x30 c:/program files (x86)/cypress/psoc creator/3.1/psoc creator/import/gnu_cs/arm/4.8.4/bin/../lib/gcc/arm-none-eabi/4.8.4/armv6-m\libgcc.a(_muldi3.o)
 .debug_frame   0x00001eac       0x3c c:/program files (x86)/cypress/psoc creator/3.1/psoc creator/import/gnu_cs/arm/4.8.4/bin/../lib/gcc/arm-none-eabi/4.8.4/armv6-m\libgcc.a(_divdi3.o)
 .debug_frame   0x00001ee8       0x3c c:/program files (x86)/cypress/psoc creator/3.1/psoc creator/import/gnu_cs/arm/4.8.4/bin/../lib/gcc/arm-none-eabi/4.8.4/armv6-m\libgcc.a(_udivdi3.o)
 .debug_frame   0x00001f24       0x2c c:/program files (x86)/cypress/psoc creator/3.1/psoc creator/import/gnu_cs/arm/4.8.4/bin/../lib/gcc/arm-none-eabi/4.8.4/armv6-m\libgcc.a(eqsf2.o)
 .debug_frame   0x00001f50       0x30 c:/program files (x86)/cypress/psoc creator/3.1/psoc creator/import/gnu_cs/arm/4.8.4/bin/../lib/gcc/arm-none-eabi/4.8.4/armv6-m\libgcc.a(gesf2.o)
 .debug_frame   0x00001f80       0x30 c:/program files (x86)/cypress/psoc creator/3.1/psoc creator/import/gnu_cs/arm/4.8.4/bin/../lib/gcc/arm-none-eabi/4.8.4/armv6-m\libgcc.a(lesf2.o)
 .debug_frame   0x00001fb0       0x20 c:/program files (x86)/cypress/psoc creator/3.1/psoc creator/import/gnu_cs/arm/4.8.4/bin/../lib/gcc/arm-none-eabi/4.8.4/../../../../arm-none-eabi/lib/armv6-m\libg_s.a(lib_a-errno.o)
 .debug_frame   0x00001fd0       0x28 c:/program files (x86)/cypress/psoc creator/3.1/psoc creator/import/gnu_cs/arm/4.8.4/bin/../lib/gcc/arm-none-eabi/4.8.4/../../../../arm-none-eabi/lib/armv6-m\libg_s.a(lib_a-exit.o)
 .debug_frame   0x00001ff8       0x2c c:/program files (x86)/cypress/psoc creator/3.1/psoc creator/import/gnu_cs/arm/4.8.4/bin/../lib/gcc/arm-none-eabi/4.8.4/../../../../arm-none-eabi/lib/armv6-m\libg_s.a(lib_a-init.o)
 .debug_frame   0x00002024       0x28 c:/program files (x86)/cypress/psoc creator/3.1/psoc creator/import/gnu_cs/arm/4.8.4/bin/../lib/gcc/arm-none-eabi/4.8.4/../../../../arm-none-eabi/lib/armv6-m\libg_s.a(lib_a-memcpy-stub.o)
 .debug_frame   0x0000204c       0x20 c:/program files (x86)/cypress/psoc creator/3.1/psoc creator/import/gnu_cs/arm/4.8.4/bin/../lib/gcc/arm-none-eabi/4.8.4/../../../../arm-none-eabi/lib/armv6-m\libg_s.a(lib_a-memset.o)

.debug_str      0x00000000     0x1ba2
 *(.debug_str)
 .debug_str     0x00000000      0x12e .\CortexM0\ARM_GCC_484\Debug\main.o
                                0x167 (size before relaxing)
 .debug_str     0x0000012e       0xc0 .\CortexM0\ARM_GCC_484\Debug\DSP_Class.o
                                0x225 (size before relaxing)
 .debug_str     0x000001ee      0x142 .\CortexM0\ARM_GCC_484\Debug\I2C_Class.o
                                0x2ca (size before relaxing)
 .debug_str     0x00000330       0xda .\CortexM0\ARM_GCC_484\Debug\PSoC_Master_Class.o
                                0x25c (size before relaxing)
 .debug_str     0x0000040a       0x97 .\CortexM0\ARM_GCC_484\Debug\UART_Class.o
                                0x21b (size before relaxing)
 .debug_str     0x000004a1       0x5b .\CortexM0\ARM_GCC_484\Debug\cymetadata.o
                                0x1ba (size before relaxing)
 .debug_str     0x000004fc      0x12f .\CortexM0\ARM_GCC_484\Debug\Cm0Start.o
                                0x2a8 (size before relaxing)
 .debug_str     0x0000062b      0x199 .\CortexM0\ARM_GCC_484\Debug\PSoC_Master.a(cyfitter_cfg.o)
                                0x342 (size before relaxing)
 .debug_str     0x000007c4      0x138 .\CortexM0\ARM_GCC_484\Debug\PSoC_Master.a(timer_ISR.o)
                                0x2d5 (size before relaxing)
 .debug_str     0x000008fc       0x90 .\CortexM0\ARM_GCC_484\Debug\PSoC_Master.a(RedLED.o)
                                0x1f9 (size before relaxing)
 .debug_str     0x0000098c      0x117 .\CortexM0\ARM_GCC_484\Debug\PSoC_Master.a(UART.o)
                                0x290 (size before relaxing)
 .debug_str     0x00000aa3      0x137 .\CortexM0\ARM_GCC_484\Debug\PSoC_Master.a(UART_SPI_UART.o)
                                0x2ae (size before relaxing)
 .debug_str     0x00000bda       0xe9 .\CortexM0\ARM_GCC_484\Debug\PSoC_Master.a(UART_UART.o)
                                0x26c (size before relaxing)
 .debug_str     0x00000cc3      0x112 .\CortexM0\ARM_GCC_484\Debug\PSoC_Master.a(UART_ISR.o)
                                0x2c7 (size before relaxing)
 .debug_str     0x00000dd5       0xe9 .\CortexM0\ARM_GCC_484\Debug\PSoC_Master.a(I2C.o)
                                0x283 (size before relaxing)
 .debug_str     0x00000ebe       0x7a .\CortexM0\ARM_GCC_484\Debug\PSoC_Master.a(I2C_I2C.o)
                                0x1ed (size before relaxing)
 .debug_str     0x00000f38      0x22c .\CortexM0\ARM_GCC_484\Debug\PSoC_Master.a(I2C_I2C_MASTER.o)
                                0x3ea (size before relaxing)
 .debug_str     0x00001164       0x7e .\CortexM0\ARM_GCC_484\Debug\PSoC_Master.a(BlueLED.o)
                                0x1ff (size before relaxing)
 .debug_str     0x000011e2      0x176 .\CortexM0\ARM_GCC_484\Debug\PSoC_Master.a(Timer.o)
                                0x2ee (size before relaxing)
 .debug_str     0x00001358       0x7e .\CortexM0\ARM_GCC_484\Debug\PSoC_Master.a(I2C_sda.o)
                                0x1ff (size before relaxing)
 .debug_str     0x000013d6       0x7e .\CortexM0\ARM_GCC_484\Debug\PSoC_Master.a(I2C_scl.o)
                                0x1ff (size before relaxing)
 .debug_str     0x00001454      0x705 .\CortexM0\ARM_GCC_484\Debug\PSoC_Master.a(CyLib.o)
                                0x8c1 (size before relaxing)
 .debug_str     0x00001b59       0x49 .\CortexM0\ARM_GCC_484\Debug\PSoC_Master.a(I2C_I2C_INT.o)
                                0x28a (size before relaxing)

.debug_loc
 *(.debug_loc)

.debug_macinfo
 *(.debug_macinfo)

.debug_ranges   0x00000000      0x7b0
 *(.debug_ranges)
 .debug_ranges  0x00000000       0x10 .\CortexM0\ARM_GCC_484\Debug\main.o
 .debug_ranges  0x00000010       0x40 .\CortexM0\ARM_GCC_484\Debug\DSP_Class.o
 .debug_ranges  0x00000050       0x48 .\CortexM0\ARM_GCC_484\Debug\I2C_Class.o
 .debug_ranges  0x00000098       0x30 .\CortexM0\ARM_GCC_484\Debug\PSoC_Master_Class.o
 .debug_ranges  0x000000c8       0x48 .\CortexM0\ARM_GCC_484\Debug\UART_Class.o
 .debug_ranges  0x00000110       0x38 .\CortexM0\ARM_GCC_484\Debug\Cm0Start.o
 .debug_ranges  0x00000148       0x48 .\CortexM0\ARM_GCC_484\Debug\PSoC_Master.a(cyfitter_cfg.o)
 .debug_ranges  0x00000190       0x70 .\CortexM0\ARM_GCC_484\Debug\PSoC_Master.a(timer_ISR.o)
 .debug_ranges  0x00000200       0x30 .\CortexM0\ARM_GCC_484\Debug\PSoC_Master.a(RedLED.o)
 .debug_ranges  0x00000230       0x58 .\CortexM0\ARM_GCC_484\Debug\PSoC_Master.a(UART.o)
 .debug_ranges  0x00000288       0x50 .\CortexM0\ARM_GCC_484\Debug\PSoC_Master.a(UART_SPI_UART.o)
 .debug_ranges  0x000002d8       0x40 .\CortexM0\ARM_GCC_484\Debug\PSoC_Master.a(UART_UART.o)
 .debug_ranges  0x00000318       0x70 .\CortexM0\ARM_GCC_484\Debug\PSoC_Master.a(UART_ISR.o)
 .debug_ranges  0x00000388       0x58 .\CortexM0\ARM_GCC_484\Debug\PSoC_Master.a(I2C.o)
 .debug_ranges  0x000003e0       0x18 .\CortexM0\ARM_GCC_484\Debug\PSoC_Master.a(I2C_I2C.o)
 .debug_ranges  0x000003f8       0x78 .\CortexM0\ARM_GCC_484\Debug\PSoC_Master.a(I2C_I2C_MASTER.o)
 .debug_ranges  0x00000470       0x30 .\CortexM0\ARM_GCC_484\Debug\PSoC_Master.a(BlueLED.o)
 .debug_ranges  0x000004a0       0x80 .\CortexM0\ARM_GCC_484\Debug\PSoC_Master.a(Timer.o)
 .debug_ranges  0x00000520       0x30 .\CortexM0\ARM_GCC_484\Debug\PSoC_Master.a(I2C_sda.o)
 .debug_ranges  0x00000550       0x30 .\CortexM0\ARM_GCC_484\Debug\PSoC_Master.a(I2C_scl.o)
 .debug_ranges  0x00000580      0x220 .\CortexM0\ARM_GCC_484\Debug\PSoC_Master.a(CyLib.o)
 .debug_ranges  0x000007a0       0x10 .\CortexM0\ARM_GCC_484\Debug\PSoC_Master.a(I2C_I2C_INT.o)

.comment        0x00000000       0x70
 .comment       0x00000000       0x70 .\CortexM0\ARM_GCC_484\Debug\main.o
                                 0x71 (size before relaxing)
 .comment       0x00000000       0x71 .\CortexM0\ARM_GCC_484\Debug\DSP_Class.o
 .comment       0x00000000       0x71 .\CortexM0\ARM_GCC_484\Debug\I2C_Class.o
 .comment       0x00000000       0x71 .\CortexM0\ARM_GCC_484\Debug\PSoC_Master_Class.o
 .comment       0x00000000       0x71 .\CortexM0\ARM_GCC_484\Debug\UART_Class.o
 .comment       0x00000000       0x71 .\CortexM0\ARM_GCC_484\Debug\cymetadata.o
 .comment       0x00000000       0x71 .\CortexM0\ARM_GCC_484\Debug\Cm0Start.o
 .comment       0x00000000       0x71 .\CortexM0\ARM_GCC_484\Debug\PSoC_Master.a(cyfitter_cfg.o)
 .comment       0x00000000       0x71 .\CortexM0\ARM_GCC_484\Debug\PSoC_Master.a(timer_ISR.o)
 .comment       0x00000000       0x71 .\CortexM0\ARM_GCC_484\Debug\PSoC_Master.a(RedLED.o)
 .comment       0x00000000       0x71 .\CortexM0\ARM_GCC_484\Debug\PSoC_Master.a(UART.o)
 .comment       0x00000000       0x71 .\CortexM0\ARM_GCC_484\Debug\PSoC_Master.a(UART_SPI_UART.o)
 .comment       0x00000000       0x71 .\CortexM0\ARM_GCC_484\Debug\PSoC_Master.a(UART_UART.o)
 .comment       0x00000000       0x71 .\CortexM0\ARM_GCC_484\Debug\PSoC_Master.a(UART_ISR.o)
 .comment       0x00000000       0x71 .\CortexM0\ARM_GCC_484\Debug\PSoC_Master.a(I2C.o)
 .comment       0x00000000       0x71 .\CortexM0\ARM_GCC_484\Debug\PSoC_Master.a(I2C_I2C.o)
 .comment       0x00000000       0x71 .\CortexM0\ARM_GCC_484\Debug\PSoC_Master.a(I2C_I2C_MASTER.o)
 .comment       0x00000000       0x71 .\CortexM0\ARM_GCC_484\Debug\PSoC_Master.a(BlueLED.o)
 .comment       0x00000000       0x71 .\CortexM0\ARM_GCC_484\Debug\PSoC_Master.a(Timer.o)
 .comment       0x00000000       0x71 .\CortexM0\ARM_GCC_484\Debug\PSoC_Master.a(I2C_sda.o)
 .comment       0x00000000       0x71 .\CortexM0\ARM_GCC_484\Debug\PSoC_Master.a(I2C_scl.o)
 .comment       0x00000000       0x71 .\CortexM0\ARM_GCC_484\Debug\PSoC_Master.a(CyLib.o)
 .comment       0x00000000       0x71 .\CortexM0\ARM_GCC_484\Debug\PSoC_Master.a(I2C_I2C_INT.o)

.debug_weaknames
 *(.debug_weaknames)

.debug_funcnames
 *(.debug_funcnames)

.debug_typenames
 *(.debug_typenames)

.debug_varnames
 *(.debug_varnames)

.note.gnu.arm.ident
 *(.note.gnu.arm.ident)

.ARM.attributes
                0x00000000       0x28
 *(.ARM.attributes)
 .ARM.attributes
                0x00000000       0x1e c:/program files (x86)/cypress/psoc creator/3.1/psoc creator/import/gnu_cs/arm/4.8.4/bin/../lib/gcc/arm-none-eabi/4.8.4/armv6-m/crti.o
 .ARM.attributes
                0x0000001e       0x2c c:/program files (x86)/cypress/psoc creator/3.1/psoc creator/import/gnu_cs/arm/4.8.4/bin/../lib/gcc/arm-none-eabi/4.8.4/armv6-m/crtbegin.o
 .ARM.attributes
                0x0000004a       0x1b c:/program files (x86)/cypress/psoc creator/3.1/psoc creator/import/gnu_cs/arm/4.8.4/bin/../lib/gcc/arm-none-eabi/4.8.4/../../../../arm-none-eabi/lib/armv6-m/crt0.o
 .ARM.attributes
                0x00000065       0x31 .\CortexM0\ARM_GCC_484\Debug\main.o
 .ARM.attributes
                0x00000096       0x31 .\CortexM0\ARM_GCC_484\Debug\DSP_Class.o
 .ARM.attributes
                0x000000c7       0x31 .\CortexM0\ARM_GCC_484\Debug\I2C_Class.o
 .ARM.attributes
                0x000000f8       0x31 .\CortexM0\ARM_GCC_484\Debug\PSoC_Master_Class.o
 .ARM.attributes
                0x00000129       0x31 .\CortexM0\ARM_GCC_484\Debug\UART_Class.o
 .ARM.attributes
                0x0000015a       0x31 .\CortexM0\ARM_GCC_484\Debug\cymetadata.o
 .ARM.attributes
                0x0000018b       0x31 .\CortexM0\ARM_GCC_484\Debug\Cm0Start.o
 .ARM.attributes
                0x000001bc       0x31 .\CortexM0\ARM_GCC_484\Debug\PSoC_Master.a(cyfitter_cfg.o)
 .ARM.attributes
                0x000001ed       0x31 .\CortexM0\ARM_GCC_484\Debug\PSoC_Master.a(timer_ISR.o)
 .ARM.attributes
                0x0000021e       0x31 .\CortexM0\ARM_GCC_484\Debug\PSoC_Master.a(RedLED.o)
 .ARM.attributes
                0x0000024f       0x31 .\CortexM0\ARM_GCC_484\Debug\PSoC_Master.a(UART.o)
 .ARM.attributes
                0x00000280       0x31 .\CortexM0\ARM_GCC_484\Debug\PSoC_Master.a(UART_SPI_UART.o)
 .ARM.attributes
                0x000002b1       0x31 .\CortexM0\ARM_GCC_484\Debug\PSoC_Master.a(UART_UART.o)
 .ARM.attributes
                0x000002e2       0x31 .\CortexM0\ARM_GCC_484\Debug\PSoC_Master.a(UART_ISR.o)
 .ARM.attributes
                0x00000313       0x31 .\CortexM0\ARM_GCC_484\Debug\PSoC_Master.a(I2C.o)
 .ARM.attributes
                0x00000344       0x31 .\CortexM0\ARM_GCC_484\Debug\PSoC_Master.a(I2C_I2C.o)
 .ARM.attributes
                0x00000375       0x31 .\CortexM0\ARM_GCC_484\Debug\PSoC_Master.a(I2C_I2C_MASTER.o)
 .ARM.attributes
                0x000003a6       0x31 .\CortexM0\ARM_GCC_484\Debug\PSoC_Master.a(BlueLED.o)
 .ARM.attributes
                0x000003d7       0x31 .\CortexM0\ARM_GCC_484\Debug\PSoC_Master.a(Timer.o)
 .ARM.attributes
                0x00000408       0x31 .\CortexM0\ARM_GCC_484\Debug\PSoC_Master.a(I2C_sda.o)
 .ARM.attributes
                0x00000439       0x31 .\CortexM0\ARM_GCC_484\Debug\PSoC_Master.a(I2C_scl.o)
 .ARM.attributes
                0x0000046a       0x21 .\CortexM0\ARM_GCC_484\Debug\PSoC_Master.a(CyBootAsmGnu.o)
 .ARM.attributes
                0x0000048b       0x31 .\CortexM0\ARM_GCC_484\Debug\PSoC_Master.a(CyLib.o)
 .ARM.attributes
                0x000004bc       0x31 .\CortexM0\ARM_GCC_484\Debug\PSoC_Master.a(I2C_I2C_INT.o)
 .ARM.attributes
                0x000004ed       0x1e c:/program files (x86)/cypress/psoc creator/3.1/psoc creator/import/gnu_cs/arm/4.8.4/bin/../lib/gcc/arm-none-eabi/4.8.4/armv6-m\libgcc.a(_udivsi3.o)
 .ARM.attributes
                0x0000050b       0x1e c:/program files (x86)/cypress/psoc creator/3.1/psoc creator/import/gnu_cs/arm/4.8.4/bin/../lib/gcc/arm-none-eabi/4.8.4/armv6-m\libgcc.a(_divsi3.o)
 .ARM.attributes
                0x00000529       0x1e c:/program files (x86)/cypress/psoc creator/3.1/psoc creator/import/gnu_cs/arm/4.8.4/bin/../lib/gcc/arm-none-eabi/4.8.4/armv6-m\libgcc.a(_dvmd_tls.o)
 .ARM.attributes
                0x00000547       0x1e c:/program files (x86)/cypress/psoc creator/3.1/psoc creator/import/gnu_cs/arm/4.8.4/bin/../lib/gcc/arm-none-eabi/4.8.4/armv6-m\libgcc.a(_aeabi_ldivmod.o)
 .ARM.attributes
                0x00000565       0x2c c:/program files (x86)/cypress/psoc creator/3.1/psoc creator/import/gnu_cs/arm/4.8.4/bin/../lib/gcc/arm-none-eabi/4.8.4/armv6-m\libgcc.a(_fixunssfsi.o)
 .ARM.attributes
                0x00000591       0x2c c:/program files (x86)/cypress/psoc creator/3.1/psoc creator/import/gnu_cs/arm/4.8.4/bin/../lib/gcc/arm-none-eabi/4.8.4/armv6-m\libgcc.a(_floatdisf.o)
 .ARM.attributes
                0x000005bd       0x2c c:/program files (x86)/cypress/psoc creator/3.1/psoc creator/import/gnu_cs/arm/4.8.4/bin/../lib/gcc/arm-none-eabi/4.8.4/armv6-m\libgcc.a(bpabi.o)
 .ARM.attributes
                0x000005e9       0x2c c:/program files (x86)/cypress/psoc creator/3.1/psoc creator/import/gnu_cs/arm/4.8.4/bin/../lib/gcc/arm-none-eabi/4.8.4/armv6-m\libgcc.a(subsf3.o)
 .ARM.attributes
                0x00000615       0x2c c:/program files (x86)/cypress/psoc creator/3.1/psoc creator/import/gnu_cs/arm/4.8.4/bin/../lib/gcc/arm-none-eabi/4.8.4/armv6-m\libgcc.a(fixsfsi.o)
 .ARM.attributes
                0x00000641       0x2c c:/program files (x86)/cypress/psoc creator/3.1/psoc creator/import/gnu_cs/arm/4.8.4/bin/../lib/gcc/arm-none-eabi/4.8.4/armv6-m\libgcc.a(adddf3.o)
 .ARM.attributes
                0x0000066d       0x2c c:/program files (x86)/cypress/psoc creator/3.1/psoc creator/import/gnu_cs/arm/4.8.4/bin/../lib/gcc/arm-none-eabi/4.8.4/armv6-m\libgcc.a(muldf3.o)
 .ARM.attributes
                0x00000699       0x2c c:/program files (x86)/cypress/psoc creator/3.1/psoc creator/import/gnu_cs/arm/4.8.4/bin/../lib/gcc/arm-none-eabi/4.8.4/armv6-m\libgcc.a(floatsidf.o)
 .ARM.attributes
                0x000006c5       0x2c c:/program files (x86)/cypress/psoc creator/3.1/psoc creator/import/gnu_cs/arm/4.8.4/bin/../lib/gcc/arm-none-eabi/4.8.4/armv6-m\libgcc.a(floatunsidf.o)
 .ARM.attributes
                0x000006f1       0x2c c:/program files (x86)/cypress/psoc creator/3.1/psoc creator/import/gnu_cs/arm/4.8.4/bin/../lib/gcc/arm-none-eabi/4.8.4/armv6-m\libgcc.a(truncdfsf2.o)
 .ARM.attributes
                0x0000071d       0x1e c:/program files (x86)/cypress/psoc creator/3.1/psoc creator/import/gnu_cs/arm/4.8.4/bin/../lib/gcc/arm-none-eabi/4.8.4/armv6-m\libgcc.a(_arm_cmpsf2.o)
 .ARM.attributes
                0x0000073b       0x1e c:/program files (x86)/cypress/psoc creator/3.1/psoc creator/import/gnu_cs/arm/4.8.4/bin/../lib/gcc/arm-none-eabi/4.8.4/armv6-m\libgcc.a(_clzsi2.o)
 .ARM.attributes
                0x00000759       0x2c c:/program files (x86)/cypress/psoc creator/3.1/psoc creator/import/gnu_cs/arm/4.8.4/bin/../lib/gcc/arm-none-eabi/4.8.4/armv6-m\libgcc.a(_muldi3.o)
 .ARM.attributes
                0x00000785       0x2c c:/program files (x86)/cypress/psoc creator/3.1/psoc creator/import/gnu_cs/arm/4.8.4/bin/../lib/gcc/arm-none-eabi/4.8.4/armv6-m\libgcc.a(_divdi3.o)
 .ARM.attributes
                0x000007b1       0x2c c:/program files (x86)/cypress/psoc creator/3.1/psoc creator/import/gnu_cs/arm/4.8.4/bin/../lib/gcc/arm-none-eabi/4.8.4/armv6-m\libgcc.a(_udivdi3.o)
 .ARM.attributes
                0x000007dd       0x2c c:/program files (x86)/cypress/psoc creator/3.1/psoc creator/import/gnu_cs/arm/4.8.4/bin/../lib/gcc/arm-none-eabi/4.8.4/armv6-m\libgcc.a(eqsf2.o)
 .ARM.attributes
                0x00000809       0x2c c:/program files (x86)/cypress/psoc creator/3.1/psoc creator/import/gnu_cs/arm/4.8.4/bin/../lib/gcc/arm-none-eabi/4.8.4/armv6-m\libgcc.a(gesf2.o)
 .ARM.attributes
                0x00000835       0x2c c:/program files (x86)/cypress/psoc creator/3.1/psoc creator/import/gnu_cs/arm/4.8.4/bin/../lib/gcc/arm-none-eabi/4.8.4/armv6-m\libgcc.a(lesf2.o)
 .ARM.attributes
                0x00000861       0x2c c:/program files (x86)/cypress/psoc creator/3.1/psoc creator/import/gnu_cs/arm/4.8.4/bin/../lib/gcc/arm-none-eabi/4.8.4/../../../../arm-none-eabi/lib/armv6-m\libg_s.a(lib_a-errno.o)
 .ARM.attributes
                0x0000088d       0x2c c:/program files (x86)/cypress/psoc creator/3.1/psoc creator/import/gnu_cs/arm/4.8.4/bin/../lib/gcc/arm-none-eabi/4.8.4/../../../../arm-none-eabi/lib/armv6-m\libg_s.a(lib_a-exit.o)
 .ARM.attributes
                0x000008b9       0x2c c:/program files (x86)/cypress/psoc creator/3.1/psoc creator/import/gnu_cs/arm/4.8.4/bin/../lib/gcc/arm-none-eabi/4.8.4/../../../../arm-none-eabi/lib/armv6-m\libg_s.a(lib_a-impure.o)
 .ARM.attributes
                0x000008e5       0x2c c:/program files (x86)/cypress/psoc creator/3.1/psoc creator/import/gnu_cs/arm/4.8.4/bin/../lib/gcc/arm-none-eabi/4.8.4/../../../../arm-none-eabi/lib/armv6-m\libg_s.a(lib_a-init.o)
 .ARM.attributes
                0x00000911       0x2c c:/program files (x86)/cypress/psoc creator/3.1/psoc creator/import/gnu_cs/arm/4.8.4/bin/../lib/gcc/arm-none-eabi/4.8.4/../../../../arm-none-eabi/lib/armv6-m\libg_s.a(lib_a-memcpy-stub.o)
 .ARM.attributes
                0x0000093d       0x2c c:/program files (x86)/cypress/psoc creator/3.1/psoc creator/import/gnu_cs/arm/4.8.4/bin/../lib/gcc/arm-none-eabi/4.8.4/../../../../arm-none-eabi/lib/armv6-m\libg_s.a(lib_a-memset.o)
 .ARM.attributes
                0x00000969       0x2c c:/program files (x86)/cypress/psoc creator/3.1/psoc creator/import/gnu_cs/arm/4.8.4/bin/../lib/gcc/arm-none-eabi/4.8.4/armv6-m/crtend.o
 .ARM.attributes
                0x00000995       0x1e c:/program files (x86)/cypress/psoc creator/3.1/psoc creator/import/gnu_cs/arm/4.8.4/bin/../lib/gcc/arm-none-eabi/4.8.4/armv6-m/crtn.o

/DISCARD/
 *(.note.GNU-stack)
OUTPUT(.\CortexM0\ARM_GCC_484\Debug\PSoC_Master.elf elf32-littlearm)
